ARM GAS  C:\Users\atsu\AppData\Local\Temp\ccE1lGHZ.s 			page 1


   1              		.cpu cortex-m0
   2              		.fpu softvfp
   3              		.eabi_attribute 20, 1
   4              		.eabi_attribute 21, 1
   5              		.eabi_attribute 23, 3
   6              		.eabi_attribute 24, 1
   7              		.eabi_attribute 25, 1
   8              		.eabi_attribute 26, 1
   9              		.eabi_attribute 30, 4
  10              		.eabi_attribute 34, 0
  11              		.eabi_attribute 18, 4
  12              		.code	16
  13              		.file	"Cm0Start.c"
  14              		.text
  15              	.Ltext0:
  16              		.cfi_sections	.debug_frame
  17              		.section	.text.IntDefaultHandler,"ax",%progbits
  18              		.align	1
  19              		.global	IntDefaultHandler
  20              		.code	16
  21              		.thumb_func
  22              		.type	IntDefaultHandler, %function
  23              	IntDefaultHandler:
  24              	.LFB0:
  25              		.file 1 ".\\Generated_Source\\PSoC4\\Cm0Start.c"
   1:.\Generated_Source\PSoC4/Cm0Start.c **** /*******************************************************************************
   2:.\Generated_Source\PSoC4/Cm0Start.c **** * File Name: Cm0Start.c
   3:.\Generated_Source\PSoC4/Cm0Start.c **** * Version 4.0
   4:.\Generated_Source\PSoC4/Cm0Start.c **** *
   5:.\Generated_Source\PSoC4/Cm0Start.c **** *  Description:
   6:.\Generated_Source\PSoC4/Cm0Start.c **** *  Startup code for the ARM CM0.
   7:.\Generated_Source\PSoC4/Cm0Start.c **** *
   8:.\Generated_Source\PSoC4/Cm0Start.c **** ********************************************************************************
   9:.\Generated_Source\PSoC4/Cm0Start.c **** * Copyright 2010-2013, Cypress Semiconductor Corporation.  All rights reserved.
  10:.\Generated_Source\PSoC4/Cm0Start.c **** * You may use this file only in accordance with the license, terms, conditions,
  11:.\Generated_Source\PSoC4/Cm0Start.c **** * disclaimers, and limitations in the end user license agreement accompanying
  12:.\Generated_Source\PSoC4/Cm0Start.c **** * the software package with which this file was provided.
  13:.\Generated_Source\PSoC4/Cm0Start.c **** *******************************************************************************/
  14:.\Generated_Source\PSoC4/Cm0Start.c **** 
  15:.\Generated_Source\PSoC4/Cm0Start.c **** #include <limits.h>
  16:.\Generated_Source\PSoC4/Cm0Start.c **** #include "cydevice_trm.h"
  17:.\Generated_Source\PSoC4/Cm0Start.c **** #include "cytypes.h"
  18:.\Generated_Source\PSoC4/Cm0Start.c **** #include "cyfitter_cfg.h"
  19:.\Generated_Source\PSoC4/Cm0Start.c **** #include "CyLib.h"
  20:.\Generated_Source\PSoC4/Cm0Start.c **** #include "cyfitter.h"
  21:.\Generated_Source\PSoC4/Cm0Start.c **** 
  22:.\Generated_Source\PSoC4/Cm0Start.c **** #define CY_NUM_VECTORS              (CY_INT_IRQ_BASE + CY_NUM_INTERRUPTS)
  23:.\Generated_Source\PSoC4/Cm0Start.c **** #define CY_CPUSS_CONFIG             ((reg32 *) CYREG_CPUSS_CONFIG)
  24:.\Generated_Source\PSoC4/Cm0Start.c **** 
  25:.\Generated_Source\PSoC4/Cm0Start.c **** #if defined (__ICCARM__)
  26:.\Generated_Source\PSoC4/Cm0Start.c ****     #define CY_NUM_ROM_VECTORS      (CY_NUM_VECTORS)
  27:.\Generated_Source\PSoC4/Cm0Start.c **** #else
  28:.\Generated_Source\PSoC4/Cm0Start.c ****     #define CY_NUM_ROM_VECTORS      (4u)
  29:.\Generated_Source\PSoC4/Cm0Start.c **** #endif  /* defined (__ICCARM__) */
  30:.\Generated_Source\PSoC4/Cm0Start.c **** 
  31:.\Generated_Source\PSoC4/Cm0Start.c **** #if defined(__ARMCC_VERSION)
  32:.\Generated_Source\PSoC4/Cm0Start.c ****     #define INITIAL_STACK_POINTER ((cyisraddress)(uint32)&Image$$ARM_LIB_STACK$$ZI$$Limit)
ARM GAS  C:\Users\atsu\AppData\Local\Temp\ccE1lGHZ.s 			page 2


  33:.\Generated_Source\PSoC4/Cm0Start.c **** #elif defined (__GNUC__)
  34:.\Generated_Source\PSoC4/Cm0Start.c ****     #define INITIAL_STACK_POINTER (&__cy_stack)
  35:.\Generated_Source\PSoC4/Cm0Start.c **** #elif defined (__ICCARM__)
  36:.\Generated_Source\PSoC4/Cm0Start.c ****     #pragma language=extended
  37:.\Generated_Source\PSoC4/Cm0Start.c ****     #pragma segment="CSTACK"
  38:.\Generated_Source\PSoC4/Cm0Start.c ****     #define INITIAL_STACK_POINTER  { .__ptr = __sfe( "CSTACK" ) }
  39:.\Generated_Source\PSoC4/Cm0Start.c **** 
  40:.\Generated_Source\PSoC4/Cm0Start.c ****     extern void __iar_program_start( void );
  41:.\Generated_Source\PSoC4/Cm0Start.c ****     extern void __iar_data_init3 (void);
  42:.\Generated_Source\PSoC4/Cm0Start.c **** #endif  /* (__ARMCC_VERSION) */
  43:.\Generated_Source\PSoC4/Cm0Start.c **** 
  44:.\Generated_Source\PSoC4/Cm0Start.c **** /* Extern functions */
  45:.\Generated_Source\PSoC4/Cm0Start.c **** extern void CyBtldr_CheckLaunch(void);
  46:.\Generated_Source\PSoC4/Cm0Start.c **** 
  47:.\Generated_Source\PSoC4/Cm0Start.c **** /* Function prototypes */
  48:.\Generated_Source\PSoC4/Cm0Start.c **** void initialize_psoc(void);
  49:.\Generated_Source\PSoC4/Cm0Start.c **** 
  50:.\Generated_Source\PSoC4/Cm0Start.c **** /* Global variables */
  51:.\Generated_Source\PSoC4/Cm0Start.c **** #if !defined (__ICCARM__)
  52:.\Generated_Source\PSoC4/Cm0Start.c ****     CY_NOINIT static uint32 cySysNoInitDataValid;
  53:.\Generated_Source\PSoC4/Cm0Start.c **** #endif  /* !defined (__ICCARM__) */
  54:.\Generated_Source\PSoC4/Cm0Start.c **** 
  55:.\Generated_Source\PSoC4/Cm0Start.c **** 
  56:.\Generated_Source\PSoC4/Cm0Start.c **** #if (CYDEV_PROJ_TYPE != CYDEV_PROJ_TYPE_STANDARD)
  57:.\Generated_Source\PSoC4/Cm0Start.c **** 
  58:.\Generated_Source\PSoC4/Cm0Start.c ****     /*******************************************************************************
  59:.\Generated_Source\PSoC4/Cm0Start.c ****     This variable is used by Bootloader/Bootloadable components to schedule
  60:.\Generated_Source\PSoC4/Cm0Start.c ****     what application will be started after software reset.
  61:.\Generated_Source\PSoC4/Cm0Start.c ****     *******************************************************************************/
  62:.\Generated_Source\PSoC4/Cm0Start.c ****     #if (__ARMCC_VERSION)
  63:.\Generated_Source\PSoC4/Cm0Start.c ****         __attribute__ ((section(".bootloaderruntype"), zero_init))
  64:.\Generated_Source\PSoC4/Cm0Start.c ****     #elif defined (__GNUC__)
  65:.\Generated_Source\PSoC4/Cm0Start.c ****         __attribute__ ((section(".bootloaderruntype")))
  66:.\Generated_Source\PSoC4/Cm0Start.c ****     #elif defined (__ICCARM__)
  67:.\Generated_Source\PSoC4/Cm0Start.c ****         #pragma location=".bootloaderruntype"
  68:.\Generated_Source\PSoC4/Cm0Start.c ****     #endif
  69:.\Generated_Source\PSoC4/Cm0Start.c ****     volatile uint32 cyBtldrRunType;
  70:.\Generated_Source\PSoC4/Cm0Start.c **** 
  71:.\Generated_Source\PSoC4/Cm0Start.c **** #endif  /* (CYDEV_PROJ_TYPE != CYDEV_PROJ_TYPE_STANDARD) */
  72:.\Generated_Source\PSoC4/Cm0Start.c **** 
  73:.\Generated_Source\PSoC4/Cm0Start.c **** 
  74:.\Generated_Source\PSoC4/Cm0Start.c **** /*******************************************************************************
  75:.\Generated_Source\PSoC4/Cm0Start.c **** * Function Name: IntDefaultHandler
  76:.\Generated_Source\PSoC4/Cm0Start.c **** ********************************************************************************
  77:.\Generated_Source\PSoC4/Cm0Start.c **** *
  78:.\Generated_Source\PSoC4/Cm0Start.c **** * Summary:
  79:.\Generated_Source\PSoC4/Cm0Start.c **** *  This function is called for all interrupts, other than reset, that get called
  80:.\Generated_Source\PSoC4/Cm0Start.c **** *  before the system is setup.
  81:.\Generated_Source\PSoC4/Cm0Start.c **** *
  82:.\Generated_Source\PSoC4/Cm0Start.c **** * Parameters:
  83:.\Generated_Source\PSoC4/Cm0Start.c **** *  None
  84:.\Generated_Source\PSoC4/Cm0Start.c **** *
  85:.\Generated_Source\PSoC4/Cm0Start.c **** * Return:
  86:.\Generated_Source\PSoC4/Cm0Start.c **** *  None
  87:.\Generated_Source\PSoC4/Cm0Start.c **** *
  88:.\Generated_Source\PSoC4/Cm0Start.c **** * Theory:
  89:.\Generated_Source\PSoC4/Cm0Start.c **** *   Any value other than zero is acceptable.
ARM GAS  C:\Users\atsu\AppData\Local\Temp\ccE1lGHZ.s 			page 3


  90:.\Generated_Source\PSoC4/Cm0Start.c **** *
  91:.\Generated_Source\PSoC4/Cm0Start.c **** *******************************************************************************/
  92:.\Generated_Source\PSoC4/Cm0Start.c **** CY_NORETURN
  93:.\Generated_Source\PSoC4/Cm0Start.c **** CY_ISR(IntDefaultHandler)
  94:.\Generated_Source\PSoC4/Cm0Start.c **** {
  26              		.loc 1 94 0
  27              		.cfi_startproc
  28 0000 00B5     		push	{lr}
  29              	.LCFI0:
  30              		.cfi_def_cfa_offset 4
  31              		.cfi_offset 14, -4
  32              	.L2:
  33 0002 FEE7     		b	.L2
  34              		.cfi_endproc
  35              	.LFE0:
  36              		.size	IntDefaultHandler, .-IntDefaultHandler
  37              		.section	.text._exit,"ax",%progbits
  38              		.align	1
  39              		.weak	_exit
  40              		.code	16
  41              		.thumb_func
  42              		.type	_exit, %function
  43              	_exit:
  44              	.LFB1:
  95:.\Generated_Source\PSoC4/Cm0Start.c ****     /***************************************************************************
  96:.\Generated_Source\PSoC4/Cm0Start.c ****     * We should never get here. If we do, a serious problem occured, so go into
  97:.\Generated_Source\PSoC4/Cm0Start.c ****     * an infinite loop.
  98:.\Generated_Source\PSoC4/Cm0Start.c ****     ***************************************************************************/
  99:.\Generated_Source\PSoC4/Cm0Start.c ****     while(1)
 100:.\Generated_Source\PSoC4/Cm0Start.c ****     {
 101:.\Generated_Source\PSoC4/Cm0Start.c **** 
 102:.\Generated_Source\PSoC4/Cm0Start.c ****     }
 103:.\Generated_Source\PSoC4/Cm0Start.c **** }
 104:.\Generated_Source\PSoC4/Cm0Start.c **** 
 105:.\Generated_Source\PSoC4/Cm0Start.c **** #if defined(__ARMCC_VERSION)
 106:.\Generated_Source\PSoC4/Cm0Start.c **** 
 107:.\Generated_Source\PSoC4/Cm0Start.c **** /* Local function for the device reset. */
 108:.\Generated_Source\PSoC4/Cm0Start.c **** extern void Reset(void);
 109:.\Generated_Source\PSoC4/Cm0Start.c **** 
 110:.\Generated_Source\PSoC4/Cm0Start.c **** /* Application entry point. */
 111:.\Generated_Source\PSoC4/Cm0Start.c **** extern void $Super$$main(void);
 112:.\Generated_Source\PSoC4/Cm0Start.c **** 
 113:.\Generated_Source\PSoC4/Cm0Start.c **** /* Linker-generated Stack Base addresses, Two Region and One Region */
 114:.\Generated_Source\PSoC4/Cm0Start.c **** extern unsigned long Image$$ARM_LIB_STACK$$ZI$$Limit;
 115:.\Generated_Source\PSoC4/Cm0Start.c **** 
 116:.\Generated_Source\PSoC4/Cm0Start.c **** /* RealView C Library initialization. */
 117:.\Generated_Source\PSoC4/Cm0Start.c **** extern int __main(void);
 118:.\Generated_Source\PSoC4/Cm0Start.c **** 
 119:.\Generated_Source\PSoC4/Cm0Start.c **** 
 120:.\Generated_Source\PSoC4/Cm0Start.c **** /*******************************************************************************
 121:.\Generated_Source\PSoC4/Cm0Start.c **** * Function Name: Reset
 122:.\Generated_Source\PSoC4/Cm0Start.c **** ********************************************************************************
 123:.\Generated_Source\PSoC4/Cm0Start.c **** *
 124:.\Generated_Source\PSoC4/Cm0Start.c **** * Summary:
 125:.\Generated_Source\PSoC4/Cm0Start.c **** *  This function handles the reset interrupt for the RVDS/MDK toolchains.
 126:.\Generated_Source\PSoC4/Cm0Start.c **** *  This is the first bit of code that is executed at startup.
 127:.\Generated_Source\PSoC4/Cm0Start.c **** *
ARM GAS  C:\Users\atsu\AppData\Local\Temp\ccE1lGHZ.s 			page 4


 128:.\Generated_Source\PSoC4/Cm0Start.c **** * Parameters:
 129:.\Generated_Source\PSoC4/Cm0Start.c **** *  None
 130:.\Generated_Source\PSoC4/Cm0Start.c **** *
 131:.\Generated_Source\PSoC4/Cm0Start.c **** * Return:
 132:.\Generated_Source\PSoC4/Cm0Start.c **** *  None
 133:.\Generated_Source\PSoC4/Cm0Start.c **** *
 134:.\Generated_Source\PSoC4/Cm0Start.c **** *******************************************************************************/
 135:.\Generated_Source\PSoC4/Cm0Start.c **** void Reset(void)
 136:.\Generated_Source\PSoC4/Cm0Start.c **** {
 137:.\Generated_Source\PSoC4/Cm0Start.c ****     #if (CYDEV_PROJ_TYPE == CYDEV_PROJ_TYPE_LOADABLE)
 138:.\Generated_Source\PSoC4/Cm0Start.c ****         /* The bootloadable application image is started at Reset() handler
 139:.\Generated_Source\PSoC4/Cm0Start.c ****         * as a result of branch instruction execution from the bootloader.
 140:.\Generated_Source\PSoC4/Cm0Start.c ****         * So, the stack pointer needs to be reseted to be sure that
 141:.\Generated_Source\PSoC4/Cm0Start.c ****         * there is no garbage in the stack.
 142:.\Generated_Source\PSoC4/Cm0Start.c ****         */
 143:.\Generated_Source\PSoC4/Cm0Start.c ****         register uint32_t msp __asm("msp");
 144:.\Generated_Source\PSoC4/Cm0Start.c ****         msp = (uint32_t)&Image$$ARM_LIB_STACK$$ZI$$Limit;
 145:.\Generated_Source\PSoC4/Cm0Start.c ****     #endif /* CYDEV_PROJ_TYPE_LOADABLE */
 146:.\Generated_Source\PSoC4/Cm0Start.c **** 
 147:.\Generated_Source\PSoC4/Cm0Start.c ****     #if (CYDEV_BOOTLOADER_ENABLE)
 148:.\Generated_Source\PSoC4/Cm0Start.c ****         CyBtldr_CheckLaunch();
 149:.\Generated_Source\PSoC4/Cm0Start.c ****     #endif /* CYDEV_BOOTLOADER_ENABLE */
 150:.\Generated_Source\PSoC4/Cm0Start.c ****     __main();
 151:.\Generated_Source\PSoC4/Cm0Start.c **** }
 152:.\Generated_Source\PSoC4/Cm0Start.c **** 
 153:.\Generated_Source\PSoC4/Cm0Start.c **** /*******************************************************************************
 154:.\Generated_Source\PSoC4/Cm0Start.c **** * Function Name: $Sub$$main
 155:.\Generated_Source\PSoC4/Cm0Start.c **** ********************************************************************************
 156:.\Generated_Source\PSoC4/Cm0Start.c **** *
 157:.\Generated_Source\PSoC4/Cm0Start.c **** * Summary:
 158:.\Generated_Source\PSoC4/Cm0Start.c **** *  This function is called imediatly before the users main
 159:.\Generated_Source\PSoC4/Cm0Start.c **** *
 160:.\Generated_Source\PSoC4/Cm0Start.c **** * Parameters:
 161:.\Generated_Source\PSoC4/Cm0Start.c **** *  None
 162:.\Generated_Source\PSoC4/Cm0Start.c **** *
 163:.\Generated_Source\PSoC4/Cm0Start.c **** * Return:
 164:.\Generated_Source\PSoC4/Cm0Start.c **** *  None
 165:.\Generated_Source\PSoC4/Cm0Start.c **** *
 166:.\Generated_Source\PSoC4/Cm0Start.c **** *******************************************************************************/
 167:.\Generated_Source\PSoC4/Cm0Start.c **** __attribute__ ((noreturn))
 168:.\Generated_Source\PSoC4/Cm0Start.c **** void $Sub$$main(void)
 169:.\Generated_Source\PSoC4/Cm0Start.c **** {
 170:.\Generated_Source\PSoC4/Cm0Start.c ****     initialize_psoc();
 171:.\Generated_Source\PSoC4/Cm0Start.c **** 
 172:.\Generated_Source\PSoC4/Cm0Start.c ****     /* Call original main */
 173:.\Generated_Source\PSoC4/Cm0Start.c ****     $Super$$main();
 174:.\Generated_Source\PSoC4/Cm0Start.c **** 
 175:.\Generated_Source\PSoC4/Cm0Start.c ****     while (1)
 176:.\Generated_Source\PSoC4/Cm0Start.c ****     {
 177:.\Generated_Source\PSoC4/Cm0Start.c ****         /* If main returns it is undefined what we should do. */
 178:.\Generated_Source\PSoC4/Cm0Start.c ****     }
 179:.\Generated_Source\PSoC4/Cm0Start.c **** }
 180:.\Generated_Source\PSoC4/Cm0Start.c **** 
 181:.\Generated_Source\PSoC4/Cm0Start.c **** #elif defined(__GNUC__)
 182:.\Generated_Source\PSoC4/Cm0Start.c **** 
 183:.\Generated_Source\PSoC4/Cm0Start.c **** /* Stack Base address */
 184:.\Generated_Source\PSoC4/Cm0Start.c **** extern void __cy_stack(void);
ARM GAS  C:\Users\atsu\AppData\Local\Temp\ccE1lGHZ.s 			page 5


 185:.\Generated_Source\PSoC4/Cm0Start.c **** 
 186:.\Generated_Source\PSoC4/Cm0Start.c **** /* Application entry point. */
 187:.\Generated_Source\PSoC4/Cm0Start.c **** extern int main(void);
 188:.\Generated_Source\PSoC4/Cm0Start.c **** 
 189:.\Generated_Source\PSoC4/Cm0Start.c **** /* The static objects constructors initializer */
 190:.\Generated_Source\PSoC4/Cm0Start.c **** extern void __libc_init_array(void);
 191:.\Generated_Source\PSoC4/Cm0Start.c **** 
 192:.\Generated_Source\PSoC4/Cm0Start.c **** typedef unsigned char __cy_byte_align8 __attribute ((aligned (8)));
 193:.\Generated_Source\PSoC4/Cm0Start.c **** 
 194:.\Generated_Source\PSoC4/Cm0Start.c **** struct __cy_region
 195:.\Generated_Source\PSoC4/Cm0Start.c **** {
 196:.\Generated_Source\PSoC4/Cm0Start.c ****     __cy_byte_align8 *init; /* Initial contents of this region.  */
 197:.\Generated_Source\PSoC4/Cm0Start.c ****     __cy_byte_align8 *data; /* Start address of region.  */
 198:.\Generated_Source\PSoC4/Cm0Start.c ****     size_t init_size;       /* Size of initial data.  */
 199:.\Generated_Source\PSoC4/Cm0Start.c ****     size_t zero_size;       /* Additional size to be zeroed.  */
 200:.\Generated_Source\PSoC4/Cm0Start.c **** };
 201:.\Generated_Source\PSoC4/Cm0Start.c **** 
 202:.\Generated_Source\PSoC4/Cm0Start.c **** extern const struct __cy_region __cy_regions[];
 203:.\Generated_Source\PSoC4/Cm0Start.c **** extern const char __cy_region_num __attribute__((weak));
 204:.\Generated_Source\PSoC4/Cm0Start.c **** #define __cy_region_num ((size_t)&__cy_region_num)
 205:.\Generated_Source\PSoC4/Cm0Start.c **** 
 206:.\Generated_Source\PSoC4/Cm0Start.c **** __attribute__((weak))
 207:.\Generated_Source\PSoC4/Cm0Start.c **** void _exit(int status)
 208:.\Generated_Source\PSoC4/Cm0Start.c **** {
  45              		.loc 1 208 0
  46              		.cfi_startproc
  47              	.LVL0:
  48              		.loc 1 208 0
  49 0000 00B5     		push	{lr}
  50              	.LCFI1:
  51              		.cfi_def_cfa_offset 4
  52              		.cfi_offset 14, -4
  53              	.L5:
  54 0002 FEE7     		b	.L5
  55              		.cfi_endproc
  56              	.LFE1:
  57              		.size	_exit, .-_exit
  58              		.section	.text.Start_c,"ax",%progbits
  59              		.align	1
  60              		.global	Start_c
  61              		.code	16
  62              		.thumb_func
  63              		.type	Start_c, %function
  64              	Start_c:
  65              	.LFB2:
 209:.\Generated_Source\PSoC4/Cm0Start.c ****     /* Cause a divide by 0 exception */
 210:.\Generated_Source\PSoC4/Cm0Start.c ****     int x = status / INT_MAX;
 211:.\Generated_Source\PSoC4/Cm0Start.c ****     x = 4 / x;
 212:.\Generated_Source\PSoC4/Cm0Start.c **** 
 213:.\Generated_Source\PSoC4/Cm0Start.c ****     while(1)
 214:.\Generated_Source\PSoC4/Cm0Start.c ****     {
 215:.\Generated_Source\PSoC4/Cm0Start.c **** 
 216:.\Generated_Source\PSoC4/Cm0Start.c ****     }
 217:.\Generated_Source\PSoC4/Cm0Start.c **** }
 218:.\Generated_Source\PSoC4/Cm0Start.c **** 
 219:.\Generated_Source\PSoC4/Cm0Start.c **** /*******************************************************************************
 220:.\Generated_Source\PSoC4/Cm0Start.c **** * Function Name: Start_c
ARM GAS  C:\Users\atsu\AppData\Local\Temp\ccE1lGHZ.s 			page 6


 221:.\Generated_Source\PSoC4/Cm0Start.c **** ********************************************************************************
 222:.\Generated_Source\PSoC4/Cm0Start.c **** *
 223:.\Generated_Source\PSoC4/Cm0Start.c **** * Summary:
 224:.\Generated_Source\PSoC4/Cm0Start.c **** *  This function handles initializing the .data and .bss sections in
 225:.\Generated_Source\PSoC4/Cm0Start.c **** *  preperation for running standard c code.  Once initialization is complete
 226:.\Generated_Source\PSoC4/Cm0Start.c **** *  it will call main().  This function will never return.
 227:.\Generated_Source\PSoC4/Cm0Start.c **** *
 228:.\Generated_Source\PSoC4/Cm0Start.c **** * Parameters:
 229:.\Generated_Source\PSoC4/Cm0Start.c **** *  None
 230:.\Generated_Source\PSoC4/Cm0Start.c **** *
 231:.\Generated_Source\PSoC4/Cm0Start.c **** * Return:
 232:.\Generated_Source\PSoC4/Cm0Start.c **** *  None
 233:.\Generated_Source\PSoC4/Cm0Start.c **** *
 234:.\Generated_Source\PSoC4/Cm0Start.c **** *******************************************************************************/
 235:.\Generated_Source\PSoC4/Cm0Start.c **** void Start_c(void)  __attribute__ ((noreturn));
 236:.\Generated_Source\PSoC4/Cm0Start.c **** void Start_c(void)
 237:.\Generated_Source\PSoC4/Cm0Start.c **** {
  66              		.loc 1 237 0
  67              		.cfi_startproc
  68              	.LVL1:
  69              		.loc 1 237 0
  70 0000 F8B5     		push	{r3, r4, r5, r6, r7, lr}
  71              	.LCFI2:
  72              		.cfi_def_cfa_offset 24
  73              		.cfi_offset 3, -24
  74              		.cfi_offset 4, -20
  75              		.cfi_offset 5, -16
  76              		.cfi_offset 6, -12
  77              		.cfi_offset 7, -8
  78              		.cfi_offset 14, -4
 238:.\Generated_Source\PSoC4/Cm0Start.c ****     unsigned regions = __cy_region_num;
 239:.\Generated_Source\PSoC4/Cm0Start.c ****     const struct __cy_region *rptr = __cy_regions;
 240:.\Generated_Source\PSoC4/Cm0Start.c **** 
 241:.\Generated_Source\PSoC4/Cm0Start.c ****     /* Initialize memory */
 242:.\Generated_Source\PSoC4/Cm0Start.c ****     for (regions = __cy_region_num, rptr = __cy_regions; regions--; rptr++)
  79              		.loc 1 242 0
  80 0002 2348     		ldr	r0, .L17
  81              	.LVL2:
  82 0004 411E     		sub	r1, r0, #1
  83              	.LVL3:
  84              	.L7:
  85              	.LBB2:
 236:.\Generated_Source\PSoC4/Cm0Start.c **** void Start_c(void)
  86              		.loc 1 236 0 discriminator 1
  87 0006 234B     		ldr	r3, .L17+4
  88 0008 421A     		sub	r2, r0, r1
  89 000a 1401     		lsl	r4, r2, #4
  90 000c 103B     		sub	r3, r3, #16
  91 000e 1B19     		add	r3, r3, r4
  92              	.LVL4:
  93              	.LBE2:
  94              		.loc 1 242 0 discriminator 1
  95 0010 4A1C     		add	r2, r1, #1
  96 0012 37D0     		beq	.L14
  97              	.L12:
  98              	.LVL5:
  99              	.LBB3:
ARM GAS  C:\Users\atsu\AppData\Local\Temp\ccE1lGHZ.s 			page 7


 243:.\Generated_Source\PSoC4/Cm0Start.c ****     {
 244:.\Generated_Source\PSoC4/Cm0Start.c ****         uint32 *src = (uint32 *)rptr->init;
 245:.\Generated_Source\PSoC4/Cm0Start.c ****         uint32 *dst = (uint32 *)rptr->data;
 100              		.loc 1 245 0
 101 0014 5E79     		ldrb	r6, [r3, #5]
 102 0016 1D79     		ldrb	r5, [r3, #4]
 103 0018 9F79     		ldrb	r7, [r3, #6]
 104 001a 3402     		lsl	r4, r6, #8
 105 001c 3A04     		lsl	r2, r7, #16
 106 001e 2C43     		orr	r4, r5
 107 0020 DD79     		ldrb	r5, [r3, #7]
 108 0022 1443     		orr	r4, r2
 246:.\Generated_Source\PSoC4/Cm0Start.c ****         unsigned limit = rptr->init_size;
 109              		.loc 1 246 0
 110 0024 5A7A     		ldrb	r2, [r3, #9]
 245:.\Generated_Source\PSoC4/Cm0Start.c ****         uint32 *dst = (uint32 *)rptr->data;
 111              		.loc 1 245 0
 112 0026 2E06     		lsl	r6, r5, #24
 113 0028 3443     		orr	r4, r6
 114              	.LVL6:
 115              		.loc 1 246 0
 116 002a 1F7A     		ldrb	r7, [r3, #8]
 117 002c 1602     		lsl	r6, r2, #8
 118 002e 9D7A     		ldrb	r5, [r3, #10]
 119 0030 DA7A     		ldrb	r2, [r3, #11]
 120 0032 3E43     		orr	r6, r7
 121 0034 2F04     		lsl	r7, r5, #16
 122 0036 1506     		lsl	r5, r2, #24
 244:.\Generated_Source\PSoC4/Cm0Start.c ****         uint32 *src = (uint32 *)rptr->init;
 123              		.loc 1 244 0
 124 0038 5A78     		ldrb	r2, [r3, #1]
 125              		.loc 1 246 0
 126 003a 3E43     		orr	r6, r7
 244:.\Generated_Source\PSoC4/Cm0Start.c ****         uint32 *src = (uint32 *)rptr->init;
 127              		.loc 1 244 0
 128 003c 1F78     		ldrb	r7, [r3]
 129              		.loc 1 246 0
 130 003e 2E43     		orr	r6, r5
 131              	.LVL7:
 244:.\Generated_Source\PSoC4/Cm0Start.c ****         uint32 *src = (uint32 *)rptr->init;
 132              		.loc 1 244 0
 133 0040 1502     		lsl	r5, r2, #8
 134 0042 3D43     		orr	r5, r7
 135 0044 9F78     		ldrb	r7, [r3, #2]
 136 0046 3A04     		lsl	r2, r7, #16
 137 0048 DF78     		ldrb	r7, [r3, #3]
 138 004a 1543     		orr	r5, r2
 139 004c 3A06     		lsl	r2, r7, #24
 140 004e 1543     		orr	r5, r2
 245:.\Generated_Source\PSoC4/Cm0Start.c ****         uint32 *dst = (uint32 *)rptr->data;
 141              		.loc 1 245 0
 142 0050 221C     		mov	r2, r4
 143              	.LVL8:
 144              	.L8:
 247:.\Generated_Source\PSoC4/Cm0Start.c ****         unsigned count;
 248:.\Generated_Source\PSoC4/Cm0Start.c **** 
 249:.\Generated_Source\PSoC4/Cm0Start.c ****         for (count = 0u; count != limit; count += sizeof (uint32))
ARM GAS  C:\Users\atsu\AppData\Local\Temp\ccE1lGHZ.s 			page 8


 145              		.loc 1 249 0 discriminator 1
 146 0052 171B     		sub	r7, r2, r4
 147 0054 B742     		cmp	r7, r6
 148 0056 02D0     		beq	.L15
 149              	.L9:
 250:.\Generated_Source\PSoC4/Cm0Start.c ****         {
 251:.\Generated_Source\PSoC4/Cm0Start.c ****             *dst++ = *src++;
 150              		.loc 1 251 0 discriminator 2
 151 0058 80CD     		ldmia	r5!, {r7}
 152 005a 80C2     		stmia	r2!, {r7}
 153              	.LVL9:
 154 005c F9E7     		b	.L8
 155              	.L15:
 252:.\Generated_Source\PSoC4/Cm0Start.c ****         }
 253:.\Generated_Source\PSoC4/Cm0Start.c ****         limit = rptr->zero_size;
 156              		.loc 1 253 0
 157 005e 5C7B     		ldrb	r4, [r3, #13]
 158 0060 1E7B     		ldrb	r6, [r3, #12]
 159              	.LVL10:
 160 0062 2702     		lsl	r7, r4, #8
 161 0064 3743     		orr	r7, r6
 162 0066 9E7B     		ldrb	r6, [r3, #14]
 163 0068 DB7B     		ldrb	r3, [r3, #15]
 164              	.LVL11:
 165 006a 3404     		lsl	r4, r6, #16
 166 006c 2743     		orr	r7, r4
 167 006e 1E06     		lsl	r6, r3, #24
 249:.\Generated_Source\PSoC4/Cm0Start.c ****         for (count = 0u; count != limit; count += sizeof (uint32))
 168              		.loc 1 249 0
 169 0070 151C     		mov	r5, r2
 170              		.loc 1 253 0
 171 0072 3E43     		orr	r6, r7
 172              	.LVL12:
 173              	.L10:
 254:.\Generated_Source\PSoC4/Cm0Start.c ****         for (count = 0u; count != limit; count += sizeof (uint32))
 174              		.loc 1 254 0 discriminator 1
 175 0074 571B     		sub	r7, r2, r5
 176 0076 B742     		cmp	r7, r6
 177 0078 02D0     		beq	.L16
 178              	.L11:
 255:.\Generated_Source\PSoC4/Cm0Start.c ****         {
 256:.\Generated_Source\PSoC4/Cm0Start.c ****             *dst++ = 0u;
 179              		.loc 1 256 0 discriminator 2
 180 007a 0024     		mov	r4, #0
 181 007c 10C2     		stmia	r2!, {r4}
 182              	.LVL13:
 183 007e F9E7     		b	.L10
 184              	.L16:
 185              	.LVL14:
 186 0080 0139     		sub	r1, r1, #1
 187 0082 C0E7     		b	.L7
 188              	.LVL15:
 189              	.L14:
 190              	.LBE3:
 257:.\Generated_Source\PSoC4/Cm0Start.c ****         }
 258:.\Generated_Source\PSoC4/Cm0Start.c ****     }
 259:.\Generated_Source\PSoC4/Cm0Start.c **** 
ARM GAS  C:\Users\atsu\AppData\Local\Temp\ccE1lGHZ.s 			page 9


 260:.\Generated_Source\PSoC4/Cm0Start.c ****     /* Invoke static objects constructors */
 261:.\Generated_Source\PSoC4/Cm0Start.c ****     __libc_init_array();
 191              		.loc 1 261 0
 192 0084 FFF7FEFF 		bl	__libc_init_array
 193              	.LVL16:
 262:.\Generated_Source\PSoC4/Cm0Start.c ****     (void) main();
 194              		.loc 1 262 0
 195 0088 FFF7FEFF 		bl	main
 196              	.LVL17:
 197              	.L13:
 198 008c FEE7     		b	.L13
 199              	.L18:
 200 008e C046     		.align	2
 201              	.L17:
 202 0090 00000000 		.word	__cy_region_num
 203 0094 00000000 		.word	__cy_regions
 204              		.cfi_endproc
 205              	.LFE2:
 206              		.size	Start_c, .-Start_c
 207              		.section	.text.Reset,"ax",%progbits
 208              		.align	1
 209              		.global	Reset
 210              		.code	16
 211              		.thumb_func
 212              		.type	Reset, %function
 213              	Reset:
 214              	.LFB3:
 263:.\Generated_Source\PSoC4/Cm0Start.c **** 
 264:.\Generated_Source\PSoC4/Cm0Start.c ****     while (1)
 265:.\Generated_Source\PSoC4/Cm0Start.c ****     {
 266:.\Generated_Source\PSoC4/Cm0Start.c ****         /* If main returns, make sure we don't return. */
 267:.\Generated_Source\PSoC4/Cm0Start.c ****     }
 268:.\Generated_Source\PSoC4/Cm0Start.c **** }
 269:.\Generated_Source\PSoC4/Cm0Start.c **** 
 270:.\Generated_Source\PSoC4/Cm0Start.c **** 
 271:.\Generated_Source\PSoC4/Cm0Start.c **** /*******************************************************************************
 272:.\Generated_Source\PSoC4/Cm0Start.c **** * Function Name: Reset
 273:.\Generated_Source\PSoC4/Cm0Start.c **** ********************************************************************************
 274:.\Generated_Source\PSoC4/Cm0Start.c **** *
 275:.\Generated_Source\PSoC4/Cm0Start.c **** * Summary:
 276:.\Generated_Source\PSoC4/Cm0Start.c **** *  This function handles the reset interrupt for the GCC toolchain.  This is
 277:.\Generated_Source\PSoC4/Cm0Start.c **** *  the first bit of code that is executed at startup.
 278:.\Generated_Source\PSoC4/Cm0Start.c **** *
 279:.\Generated_Source\PSoC4/Cm0Start.c **** * Parameters:
 280:.\Generated_Source\PSoC4/Cm0Start.c **** *  None
 281:.\Generated_Source\PSoC4/Cm0Start.c **** *
 282:.\Generated_Source\PSoC4/Cm0Start.c **** * Return:
 283:.\Generated_Source\PSoC4/Cm0Start.c **** *  None
 284:.\Generated_Source\PSoC4/Cm0Start.c **** *
 285:.\Generated_Source\PSoC4/Cm0Start.c **** *******************************************************************************/
 286:.\Generated_Source\PSoC4/Cm0Start.c **** void Reset(void)
 287:.\Generated_Source\PSoC4/Cm0Start.c **** {
 215              		.loc 1 287 0
 216              		.cfi_startproc
 217 0000 08B5     		push	{r3, lr}
 218              	.LCFI3:
 219              		.cfi_def_cfa_offset 8
ARM GAS  C:\Users\atsu\AppData\Local\Temp\ccE1lGHZ.s 			page 10


 220              		.cfi_offset 3, -8
 221              		.cfi_offset 14, -4
 288:.\Generated_Source\PSoC4/Cm0Start.c ****     #if (CYDEV_PROJ_TYPE == CYDEV_PROJ_TYPE_LOADABLE)
 289:.\Generated_Source\PSoC4/Cm0Start.c ****         /* The bootloadable application image is started at Reset() handler
 290:.\Generated_Source\PSoC4/Cm0Start.c ****         * as a result of branch instruction execution from the bootloader.
 291:.\Generated_Source\PSoC4/Cm0Start.c ****         * So, the stack pointer needs to be reseted to be sure that
 292:.\Generated_Source\PSoC4/Cm0Start.c ****         * there is no garbage in the stack.
 293:.\Generated_Source\PSoC4/Cm0Start.c ****         */
 294:.\Generated_Source\PSoC4/Cm0Start.c ****         __asm volatile ("MSR msp, %0\n" : : "r" ((uint32)&__cy_stack) : "sp");
 295:.\Generated_Source\PSoC4/Cm0Start.c ****     #endif /* CYDEV_PROJ_TYPE_LOADABLE */
 296:.\Generated_Source\PSoC4/Cm0Start.c **** 
 297:.\Generated_Source\PSoC4/Cm0Start.c ****     #if (CYDEV_BOOTLOADER_ENABLE)
 298:.\Generated_Source\PSoC4/Cm0Start.c ****         CyBtldr_CheckLaunch();
 299:.\Generated_Source\PSoC4/Cm0Start.c ****     #endif /* CYDEV_BOOTLOADER_ENABLE */
 300:.\Generated_Source\PSoC4/Cm0Start.c ****     Start_c();
 222              		.loc 1 300 0
 223 0002 FFF7FEFF 		bl	Start_c
 224              	.LVL18:
 225              		.cfi_endproc
 226              	.LFE3:
 227              		.size	Reset, .-Reset
 228              		.section	.text.startup.initialize_psoc,"ax",%progbits
 229              		.align	1
 230              		.global	initialize_psoc
 231              		.code	16
 232              		.thumb_func
 233              		.type	initialize_psoc, %function
 234              	initialize_psoc:
 235              	.LFB4:
 301:.\Generated_Source\PSoC4/Cm0Start.c **** }
 302:.\Generated_Source\PSoC4/Cm0Start.c **** 
 303:.\Generated_Source\PSoC4/Cm0Start.c **** #elif defined (__ICCARM__)
 304:.\Generated_Source\PSoC4/Cm0Start.c **** 
 305:.\Generated_Source\PSoC4/Cm0Start.c **** 
 306:.\Generated_Source\PSoC4/Cm0Start.c **** /*******************************************************************************
 307:.\Generated_Source\PSoC4/Cm0Start.c **** * Function Name: __low_level_init
 308:.\Generated_Source\PSoC4/Cm0Start.c **** ********************************************************************************
 309:.\Generated_Source\PSoC4/Cm0Start.c **** *
 310:.\Generated_Source\PSoC4/Cm0Start.c **** * Summary:
 311:.\Generated_Source\PSoC4/Cm0Start.c **** *  This function perform early initializations for the IAR Embedded
 312:.\Generated_Source\PSoC4/Cm0Start.c **** *  Workbench IDE. It is executed in the context of reset interrupt handler
 313:.\Generated_Source\PSoC4/Cm0Start.c **** *  before the data sections are initialized.
 314:.\Generated_Source\PSoC4/Cm0Start.c **** *
 315:.\Generated_Source\PSoC4/Cm0Start.c **** * Parameters:
 316:.\Generated_Source\PSoC4/Cm0Start.c **** *  None
 317:.\Generated_Source\PSoC4/Cm0Start.c **** *
 318:.\Generated_Source\PSoC4/Cm0Start.c **** * Return:
 319:.\Generated_Source\PSoC4/Cm0Start.c **** *  The value that determines whether or not data sections should be initialized
 320:.\Generated_Source\PSoC4/Cm0Start.c **** *  by the system startup code:
 321:.\Generated_Source\PSoC4/Cm0Start.c **** *    0 - skip data sections initialization;
 322:.\Generated_Source\PSoC4/Cm0Start.c **** *    1 - initialize data sections;
 323:.\Generated_Source\PSoC4/Cm0Start.c **** *
 324:.\Generated_Source\PSoC4/Cm0Start.c **** *******************************************************************************/
 325:.\Generated_Source\PSoC4/Cm0Start.c **** int __low_level_init(void)
 326:.\Generated_Source\PSoC4/Cm0Start.c **** {
 327:.\Generated_Source\PSoC4/Cm0Start.c **** #if (CYDEV_BOOTLOADER_ENABLE)
 328:.\Generated_Source\PSoC4/Cm0Start.c ****     CyBtldr_CheckLaunch();
ARM GAS  C:\Users\atsu\AppData\Local\Temp\ccE1lGHZ.s 			page 11


 329:.\Generated_Source\PSoC4/Cm0Start.c **** #endif /* CYDEV_BOOTLOADER_ENABLE */
 330:.\Generated_Source\PSoC4/Cm0Start.c **** 
 331:.\Generated_Source\PSoC4/Cm0Start.c ****     /* Initialize data sections */
 332:.\Generated_Source\PSoC4/Cm0Start.c ****     __iar_data_init3();
 333:.\Generated_Source\PSoC4/Cm0Start.c **** 
 334:.\Generated_Source\PSoC4/Cm0Start.c ****     initialize_psoc();
 335:.\Generated_Source\PSoC4/Cm0Start.c **** 
 336:.\Generated_Source\PSoC4/Cm0Start.c ****     return 0;
 337:.\Generated_Source\PSoC4/Cm0Start.c **** }
 338:.\Generated_Source\PSoC4/Cm0Start.c **** 
 339:.\Generated_Source\PSoC4/Cm0Start.c **** #endif /* __GNUC__ */
 340:.\Generated_Source\PSoC4/Cm0Start.c **** 
 341:.\Generated_Source\PSoC4/Cm0Start.c **** 
 342:.\Generated_Source\PSoC4/Cm0Start.c **** /*******************************************************************************
 343:.\Generated_Source\PSoC4/Cm0Start.c **** * Ram Interrupt Vector table storage area. Must be placed at 0x20000000.
 344:.\Generated_Source\PSoC4/Cm0Start.c **** *******************************************************************************/
 345:.\Generated_Source\PSoC4/Cm0Start.c **** 
 346:.\Generated_Source\PSoC4/Cm0Start.c **** #if defined (__ICCARM__)
 347:.\Generated_Source\PSoC4/Cm0Start.c ****     #pragma location=".ramvectors"
 348:.\Generated_Source\PSoC4/Cm0Start.c **** #else
 349:.\Generated_Source\PSoC4/Cm0Start.c ****     CY_SECTION(".ramvectors")
 350:.\Generated_Source\PSoC4/Cm0Start.c **** #endif  /* defined (__ICCARM__) */
 351:.\Generated_Source\PSoC4/Cm0Start.c **** cyisraddress CyRamVectors[CY_NUM_VECTORS];
 352:.\Generated_Source\PSoC4/Cm0Start.c **** 
 353:.\Generated_Source\PSoC4/Cm0Start.c **** 
 354:.\Generated_Source\PSoC4/Cm0Start.c **** /*******************************************************************************
 355:.\Generated_Source\PSoC4/Cm0Start.c **** * Rom Interrupt Vector table storage area. Must be 256-byte aligned.
 356:.\Generated_Source\PSoC4/Cm0Start.c **** *******************************************************************************/
 357:.\Generated_Source\PSoC4/Cm0Start.c **** 
 358:.\Generated_Source\PSoC4/Cm0Start.c **** #if defined(__ARMCC_VERSION)
 359:.\Generated_Source\PSoC4/Cm0Start.c ****     /* Suppress diagnostic message 1296-D: extended constant initialiser used */
 360:.\Generated_Source\PSoC4/Cm0Start.c ****     #pragma diag_suppress 1296
 361:.\Generated_Source\PSoC4/Cm0Start.c **** #endif  /* defined(__ARMCC_VERSION) */
 362:.\Generated_Source\PSoC4/Cm0Start.c **** 
 363:.\Generated_Source\PSoC4/Cm0Start.c **** #if defined (__ICCARM__)
 364:.\Generated_Source\PSoC4/Cm0Start.c ****     #pragma location=".romvectors"
 365:.\Generated_Source\PSoC4/Cm0Start.c ****     const intvec_elem __vector_table[CY_NUM_ROM_VECTORS] =
 366:.\Generated_Source\PSoC4/Cm0Start.c **** #else
 367:.\Generated_Source\PSoC4/Cm0Start.c ****     CY_SECTION(".romvectors")
 368:.\Generated_Source\PSoC4/Cm0Start.c ****     const cyisraddress RomVectors[CY_NUM_ROM_VECTORS] =
 369:.\Generated_Source\PSoC4/Cm0Start.c **** #endif  /* defined (__ICCARM__) */
 370:.\Generated_Source\PSoC4/Cm0Start.c **** {
 371:.\Generated_Source\PSoC4/Cm0Start.c ****     INITIAL_STACK_POINTER,   /* The initial stack pointer  0 */
 372:.\Generated_Source\PSoC4/Cm0Start.c ****     #if defined (__ICCARM__) /* The reset handler          1 */
 373:.\Generated_Source\PSoC4/Cm0Start.c ****         __iar_program_start,
 374:.\Generated_Source\PSoC4/Cm0Start.c ****     #else
 375:.\Generated_Source\PSoC4/Cm0Start.c ****         (cyisraddress)&Reset,
 376:.\Generated_Source\PSoC4/Cm0Start.c ****     #endif  /* defined (__ICCARM__) */
 377:.\Generated_Source\PSoC4/Cm0Start.c ****     &IntDefaultHandler,      /* The NMI handler            2 */
 378:.\Generated_Source\PSoC4/Cm0Start.c ****     &IntDefaultHandler,      /* The hard fault handler     3 */
 379:.\Generated_Source\PSoC4/Cm0Start.c **** };
 380:.\Generated_Source\PSoC4/Cm0Start.c **** 
 381:.\Generated_Source\PSoC4/Cm0Start.c **** #if defined(__ARMCC_VERSION)
 382:.\Generated_Source\PSoC4/Cm0Start.c ****     #pragma diag_default 1296
 383:.\Generated_Source\PSoC4/Cm0Start.c **** #endif  /* defined(__ARMCC_VERSION) */
 384:.\Generated_Source\PSoC4/Cm0Start.c **** 
 385:.\Generated_Source\PSoC4/Cm0Start.c **** 
ARM GAS  C:\Users\atsu\AppData\Local\Temp\ccE1lGHZ.s 			page 12


 386:.\Generated_Source\PSoC4/Cm0Start.c **** /*******************************************************************************
 387:.\Generated_Source\PSoC4/Cm0Start.c **** * Function Name: initialize_psoc
 388:.\Generated_Source\PSoC4/Cm0Start.c **** ********************************************************************************
 389:.\Generated_Source\PSoC4/Cm0Start.c **** *
 390:.\Generated_Source\PSoC4/Cm0Start.c **** * Summary:
 391:.\Generated_Source\PSoC4/Cm0Start.c **** *  This function used to initialize the PSoC chip before calling main.
 392:.\Generated_Source\PSoC4/Cm0Start.c **** *
 393:.\Generated_Source\PSoC4/Cm0Start.c **** * Parameters:
 394:.\Generated_Source\PSoC4/Cm0Start.c **** *  None
 395:.\Generated_Source\PSoC4/Cm0Start.c **** *
 396:.\Generated_Source\PSoC4/Cm0Start.c **** * Return:
 397:.\Generated_Source\PSoC4/Cm0Start.c **** *  None
 398:.\Generated_Source\PSoC4/Cm0Start.c **** *
 399:.\Generated_Source\PSoC4/Cm0Start.c **** *******************************************************************************/
 400:.\Generated_Source\PSoC4/Cm0Start.c **** #if(defined(__GNUC__) && !defined(__ARMCC_VERSION))
 401:.\Generated_Source\PSoC4/Cm0Start.c **** __attribute__ ((constructor(101)))
 402:.\Generated_Source\PSoC4/Cm0Start.c **** #endif  /* (defined(__GNUC__) && !defined(__ARMCC_VERSION)) */
 403:.\Generated_Source\PSoC4/Cm0Start.c **** void initialize_psoc(void)
 404:.\Generated_Source\PSoC4/Cm0Start.c **** {
 236              		.loc 1 404 0
 237              		.cfi_startproc
 238              	.LVL19:
 239 0000 08B5     		push	{r3, lr}
 240              	.LCFI4:
 241              		.cfi_def_cfa_offset 8
 242              		.cfi_offset 3, -8
 243              		.cfi_offset 14, -4
 405:.\Generated_Source\PSoC4/Cm0Start.c ****     uint32 indexInit;
 406:.\Generated_Source\PSoC4/Cm0Start.c **** 
 407:.\Generated_Source\PSoC4/Cm0Start.c ****     /* Set Ram interrupt vectors to default functions. */
 408:.\Generated_Source\PSoC4/Cm0Start.c ****     for (indexInit = 0u; indexInit < CY_NUM_VECTORS; indexInit++)
 244              		.loc 1 408 0
 245 0002 0023     		mov	r3, #0
 246              	.LVL20:
 247              	.L22:
 248 0004 9A00     		lsl	r2, r3, #2
 409:.\Generated_Source\PSoC4/Cm0Start.c ****     {
 410:.\Generated_Source\PSoC4/Cm0Start.c ****         CyRamVectors[indexInit] = (indexInit < CY_NUM_ROM_VECTORS) ?
 411:.\Generated_Source\PSoC4/Cm0Start.c ****             #if defined (__ICCARM__)
 412:.\Generated_Source\PSoC4/Cm0Start.c ****                 __vector_table[indexInit].__fun : &IntDefaultHandler;
 413:.\Generated_Source\PSoC4/Cm0Start.c ****             #else
 414:.\Generated_Source\PSoC4/Cm0Start.c ****                 RomVectors[indexInit] : &IntDefaultHandler;
 249              		.loc 1 414 0
 250 0006 032B     		cmp	r3, #3
 251 0008 02D8     		bhi	.L23
 252              		.loc 1 414 0 is_stmt 0 discriminator 1
 253 000a 0948     		ldr	r0, .L25
 254 000c 8158     		ldr	r1, [r0, r2]
 255 000e 00E0     		b	.L21
 256              	.L23:
 257              		.loc 1 414 0
 258 0010 0849     		ldr	r1, .L25+4
 259              	.L21:
 410:.\Generated_Source\PSoC4/Cm0Start.c ****         CyRamVectors[indexInit] = (indexInit < CY_NUM_ROM_VECTORS) ?
 260              		.loc 1 410 0 is_stmt 1
 261 0012 0948     		ldr	r0, .L25+8
 408:.\Generated_Source\PSoC4/Cm0Start.c ****     for (indexInit = 0u; indexInit < CY_NUM_VECTORS; indexInit++)
ARM GAS  C:\Users\atsu\AppData\Local\Temp\ccE1lGHZ.s 			page 13


 262              		.loc 1 408 0
 263 0014 0133     		add	r3, r3, #1
 264              	.LVL21:
 410:.\Generated_Source\PSoC4/Cm0Start.c ****         CyRamVectors[indexInit] = (indexInit < CY_NUM_ROM_VECTORS) ?
 265              		.loc 1 410 0
 266 0016 8150     		str	r1, [r0, r2]
 408:.\Generated_Source\PSoC4/Cm0Start.c ****     for (indexInit = 0u; indexInit < CY_NUM_VECTORS; indexInit++)
 267              		.loc 1 408 0
 268 0018 302B     		cmp	r3, #48
 269 001a F3D1     		bne	.L22
 415:.\Generated_Source\PSoC4/Cm0Start.c ****             #endif  /* defined (__ICCARM__) */
 416:.\Generated_Source\PSoC4/Cm0Start.c ****     }
 417:.\Generated_Source\PSoC4/Cm0Start.c **** 
 418:.\Generated_Source\PSoC4/Cm0Start.c ****     /* Initialize the configuration registers. */
 419:.\Generated_Source\PSoC4/Cm0Start.c ****     cyfitter_cfg();
 270              		.loc 1 419 0
 271 001c FFF7FEFF 		bl	cyfitter_cfg
 272              	.LVL22:
 420:.\Generated_Source\PSoC4/Cm0Start.c **** 
 421:.\Generated_Source\PSoC4/Cm0Start.c ****     #if !defined (__ICCARM__)
 422:.\Generated_Source\PSoC4/Cm0Start.c ****         /* Actually, no need to clean this variable, just to make compiler happy. */
 423:.\Generated_Source\PSoC4/Cm0Start.c ****         cySysNoInitDataValid = 0u;
 273              		.loc 1 423 0
 274 0020 064B     		ldr	r3, .L25+12
 275 0022 0022     		mov	r2, #0
 424:.\Generated_Source\PSoC4/Cm0Start.c ****     #endif  /* !defined (__ICCARM__) */
 425:.\Generated_Source\PSoC4/Cm0Start.c **** 
 426:.\Generated_Source\PSoC4/Cm0Start.c ****     #if (CYDEV_PROJ_TYPE != CYDEV_PROJ_TYPE_STANDARD)
 427:.\Generated_Source\PSoC4/Cm0Start.c **** 
 428:.\Generated_Source\PSoC4/Cm0Start.c ****         /* Need to make sure that this variable will not be optimized out */
 429:.\Generated_Source\PSoC4/Cm0Start.c ****         if (0u == cyBtldrRunType)
 430:.\Generated_Source\PSoC4/Cm0Start.c ****         {
 431:.\Generated_Source\PSoC4/Cm0Start.c ****             cyBtldrRunType = 0u;
 432:.\Generated_Source\PSoC4/Cm0Start.c ****         }
 433:.\Generated_Source\PSoC4/Cm0Start.c **** 
 434:.\Generated_Source\PSoC4/Cm0Start.c ****     #endif  /* (CYDEV_PROJ_TYPE != CYDEV_PROJ_TYPE_STANDARD) */
 435:.\Generated_Source\PSoC4/Cm0Start.c **** 
 436:.\Generated_Source\PSoC4/Cm0Start.c ****     /* Point Vector Table at the RAM vector table. */
 437:.\Generated_Source\PSoC4/Cm0Start.c ****     #if(CYDEV_CONFIG_READ_ACCELERATOR)
 438:.\Generated_Source\PSoC4/Cm0Start.c ****         *CY_CPUSS_CONFIG = 1u;
 276              		.loc 1 438 0
 277 0024 8020     		mov	r0, #128
 423:.\Generated_Source\PSoC4/Cm0Start.c ****         cySysNoInitDataValid = 0u;
 278              		.loc 1 423 0
 279 0026 1A60     		str	r2, [r3]
 280              		.loc 1 438 0
 281 0028 0121     		mov	r1, #1
 282 002a C205     		lsl	r2, r0, #23
 283 002c 1160     		str	r1, [r2]
 439:.\Generated_Source\PSoC4/Cm0Start.c ****     #else
 440:.\Generated_Source\PSoC4/Cm0Start.c ****         *CY_CPUSS_CONFIG = 3u;
 441:.\Generated_Source\PSoC4/Cm0Start.c ****     #endif  /* (CYDEV_CONFIG_READ_ACCELERATOR) */
 442:.\Generated_Source\PSoC4/Cm0Start.c **** }
 284              		.loc 1 442 0
 285              		@ sp needed for prologue
 286 002e 08BD     		pop	{r3, pc}
 287              	.L26:
ARM GAS  C:\Users\atsu\AppData\Local\Temp\ccE1lGHZ.s 			page 14


 288              		.align	2
 289              	.L25:
 290 0030 00000000 		.word	.LANCHOR0
 291 0034 00000000 		.word	IntDefaultHandler
 292 0038 00000000 		.word	.LANCHOR1
 293 003c 00000000 		.word	.LANCHOR2
 294              		.cfi_endproc
 295              	.LFE4:
 296              		.size	initialize_psoc, .-initialize_psoc
 297              		.section	.init_array,"aw",%init_array
 298              		.align	2
 299 0000 00000000 		.word	initialize_psoc(target1)
 300              		.global	RomVectors
 301              		.global	CyRamVectors
 302              		.section	.romvectors,"a",%progbits
 303              		.align	2
 304              		.set	.LANCHOR0,. + 0
 305              		.type	RomVectors, %object
 306              		.size	RomVectors, 16
 307              	RomVectors:
 308 0000 00000000 		.word	__cy_stack
 309 0004 00000000 		.word	Reset
 310 0008 00000000 		.word	IntDefaultHandler
 311 000c 00000000 		.word	IntDefaultHandler
 312              		.section	.noinit,"aw",%progbits
 313              		.align	2
 314              		.set	.LANCHOR2,. + 0
 315              		.type	cySysNoInitDataValid, %object
 316              		.size	cySysNoInitDataValid, 4
 317              	cySysNoInitDataValid:
 318 0000 00000000 		.space	4
 319              		.section	.ramvectors,"aw",%progbits
 320              		.align	2
 321              		.set	.LANCHOR1,. + 0
 322              		.type	CyRamVectors, %object
 323              		.size	CyRamVectors, 192
 324              	CyRamVectors:
 325 0000 00000000 		.space	192
 325      00000000 
 325      00000000 
 325      00000000 
 325      00000000 
 326              		.weak	__cy_region_num
 327              		.text
 328              	.Letext0:
 329              		.file 2 ".\\Generated_Source\\PSoC4\\cytypes.h"
 330              		.file 3 "c:\\program files (x86)\\cypress\\psoc creator\\3.0\\psoc creator\\import\\gnu_cs\\arm\\4
 331              		.file 4 ".\\Generated_Source\\PSoC4\\cyfitter_cfg.h"
 332              		.section	.debug_info,"",%progbits
 333              	.Ldebug_info0:
 334 0000 08030000 		.4byte	0x308
 335 0004 0200     		.2byte	0x2
 336 0006 00000000 		.4byte	.Ldebug_abbrev0
 337 000a 04       		.byte	0x4
 338 000b 01       		.uleb128 0x1
 339 000c F5010000 		.4byte	.LASF38
 340 0010 01       		.byte	0x1
ARM GAS  C:\Users\atsu\AppData\Local\Temp\ccE1lGHZ.s 			page 15


 341 0011 C7010000 		.4byte	.LASF39
 342 0015 E8000000 		.4byte	.LASF40
 343 0019 18000000 		.4byte	.Ldebug_ranges0+0x18
 344 001d 00000000 		.4byte	0
 345 0021 00000000 		.4byte	0
 346 0025 00000000 		.4byte	.Ldebug_line0
 347 0029 02       		.uleb128 0x2
 348 002a 01       		.byte	0x1
 349 002b 06       		.byte	0x6
 350 002c 47020000 		.4byte	.LASF0
 351 0030 02       		.uleb128 0x2
 352 0031 01       		.byte	0x1
 353 0032 08       		.byte	0x8
 354 0033 70000000 		.4byte	.LASF1
 355 0037 02       		.uleb128 0x2
 356 0038 02       		.byte	0x2
 357 0039 05       		.byte	0x5
 358 003a EB010000 		.4byte	.LASF2
 359 003e 02       		.uleb128 0x2
 360 003f 02       		.byte	0x2
 361 0040 07       		.byte	0x7
 362 0041 B0000000 		.4byte	.LASF3
 363 0045 02       		.uleb128 0x2
 364 0046 04       		.byte	0x4
 365 0047 05       		.byte	0x5
 366 0048 3E020000 		.4byte	.LASF4
 367 004c 02       		.uleb128 0x2
 368 004d 04       		.byte	0x4
 369 004e 07       		.byte	0x7
 370 004f 89000000 		.4byte	.LASF5
 371 0053 02       		.uleb128 0x2
 372 0054 08       		.byte	0x8
 373 0055 05       		.byte	0x5
 374 0056 B4010000 		.4byte	.LASF6
 375 005a 02       		.uleb128 0x2
 376 005b 08       		.byte	0x8
 377 005c 07       		.byte	0x7
 378 005d 66010000 		.4byte	.LASF7
 379 0061 03       		.uleb128 0x3
 380 0062 04       		.byte	0x4
 381 0063 05       		.byte	0x5
 382 0064 696E7400 		.ascii	"int\000"
 383 0068 02       		.uleb128 0x2
 384 0069 04       		.byte	0x4
 385 006a 07       		.byte	0x7
 386 006b 4C010000 		.4byte	.LASF8
 387 006f 04       		.uleb128 0x4
 388 0070 3B010000 		.4byte	.LASF12
 389 0074 02       		.byte	0x2
 390 0075 5D       		.byte	0x5d
 391 0076 4C000000 		.4byte	0x4c
 392 007a 02       		.uleb128 0x2
 393 007b 04       		.byte	0x4
 394 007c 04       		.byte	0x4
 395 007d 65000000 		.4byte	.LASF9
 396 0081 02       		.uleb128 0x2
 397 0082 08       		.byte	0x8
ARM GAS  C:\Users\atsu\AppData\Local\Temp\ccE1lGHZ.s 			page 16


 398 0083 04       		.byte	0x4
 399 0084 E1000000 		.4byte	.LASF10
 400 0088 02       		.uleb128 0x2
 401 0089 01       		.byte	0x1
 402 008a 08       		.byte	0x8
 403 008b C2010000 		.4byte	.LASF11
 404 008f 04       		.uleb128 0x4
 405 0090 00000000 		.4byte	.LASF13
 406 0094 02       		.byte	0x2
 407 0095 F2       		.byte	0xf2
 408 0096 9A000000 		.4byte	0x9a
 409 009a 05       		.uleb128 0x5
 410 009b 6F000000 		.4byte	0x6f
 411 009f 06       		.uleb128 0x6
 412 00a0 83010000 		.4byte	.LASF14
 413 00a4 02       		.byte	0x2
 414 00a5 0201     		.2byte	0x102
 415 00a7 AB000000 		.4byte	0xab
 416 00ab 07       		.uleb128 0x7
 417 00ac 04       		.byte	0x4
 418 00ad B1000000 		.4byte	0xb1
 419 00b1 08       		.uleb128 0x8
 420 00b2 01       		.byte	0x1
 421 00b3 02       		.uleb128 0x2
 422 00b4 04       		.byte	0x4
 423 00b5 07       		.byte	0x7
 424 00b6 AB010000 		.4byte	.LASF15
 425 00ba 09       		.uleb128 0x9
 426 00bb 88000000 		.4byte	0x88
 427 00bf 04       		.uleb128 0x4
 428 00c0 06000000 		.4byte	.LASF16
 429 00c4 03       		.byte	0x3
 430 00c5 D5       		.byte	0xd5
 431 00c6 68000000 		.4byte	0x68
 432 00ca 04       		.uleb128 0x4
 433 00cb 9A010000 		.4byte	.LASF17
 434 00cf 01       		.byte	0x1
 435 00d0 C0       		.byte	0xc0
 436 00d1 30000000 		.4byte	0x30
 437 00d5 0A       		.uleb128 0xa
 438 00d6 68020000 		.4byte	.LASF41
 439 00da 10       		.byte	0x10
 440 00db 01       		.byte	0x1
 441 00dc C2       		.byte	0xc2
 442 00dd 1A010000 		.4byte	0x11a
 443 00e1 0B       		.uleb128 0xb
 444 00e2 4A000000 		.4byte	.LASF18
 445 00e6 01       		.byte	0x1
 446 00e7 C4       		.byte	0xc4
 447 00e8 1A010000 		.4byte	0x11a
 448 00ec 02       		.byte	0x2
 449 00ed 23       		.byte	0x23
 450 00ee 00       		.uleb128 0
 451 00ef 0B       		.uleb128 0xb
 452 00f0 6B000000 		.4byte	.LASF19
 453 00f4 01       		.byte	0x1
 454 00f5 C5       		.byte	0xc5
ARM GAS  C:\Users\atsu\AppData\Local\Temp\ccE1lGHZ.s 			page 17


 455 00f6 1A010000 		.4byte	0x11a
 456 00fa 02       		.byte	0x2
 457 00fb 23       		.byte	0x23
 458 00fc 04       		.uleb128 0x4
 459 00fd 0B       		.uleb128 0xb
 460 00fe 90010000 		.4byte	.LASF20
 461 0102 01       		.byte	0x1
 462 0103 C6       		.byte	0xc6
 463 0104 BF000000 		.4byte	0xbf
 464 0108 02       		.byte	0x2
 465 0109 23       		.byte	0x23
 466 010a 08       		.uleb128 0x8
 467 010b 0B       		.uleb128 0xb
 468 010c 56000000 		.4byte	.LASF21
 469 0110 01       		.byte	0x1
 470 0111 C7       		.byte	0xc7
 471 0112 BF000000 		.4byte	0xbf
 472 0116 02       		.byte	0x2
 473 0117 23       		.byte	0x23
 474 0118 0C       		.uleb128 0xc
 475 0119 00       		.byte	0
 476 011a 07       		.uleb128 0x7
 477 011b 04       		.byte	0x4
 478 011c CA000000 		.4byte	0xca
 479 0120 0C       		.uleb128 0xc
 480 0121 01       		.byte	0x1
 481 0122 CF000000 		.4byte	.LASF42
 482 0126 01       		.byte	0x1
 483 0127 5D       		.byte	0x5d
 484 0128 01       		.byte	0x1
 485 0129 00000000 		.4byte	.LFB0
 486 012d 04000000 		.4byte	.LFE0
 487 0131 00000000 		.4byte	.LLST0
 488 0135 01       		.byte	0x1
 489 0136 0D       		.uleb128 0xd
 490 0137 01       		.byte	0x1
 491 0138 C9000000 		.4byte	.LASF22
 492 013c 01       		.byte	0x1
 493 013d CF       		.byte	0xcf
 494 013e 01       		.byte	0x1
 495 013f 00000000 		.4byte	.LFB1
 496 0143 04000000 		.4byte	.LFE1
 497 0147 20000000 		.4byte	.LLST1
 498 014b 01       		.byte	0x1
 499 014c 67010000 		.4byte	0x167
 500 0150 0E       		.uleb128 0xe
 501 0151 4F000000 		.4byte	.LASF43
 502 0155 01       		.byte	0x1
 503 0156 CF       		.byte	0xcf
 504 0157 61000000 		.4byte	0x61
 505 015b 01       		.byte	0x1
 506 015c 50       		.byte	0x50
 507 015d 0F       		.uleb128 0xf
 508 015e 7800     		.ascii	"x\000"
 509 0160 01       		.byte	0x1
 510 0161 D2       		.byte	0xd2
 511 0162 61000000 		.4byte	0x61
ARM GAS  C:\Users\atsu\AppData\Local\Temp\ccE1lGHZ.s 			page 18


 512 0166 00       		.byte	0
 513 0167 0D       		.uleb128 0xd
 514 0168 01       		.byte	0x1
 515 0169 2C000000 		.4byte	.LASF23
 516 016d 01       		.byte	0x1
 517 016e EC       		.byte	0xec
 518 016f 01       		.byte	0x1
 519 0170 00000000 		.4byte	.LFB2
 520 0174 98000000 		.4byte	.LFE2
 521 0178 40000000 		.4byte	.LLST2
 522 017c 01       		.byte	0x1
 523 017d F8010000 		.4byte	0x1f8
 524 0181 10       		.uleb128 0x10
 525 0182 60020000 		.4byte	.LASF24
 526 0186 01       		.byte	0x1
 527 0187 EE       		.byte	0xee
 528 0188 68000000 		.4byte	0x68
 529 018c 60000000 		.4byte	.LLST3
 530 0190 10       		.uleb128 0x10
 531 0191 60000000 		.4byte	.LASF25
 532 0195 01       		.byte	0x1
 533 0196 EF       		.byte	0xef
 534 0197 F8010000 		.4byte	0x1f8
 535 019b 73000000 		.4byte	.LLST4
 536 019f 11       		.uleb128 0x11
 537 01a0 00000000 		.4byte	.Ldebug_ranges0+0
 538 01a4 E5010000 		.4byte	0x1e5
 539 01a8 12       		.uleb128 0x12
 540 01a9 73726300 		.ascii	"src\000"
 541 01ad 01       		.byte	0x1
 542 01ae F4       		.byte	0xf4
 543 01af 03020000 		.4byte	0x203
 544 01b3 B0000000 		.4byte	.LLST5
 545 01b7 12       		.uleb128 0x12
 546 01b8 64737400 		.ascii	"dst\000"
 547 01bc 01       		.byte	0x1
 548 01bd F5       		.byte	0xf5
 549 01be 03020000 		.4byte	0x203
 550 01c2 C4000000 		.4byte	.LLST6
 551 01c6 10       		.uleb128 0x10
 552 01c7 7D010000 		.4byte	.LASF26
 553 01cb 01       		.byte	0x1
 554 01cc F6       		.byte	0xf6
 555 01cd 68000000 		.4byte	0x68
 556 01d1 E2000000 		.4byte	.LLST7
 557 01d5 10       		.uleb128 0x10
 558 01d6 34000000 		.4byte	.LASF27
 559 01da 01       		.byte	0x1
 560 01db F7       		.byte	0xf7
 561 01dc 68000000 		.4byte	0x68
 562 01e0 74010000 		.4byte	.LLST8
 563 01e4 00       		.byte	0
 564 01e5 13       		.uleb128 0x13
 565 01e6 88000000 		.4byte	.LVL16
 566 01ea E9020000 		.4byte	0x2e9
 567 01ee 13       		.uleb128 0x13
 568 01ef 8C000000 		.4byte	.LVL17
ARM GAS  C:\Users\atsu\AppData\Local\Temp\ccE1lGHZ.s 			page 19


 569 01f3 F3020000 		.4byte	0x2f3
 570 01f7 00       		.byte	0
 571 01f8 07       		.uleb128 0x7
 572 01f9 04       		.byte	0x4
 573 01fa FE010000 		.4byte	0x1fe
 574 01fe 09       		.uleb128 0x9
 575 01ff D5000000 		.4byte	0xd5
 576 0203 07       		.uleb128 0x7
 577 0204 04       		.byte	0x4
 578 0205 6F000000 		.4byte	0x6f
 579 0209 14       		.uleb128 0x14
 580 020a 01       		.byte	0x1
 581 020b C3000000 		.4byte	.LASF28
 582 020f 01       		.byte	0x1
 583 0210 1E01     		.2byte	0x11e
 584 0212 01       		.byte	0x1
 585 0213 00000000 		.4byte	.LFB3
 586 0217 06000000 		.4byte	.LFE3
 587 021b 88010000 		.4byte	.LLST9
 588 021f 01       		.byte	0x1
 589 0220 2E020000 		.4byte	0x22e
 590 0224 13       		.uleb128 0x13
 591 0225 06000000 		.4byte	.LVL18
 592 0229 67010000 		.4byte	0x167
 593 022d 00       		.byte	0
 594 022e 14       		.uleb128 0x14
 595 022f 01       		.byte	0x1
 596 0230 2B010000 		.4byte	.LASF29
 597 0234 01       		.byte	0x1
 598 0235 9301     		.2byte	0x193
 599 0237 01       		.byte	0x1
 600 0238 00000000 		.4byte	.LFB4
 601 023c 40000000 		.4byte	.LFE4
 602 0240 A8010000 		.4byte	.LLST10
 603 0244 01       		.byte	0x1
 604 0245 63020000 		.4byte	0x263
 605 0249 15       		.uleb128 0x15
 606 024a 42010000 		.4byte	.LASF30
 607 024e 01       		.byte	0x1
 608 024f 9501     		.2byte	0x195
 609 0251 6F000000 		.4byte	0x6f
 610 0255 C8010000 		.4byte	.LLST11
 611 0259 13       		.uleb128 0x13
 612 025a 20000000 		.4byte	.LVL22
 613 025e 01030000 		.4byte	0x301
 614 0262 00       		.byte	0
 615 0263 16       		.uleb128 0x16
 616 0264 9B000000 		.4byte	.LASF31
 617 0268 01       		.byte	0x1
 618 0269 34       		.byte	0x34
 619 026a 6F000000 		.4byte	0x6f
 620 026e 05       		.byte	0x5
 621 026f 03       		.byte	0x3
 622 0270 00000000 		.4byte	cySysNoInitDataValid
 623 0274 17       		.uleb128 0x17
 624 0275 D5000000 		.4byte	0xd5
 625 0279 7F020000 		.4byte	0x27f
ARM GAS  C:\Users\atsu\AppData\Local\Temp\ccE1lGHZ.s 			page 20


 626 027d 18       		.uleb128 0x18
 627 027e 00       		.byte	0
 628 027f 19       		.uleb128 0x19
 629 0280 53020000 		.4byte	.LASF32
 630 0284 01       		.byte	0x1
 631 0285 CA       		.byte	0xca
 632 0286 8C020000 		.4byte	0x28c
 633 028a 01       		.byte	0x1
 634 028b 01       		.byte	0x1
 635 028c 09       		.uleb128 0x9
 636 028d 74020000 		.4byte	0x274
 637 0291 19       		.uleb128 0x19
 638 0292 3A000000 		.4byte	.LASF33
 639 0296 01       		.byte	0x1
 640 0297 CB       		.byte	0xcb
 641 0298 BA000000 		.4byte	0xba
 642 029c 01       		.byte	0x1
 643 029d 01       		.byte	0x1
 644 029e 17       		.uleb128 0x17
 645 029f 9F000000 		.4byte	0x9f
 646 02a3 AE020000 		.4byte	0x2ae
 647 02a7 1A       		.uleb128 0x1a
 648 02a8 B3000000 		.4byte	0xb3
 649 02ac 2F       		.byte	0x2f
 650 02ad 00       		.byte	0
 651 02ae 1B       		.uleb128 0x1b
 652 02af 1F000000 		.4byte	.LASF34
 653 02b3 01       		.byte	0x1
 654 02b4 5F01     		.2byte	0x15f
 655 02b6 9E020000 		.4byte	0x29e
 656 02ba 01       		.byte	0x1
 657 02bb 05       		.byte	0x5
 658 02bc 03       		.byte	0x3
 659 02bd 00000000 		.4byte	CyRamVectors
 660 02c1 17       		.uleb128 0x17
 661 02c2 9F000000 		.4byte	0x9f
 662 02c6 D1020000 		.4byte	0x2d1
 663 02ca 1A       		.uleb128 0x1a
 664 02cb B3000000 		.4byte	0xb3
 665 02cf 03       		.byte	0x3
 666 02d0 00       		.byte	0
 667 02d1 1B       		.uleb128 0x1b
 668 02d2 7E000000 		.4byte	.LASF35
 669 02d6 01       		.byte	0x1
 670 02d7 7001     		.2byte	0x170
 671 02d9 E4020000 		.4byte	0x2e4
 672 02dd 01       		.byte	0x1
 673 02de 05       		.byte	0x5
 674 02df 03       		.byte	0x3
 675 02e0 00000000 		.4byte	RomVectors
 676 02e4 09       		.uleb128 0x9
 677 02e5 C1020000 		.4byte	0x2c1
 678 02e9 1C       		.uleb128 0x1c
 679 02ea 01       		.byte	0x1
 680 02eb 0D000000 		.4byte	.LASF36
 681 02ef 01       		.byte	0x1
 682 02f0 BE       		.byte	0xbe
ARM GAS  C:\Users\atsu\AppData\Local\Temp\ccE1lGHZ.s 			page 21


 683 02f1 01       		.byte	0x1
 684 02f2 01       		.byte	0x1
 685 02f3 1D       		.uleb128 0x1d
 686 02f4 01       		.byte	0x1
 687 02f5 26010000 		.4byte	.LASF44
 688 02f9 01       		.byte	0x1
 689 02fa BB       		.byte	0xbb
 690 02fb 01       		.byte	0x1
 691 02fc 61000000 		.4byte	0x61
 692 0300 01       		.byte	0x1
 693 0301 1C       		.uleb128 0x1c
 694 0302 01       		.byte	0x1
 695 0303 59010000 		.4byte	.LASF37
 696 0307 04       		.byte	0x4
 697 0308 14       		.byte	0x14
 698 0309 01       		.byte	0x1
 699 030a 01       		.byte	0x1
 700 030b 00       		.byte	0
 701              		.section	.debug_abbrev,"",%progbits
 702              	.Ldebug_abbrev0:
 703 0000 01       		.uleb128 0x1
 704 0001 11       		.uleb128 0x11
 705 0002 01       		.byte	0x1
 706 0003 25       		.uleb128 0x25
 707 0004 0E       		.uleb128 0xe
 708 0005 13       		.uleb128 0x13
 709 0006 0B       		.uleb128 0xb
 710 0007 03       		.uleb128 0x3
 711 0008 0E       		.uleb128 0xe
 712 0009 1B       		.uleb128 0x1b
 713 000a 0E       		.uleb128 0xe
 714 000b 55       		.uleb128 0x55
 715 000c 06       		.uleb128 0x6
 716 000d 11       		.uleb128 0x11
 717 000e 01       		.uleb128 0x1
 718 000f 52       		.uleb128 0x52
 719 0010 01       		.uleb128 0x1
 720 0011 10       		.uleb128 0x10
 721 0012 06       		.uleb128 0x6
 722 0013 00       		.byte	0
 723 0014 00       		.byte	0
 724 0015 02       		.uleb128 0x2
 725 0016 24       		.uleb128 0x24
 726 0017 00       		.byte	0
 727 0018 0B       		.uleb128 0xb
 728 0019 0B       		.uleb128 0xb
 729 001a 3E       		.uleb128 0x3e
 730 001b 0B       		.uleb128 0xb
 731 001c 03       		.uleb128 0x3
 732 001d 0E       		.uleb128 0xe
 733 001e 00       		.byte	0
 734 001f 00       		.byte	0
 735 0020 03       		.uleb128 0x3
 736 0021 24       		.uleb128 0x24
 737 0022 00       		.byte	0
 738 0023 0B       		.uleb128 0xb
 739 0024 0B       		.uleb128 0xb
ARM GAS  C:\Users\atsu\AppData\Local\Temp\ccE1lGHZ.s 			page 22


 740 0025 3E       		.uleb128 0x3e
 741 0026 0B       		.uleb128 0xb
 742 0027 03       		.uleb128 0x3
 743 0028 08       		.uleb128 0x8
 744 0029 00       		.byte	0
 745 002a 00       		.byte	0
 746 002b 04       		.uleb128 0x4
 747 002c 16       		.uleb128 0x16
 748 002d 00       		.byte	0
 749 002e 03       		.uleb128 0x3
 750 002f 0E       		.uleb128 0xe
 751 0030 3A       		.uleb128 0x3a
 752 0031 0B       		.uleb128 0xb
 753 0032 3B       		.uleb128 0x3b
 754 0033 0B       		.uleb128 0xb
 755 0034 49       		.uleb128 0x49
 756 0035 13       		.uleb128 0x13
 757 0036 00       		.byte	0
 758 0037 00       		.byte	0
 759 0038 05       		.uleb128 0x5
 760 0039 35       		.uleb128 0x35
 761 003a 00       		.byte	0
 762 003b 49       		.uleb128 0x49
 763 003c 13       		.uleb128 0x13
 764 003d 00       		.byte	0
 765 003e 00       		.byte	0
 766 003f 06       		.uleb128 0x6
 767 0040 16       		.uleb128 0x16
 768 0041 00       		.byte	0
 769 0042 03       		.uleb128 0x3
 770 0043 0E       		.uleb128 0xe
 771 0044 3A       		.uleb128 0x3a
 772 0045 0B       		.uleb128 0xb
 773 0046 3B       		.uleb128 0x3b
 774 0047 05       		.uleb128 0x5
 775 0048 49       		.uleb128 0x49
 776 0049 13       		.uleb128 0x13
 777 004a 00       		.byte	0
 778 004b 00       		.byte	0
 779 004c 07       		.uleb128 0x7
 780 004d 0F       		.uleb128 0xf
 781 004e 00       		.byte	0
 782 004f 0B       		.uleb128 0xb
 783 0050 0B       		.uleb128 0xb
 784 0051 49       		.uleb128 0x49
 785 0052 13       		.uleb128 0x13
 786 0053 00       		.byte	0
 787 0054 00       		.byte	0
 788 0055 08       		.uleb128 0x8
 789 0056 15       		.uleb128 0x15
 790 0057 00       		.byte	0
 791 0058 27       		.uleb128 0x27
 792 0059 0C       		.uleb128 0xc
 793 005a 00       		.byte	0
 794 005b 00       		.byte	0
 795 005c 09       		.uleb128 0x9
 796 005d 26       		.uleb128 0x26
ARM GAS  C:\Users\atsu\AppData\Local\Temp\ccE1lGHZ.s 			page 23


 797 005e 00       		.byte	0
 798 005f 49       		.uleb128 0x49
 799 0060 13       		.uleb128 0x13
 800 0061 00       		.byte	0
 801 0062 00       		.byte	0
 802 0063 0A       		.uleb128 0xa
 803 0064 13       		.uleb128 0x13
 804 0065 01       		.byte	0x1
 805 0066 03       		.uleb128 0x3
 806 0067 0E       		.uleb128 0xe
 807 0068 0B       		.uleb128 0xb
 808 0069 0B       		.uleb128 0xb
 809 006a 3A       		.uleb128 0x3a
 810 006b 0B       		.uleb128 0xb
 811 006c 3B       		.uleb128 0x3b
 812 006d 0B       		.uleb128 0xb
 813 006e 01       		.uleb128 0x1
 814 006f 13       		.uleb128 0x13
 815 0070 00       		.byte	0
 816 0071 00       		.byte	0
 817 0072 0B       		.uleb128 0xb
 818 0073 0D       		.uleb128 0xd
 819 0074 00       		.byte	0
 820 0075 03       		.uleb128 0x3
 821 0076 0E       		.uleb128 0xe
 822 0077 3A       		.uleb128 0x3a
 823 0078 0B       		.uleb128 0xb
 824 0079 3B       		.uleb128 0x3b
 825 007a 0B       		.uleb128 0xb
 826 007b 49       		.uleb128 0x49
 827 007c 13       		.uleb128 0x13
 828 007d 38       		.uleb128 0x38
 829 007e 0A       		.uleb128 0xa
 830 007f 00       		.byte	0
 831 0080 00       		.byte	0
 832 0081 0C       		.uleb128 0xc
 833 0082 2E       		.uleb128 0x2e
 834 0083 00       		.byte	0
 835 0084 3F       		.uleb128 0x3f
 836 0085 0C       		.uleb128 0xc
 837 0086 03       		.uleb128 0x3
 838 0087 0E       		.uleb128 0xe
 839 0088 3A       		.uleb128 0x3a
 840 0089 0B       		.uleb128 0xb
 841 008a 3B       		.uleb128 0x3b
 842 008b 0B       		.uleb128 0xb
 843 008c 27       		.uleb128 0x27
 844 008d 0C       		.uleb128 0xc
 845 008e 11       		.uleb128 0x11
 846 008f 01       		.uleb128 0x1
 847 0090 12       		.uleb128 0x12
 848 0091 01       		.uleb128 0x1
 849 0092 40       		.uleb128 0x40
 850 0093 06       		.uleb128 0x6
 851 0094 9742     		.uleb128 0x2117
 852 0096 0C       		.uleb128 0xc
 853 0097 00       		.byte	0
ARM GAS  C:\Users\atsu\AppData\Local\Temp\ccE1lGHZ.s 			page 24


 854 0098 00       		.byte	0
 855 0099 0D       		.uleb128 0xd
 856 009a 2E       		.uleb128 0x2e
 857 009b 01       		.byte	0x1
 858 009c 3F       		.uleb128 0x3f
 859 009d 0C       		.uleb128 0xc
 860 009e 03       		.uleb128 0x3
 861 009f 0E       		.uleb128 0xe
 862 00a0 3A       		.uleb128 0x3a
 863 00a1 0B       		.uleb128 0xb
 864 00a2 3B       		.uleb128 0x3b
 865 00a3 0B       		.uleb128 0xb
 866 00a4 27       		.uleb128 0x27
 867 00a5 0C       		.uleb128 0xc
 868 00a6 11       		.uleb128 0x11
 869 00a7 01       		.uleb128 0x1
 870 00a8 12       		.uleb128 0x12
 871 00a9 01       		.uleb128 0x1
 872 00aa 40       		.uleb128 0x40
 873 00ab 06       		.uleb128 0x6
 874 00ac 9742     		.uleb128 0x2117
 875 00ae 0C       		.uleb128 0xc
 876 00af 01       		.uleb128 0x1
 877 00b0 13       		.uleb128 0x13
 878 00b1 00       		.byte	0
 879 00b2 00       		.byte	0
 880 00b3 0E       		.uleb128 0xe
 881 00b4 05       		.uleb128 0x5
 882 00b5 00       		.byte	0
 883 00b6 03       		.uleb128 0x3
 884 00b7 0E       		.uleb128 0xe
 885 00b8 3A       		.uleb128 0x3a
 886 00b9 0B       		.uleb128 0xb
 887 00ba 3B       		.uleb128 0x3b
 888 00bb 0B       		.uleb128 0xb
 889 00bc 49       		.uleb128 0x49
 890 00bd 13       		.uleb128 0x13
 891 00be 02       		.uleb128 0x2
 892 00bf 0A       		.uleb128 0xa
 893 00c0 00       		.byte	0
 894 00c1 00       		.byte	0
 895 00c2 0F       		.uleb128 0xf
 896 00c3 34       		.uleb128 0x34
 897 00c4 00       		.byte	0
 898 00c5 03       		.uleb128 0x3
 899 00c6 08       		.uleb128 0x8
 900 00c7 3A       		.uleb128 0x3a
 901 00c8 0B       		.uleb128 0xb
 902 00c9 3B       		.uleb128 0x3b
 903 00ca 0B       		.uleb128 0xb
 904 00cb 49       		.uleb128 0x49
 905 00cc 13       		.uleb128 0x13
 906 00cd 00       		.byte	0
 907 00ce 00       		.byte	0
 908 00cf 10       		.uleb128 0x10
 909 00d0 34       		.uleb128 0x34
 910 00d1 00       		.byte	0
ARM GAS  C:\Users\atsu\AppData\Local\Temp\ccE1lGHZ.s 			page 25


 911 00d2 03       		.uleb128 0x3
 912 00d3 0E       		.uleb128 0xe
 913 00d4 3A       		.uleb128 0x3a
 914 00d5 0B       		.uleb128 0xb
 915 00d6 3B       		.uleb128 0x3b
 916 00d7 0B       		.uleb128 0xb
 917 00d8 49       		.uleb128 0x49
 918 00d9 13       		.uleb128 0x13
 919 00da 02       		.uleb128 0x2
 920 00db 06       		.uleb128 0x6
 921 00dc 00       		.byte	0
 922 00dd 00       		.byte	0
 923 00de 11       		.uleb128 0x11
 924 00df 0B       		.uleb128 0xb
 925 00e0 01       		.byte	0x1
 926 00e1 55       		.uleb128 0x55
 927 00e2 06       		.uleb128 0x6
 928 00e3 01       		.uleb128 0x1
 929 00e4 13       		.uleb128 0x13
 930 00e5 00       		.byte	0
 931 00e6 00       		.byte	0
 932 00e7 12       		.uleb128 0x12
 933 00e8 34       		.uleb128 0x34
 934 00e9 00       		.byte	0
 935 00ea 03       		.uleb128 0x3
 936 00eb 08       		.uleb128 0x8
 937 00ec 3A       		.uleb128 0x3a
 938 00ed 0B       		.uleb128 0xb
 939 00ee 3B       		.uleb128 0x3b
 940 00ef 0B       		.uleb128 0xb
 941 00f0 49       		.uleb128 0x49
 942 00f1 13       		.uleb128 0x13
 943 00f2 02       		.uleb128 0x2
 944 00f3 06       		.uleb128 0x6
 945 00f4 00       		.byte	0
 946 00f5 00       		.byte	0
 947 00f6 13       		.uleb128 0x13
 948 00f7 898201   		.uleb128 0x4109
 949 00fa 00       		.byte	0
 950 00fb 11       		.uleb128 0x11
 951 00fc 01       		.uleb128 0x1
 952 00fd 31       		.uleb128 0x31
 953 00fe 13       		.uleb128 0x13
 954 00ff 00       		.byte	0
 955 0100 00       		.byte	0
 956 0101 14       		.uleb128 0x14
 957 0102 2E       		.uleb128 0x2e
 958 0103 01       		.byte	0x1
 959 0104 3F       		.uleb128 0x3f
 960 0105 0C       		.uleb128 0xc
 961 0106 03       		.uleb128 0x3
 962 0107 0E       		.uleb128 0xe
 963 0108 3A       		.uleb128 0x3a
 964 0109 0B       		.uleb128 0xb
 965 010a 3B       		.uleb128 0x3b
 966 010b 05       		.uleb128 0x5
 967 010c 27       		.uleb128 0x27
ARM GAS  C:\Users\atsu\AppData\Local\Temp\ccE1lGHZ.s 			page 26


 968 010d 0C       		.uleb128 0xc
 969 010e 11       		.uleb128 0x11
 970 010f 01       		.uleb128 0x1
 971 0110 12       		.uleb128 0x12
 972 0111 01       		.uleb128 0x1
 973 0112 40       		.uleb128 0x40
 974 0113 06       		.uleb128 0x6
 975 0114 9742     		.uleb128 0x2117
 976 0116 0C       		.uleb128 0xc
 977 0117 01       		.uleb128 0x1
 978 0118 13       		.uleb128 0x13
 979 0119 00       		.byte	0
 980 011a 00       		.byte	0
 981 011b 15       		.uleb128 0x15
 982 011c 34       		.uleb128 0x34
 983 011d 00       		.byte	0
 984 011e 03       		.uleb128 0x3
 985 011f 0E       		.uleb128 0xe
 986 0120 3A       		.uleb128 0x3a
 987 0121 0B       		.uleb128 0xb
 988 0122 3B       		.uleb128 0x3b
 989 0123 05       		.uleb128 0x5
 990 0124 49       		.uleb128 0x49
 991 0125 13       		.uleb128 0x13
 992 0126 02       		.uleb128 0x2
 993 0127 06       		.uleb128 0x6
 994 0128 00       		.byte	0
 995 0129 00       		.byte	0
 996 012a 16       		.uleb128 0x16
 997 012b 34       		.uleb128 0x34
 998 012c 00       		.byte	0
 999 012d 03       		.uleb128 0x3
 1000 012e 0E       		.uleb128 0xe
 1001 012f 3A       		.uleb128 0x3a
 1002 0130 0B       		.uleb128 0xb
 1003 0131 3B       		.uleb128 0x3b
 1004 0132 0B       		.uleb128 0xb
 1005 0133 49       		.uleb128 0x49
 1006 0134 13       		.uleb128 0x13
 1007 0135 02       		.uleb128 0x2
 1008 0136 0A       		.uleb128 0xa
 1009 0137 00       		.byte	0
 1010 0138 00       		.byte	0
 1011 0139 17       		.uleb128 0x17
 1012 013a 01       		.uleb128 0x1
 1013 013b 01       		.byte	0x1
 1014 013c 49       		.uleb128 0x49
 1015 013d 13       		.uleb128 0x13
 1016 013e 01       		.uleb128 0x1
 1017 013f 13       		.uleb128 0x13
 1018 0140 00       		.byte	0
 1019 0141 00       		.byte	0
 1020 0142 18       		.uleb128 0x18
 1021 0143 21       		.uleb128 0x21
 1022 0144 00       		.byte	0
 1023 0145 00       		.byte	0
 1024 0146 00       		.byte	0
ARM GAS  C:\Users\atsu\AppData\Local\Temp\ccE1lGHZ.s 			page 27


 1025 0147 19       		.uleb128 0x19
 1026 0148 34       		.uleb128 0x34
 1027 0149 00       		.byte	0
 1028 014a 03       		.uleb128 0x3
 1029 014b 0E       		.uleb128 0xe
 1030 014c 3A       		.uleb128 0x3a
 1031 014d 0B       		.uleb128 0xb
 1032 014e 3B       		.uleb128 0x3b
 1033 014f 0B       		.uleb128 0xb
 1034 0150 49       		.uleb128 0x49
 1035 0151 13       		.uleb128 0x13
 1036 0152 3F       		.uleb128 0x3f
 1037 0153 0C       		.uleb128 0xc
 1038 0154 3C       		.uleb128 0x3c
 1039 0155 0C       		.uleb128 0xc
 1040 0156 00       		.byte	0
 1041 0157 00       		.byte	0
 1042 0158 1A       		.uleb128 0x1a
 1043 0159 21       		.uleb128 0x21
 1044 015a 00       		.byte	0
 1045 015b 49       		.uleb128 0x49
 1046 015c 13       		.uleb128 0x13
 1047 015d 2F       		.uleb128 0x2f
 1048 015e 0B       		.uleb128 0xb
 1049 015f 00       		.byte	0
 1050 0160 00       		.byte	0
 1051 0161 1B       		.uleb128 0x1b
 1052 0162 34       		.uleb128 0x34
 1053 0163 00       		.byte	0
 1054 0164 03       		.uleb128 0x3
 1055 0165 0E       		.uleb128 0xe
 1056 0166 3A       		.uleb128 0x3a
 1057 0167 0B       		.uleb128 0xb
 1058 0168 3B       		.uleb128 0x3b
 1059 0169 05       		.uleb128 0x5
 1060 016a 49       		.uleb128 0x49
 1061 016b 13       		.uleb128 0x13
 1062 016c 3F       		.uleb128 0x3f
 1063 016d 0C       		.uleb128 0xc
 1064 016e 02       		.uleb128 0x2
 1065 016f 0A       		.uleb128 0xa
 1066 0170 00       		.byte	0
 1067 0171 00       		.byte	0
 1068 0172 1C       		.uleb128 0x1c
 1069 0173 2E       		.uleb128 0x2e
 1070 0174 00       		.byte	0
 1071 0175 3F       		.uleb128 0x3f
 1072 0176 0C       		.uleb128 0xc
 1073 0177 03       		.uleb128 0x3
 1074 0178 0E       		.uleb128 0xe
 1075 0179 3A       		.uleb128 0x3a
 1076 017a 0B       		.uleb128 0xb
 1077 017b 3B       		.uleb128 0x3b
 1078 017c 0B       		.uleb128 0xb
 1079 017d 27       		.uleb128 0x27
 1080 017e 0C       		.uleb128 0xc
 1081 017f 3C       		.uleb128 0x3c
ARM GAS  C:\Users\atsu\AppData\Local\Temp\ccE1lGHZ.s 			page 28


 1082 0180 0C       		.uleb128 0xc
 1083 0181 00       		.byte	0
 1084 0182 00       		.byte	0
 1085 0183 1D       		.uleb128 0x1d
 1086 0184 2E       		.uleb128 0x2e
 1087 0185 00       		.byte	0
 1088 0186 3F       		.uleb128 0x3f
 1089 0187 0C       		.uleb128 0xc
 1090 0188 03       		.uleb128 0x3
 1091 0189 0E       		.uleb128 0xe
 1092 018a 3A       		.uleb128 0x3a
 1093 018b 0B       		.uleb128 0xb
 1094 018c 3B       		.uleb128 0x3b
 1095 018d 0B       		.uleb128 0xb
 1096 018e 27       		.uleb128 0x27
 1097 018f 0C       		.uleb128 0xc
 1098 0190 49       		.uleb128 0x49
 1099 0191 13       		.uleb128 0x13
 1100 0192 3C       		.uleb128 0x3c
 1101 0193 0C       		.uleb128 0xc
 1102 0194 00       		.byte	0
 1103 0195 00       		.byte	0
 1104 0196 00       		.byte	0
 1105              		.section	.debug_loc,"",%progbits
 1106              	.Ldebug_loc0:
 1107              	.LLST0:
 1108 0000 00000000 		.4byte	.LFB0
 1109 0004 02000000 		.4byte	.LCFI0
 1110 0008 0200     		.2byte	0x2
 1111 000a 7D       		.byte	0x7d
 1112 000b 00       		.sleb128 0
 1113 000c 02000000 		.4byte	.LCFI0
 1114 0010 04000000 		.4byte	.LFE0
 1115 0014 0200     		.2byte	0x2
 1116 0016 7D       		.byte	0x7d
 1117 0017 04       		.sleb128 4
 1118 0018 00000000 		.4byte	0
 1119 001c 00000000 		.4byte	0
 1120              	.LLST1:
 1121 0020 00000000 		.4byte	.LFB1
 1122 0024 02000000 		.4byte	.LCFI1
 1123 0028 0200     		.2byte	0x2
 1124 002a 7D       		.byte	0x7d
 1125 002b 00       		.sleb128 0
 1126 002c 02000000 		.4byte	.LCFI1
 1127 0030 04000000 		.4byte	.LFE1
 1128 0034 0200     		.2byte	0x2
 1129 0036 7D       		.byte	0x7d
 1130 0037 04       		.sleb128 4
 1131 0038 00000000 		.4byte	0
 1132 003c 00000000 		.4byte	0
 1133              	.LLST2:
 1134 0040 00000000 		.4byte	.LFB2
 1135 0044 02000000 		.4byte	.LCFI2
 1136 0048 0200     		.2byte	0x2
 1137 004a 7D       		.byte	0x7d
 1138 004b 00       		.sleb128 0
ARM GAS  C:\Users\atsu\AppData\Local\Temp\ccE1lGHZ.s 			page 29


 1139 004c 02000000 		.4byte	.LCFI2
 1140 0050 98000000 		.4byte	.LFE2
 1141 0054 0200     		.2byte	0x2
 1142 0056 7D       		.byte	0x7d
 1143 0057 18       		.sleb128 24
 1144 0058 00000000 		.4byte	0
 1145 005c 00000000 		.4byte	0
 1146              	.LLST3:
 1147 0060 04000000 		.4byte	.LVL2
 1148 0064 06000000 		.4byte	.LVL3
 1149 0068 0100     		.2byte	0x1
 1150 006a 50       		.byte	0x50
 1151 006b 00000000 		.4byte	0
 1152 006f 00000000 		.4byte	0
 1153              	.LLST4:
 1154 0073 10000000 		.4byte	.LVL4
 1155 0077 6A000000 		.4byte	.LVL11
 1156 007b 0100     		.2byte	0x1
 1157 007d 53       		.byte	0x53
 1158 007e 6A000000 		.4byte	.LVL11
 1159 0082 80000000 		.4byte	.LVL14
 1160 0086 0800     		.2byte	0x8
 1161 0088 70       		.byte	0x70
 1162 0089 00       		.sleb128 0
 1163 008a 71       		.byte	0x71
 1164 008b 00       		.sleb128 0
 1165 008c 1C       		.byte	0x1c
 1166 008d 34       		.byte	0x34
 1167 008e 24       		.byte	0x24
 1168 008f 9F       		.byte	0x9f
 1169 0090 84000000 		.4byte	.LVL15
 1170 0094 87000000 		.4byte	.LVL16-1
 1171 0098 0100     		.2byte	0x1
 1172 009a 53       		.byte	0x53
 1173 009b 87000000 		.4byte	.LVL16-1
 1174 009f 98000000 		.4byte	.LFE2
 1175 00a3 0300     		.2byte	0x3
 1176 00a5 74       		.byte	0x74
 1177 00a6 00       		.sleb128 0
 1178 00a7 9F       		.byte	0x9f
 1179 00a8 00000000 		.4byte	0
 1180 00ac 00000000 		.4byte	0
 1181              	.LLST5:
 1182 00b0 14000000 		.4byte	.LVL5
 1183 00b4 52000000 		.4byte	.LVL8
 1184 00b8 0200     		.2byte	0x2
 1185 00ba 73       		.byte	0x73
 1186 00bb 00       		.sleb128 0
 1187 00bc 00000000 		.4byte	0
 1188 00c0 00000000 		.4byte	0
 1189              	.LLST6:
 1190 00c4 2A000000 		.4byte	.LVL6
 1191 00c8 52000000 		.4byte	.LVL8
 1192 00cc 0100     		.2byte	0x1
 1193 00ce 54       		.byte	0x54
 1194 00cf 52000000 		.4byte	.LVL8
 1195 00d3 84000000 		.4byte	.LVL15
ARM GAS  C:\Users\atsu\AppData\Local\Temp\ccE1lGHZ.s 			page 30


 1196 00d7 0100     		.2byte	0x1
 1197 00d9 52       		.byte	0x52
 1198 00da 00000000 		.4byte	0
 1199 00de 00000000 		.4byte	0
 1200              	.LLST7:
 1201 00e2 40000000 		.4byte	.LVL7
 1202 00e6 62000000 		.4byte	.LVL10
 1203 00ea 0100     		.2byte	0x1
 1204 00ec 56       		.byte	0x56
 1205 00ed 62000000 		.4byte	.LVL10
 1206 00f1 6A000000 		.4byte	.LVL11
 1207 00f5 2600     		.2byte	0x26
 1208 00f7 73       		.byte	0x73
 1209 00f8 09       		.sleb128 9
 1210 00f9 94       		.byte	0x94
 1211 00fa 01       		.byte	0x1
 1212 00fb 08       		.byte	0x8
 1213 00fc FF       		.byte	0xff
 1214 00fd 1A       		.byte	0x1a
 1215 00fe 38       		.byte	0x38
 1216 00ff 24       		.byte	0x24
 1217 0100 73       		.byte	0x73
 1218 0101 0A       		.sleb128 10
 1219 0102 94       		.byte	0x94
 1220 0103 01       		.byte	0x1
 1221 0104 08       		.byte	0x8
 1222 0105 FF       		.byte	0xff
 1223 0106 1A       		.byte	0x1a
 1224 0107 40       		.byte	0x40
 1225 0108 24       		.byte	0x24
 1226 0109 21       		.byte	0x21
 1227 010a 73       		.byte	0x73
 1228 010b 0B       		.sleb128 11
 1229 010c 94       		.byte	0x94
 1230 010d 01       		.byte	0x1
 1231 010e 08       		.byte	0x8
 1232 010f FF       		.byte	0xff
 1233 0110 1A       		.byte	0x1a
 1234 0111 48       		.byte	0x48
 1235 0112 24       		.byte	0x24
 1236 0113 21       		.byte	0x21
 1237 0114 73       		.byte	0x73
 1238 0115 08       		.sleb128 8
 1239 0116 94       		.byte	0x94
 1240 0117 01       		.byte	0x1
 1241 0118 08       		.byte	0x8
 1242 0119 FF       		.byte	0xff
 1243 011a 1A       		.byte	0x1a
 1244 011b 21       		.byte	0x21
 1245 011c 9F       		.byte	0x9f
 1246 011d 6A000000 		.4byte	.LVL11
 1247 0121 74000000 		.4byte	.LVL12
 1248 0125 3A00     		.2byte	0x3a
 1249 0127 70       		.byte	0x70
 1250 0128 00       		.sleb128 0
 1251 0129 71       		.byte	0x71
 1252 012a 00       		.sleb128 0
ARM GAS  C:\Users\atsu\AppData\Local\Temp\ccE1lGHZ.s 			page 31


 1253 012b 1C       		.byte	0x1c
 1254 012c 34       		.byte	0x34
 1255 012d 24       		.byte	0x24
 1256 012e 94       		.byte	0x94
 1257 012f 01       		.byte	0x1
 1258 0130 08       		.byte	0x8
 1259 0131 FF       		.byte	0xff
 1260 0132 1A       		.byte	0x1a
 1261 0133 38       		.byte	0x38
 1262 0134 24       		.byte	0x24
 1263 0135 70       		.byte	0x70
 1264 0136 00       		.sleb128 0
 1265 0137 71       		.byte	0x71
 1266 0138 00       		.sleb128 0
 1267 0139 1C       		.byte	0x1c
 1268 013a 34       		.byte	0x34
 1269 013b 24       		.byte	0x24
 1270 013c 94       		.byte	0x94
 1271 013d 01       		.byte	0x1
 1272 013e 08       		.byte	0x8
 1273 013f FF       		.byte	0xff
 1274 0140 1A       		.byte	0x1a
 1275 0141 40       		.byte	0x40
 1276 0142 24       		.byte	0x24
 1277 0143 21       		.byte	0x21
 1278 0144 70       		.byte	0x70
 1279 0145 00       		.sleb128 0
 1280 0146 71       		.byte	0x71
 1281 0147 00       		.sleb128 0
 1282 0148 1C       		.byte	0x1c
 1283 0149 34       		.byte	0x34
 1284 014a 24       		.byte	0x24
 1285 014b 94       		.byte	0x94
 1286 014c 01       		.byte	0x1
 1287 014d 08       		.byte	0x8
 1288 014e FF       		.byte	0xff
 1289 014f 1A       		.byte	0x1a
 1290 0150 48       		.byte	0x48
 1291 0151 24       		.byte	0x24
 1292 0152 21       		.byte	0x21
 1293 0153 70       		.byte	0x70
 1294 0154 00       		.sleb128 0
 1295 0155 71       		.byte	0x71
 1296 0156 00       		.sleb128 0
 1297 0157 1C       		.byte	0x1c
 1298 0158 34       		.byte	0x34
 1299 0159 24       		.byte	0x24
 1300 015a 94       		.byte	0x94
 1301 015b 01       		.byte	0x1
 1302 015c 08       		.byte	0x8
 1303 015d FF       		.byte	0xff
 1304 015e 1A       		.byte	0x1a
 1305 015f 21       		.byte	0x21
 1306 0160 9F       		.byte	0x9f
 1307 0161 74000000 		.4byte	.LVL12
 1308 0165 84000000 		.4byte	.LVL15
 1309 0169 0100     		.2byte	0x1
ARM GAS  C:\Users\atsu\AppData\Local\Temp\ccE1lGHZ.s 			page 32


 1310 016b 56       		.byte	0x56
 1311 016c 00000000 		.4byte	0
 1312 0170 00000000 		.4byte	0
 1313              	.LLST8:
 1314 0174 40000000 		.4byte	.LVL7
 1315 0178 52000000 		.4byte	.LVL8
 1316 017c 0200     		.2byte	0x2
 1317 017e 30       		.byte	0x30
 1318 017f 9F       		.byte	0x9f
 1319 0180 00000000 		.4byte	0
 1320 0184 00000000 		.4byte	0
 1321              	.LLST9:
 1322 0188 00000000 		.4byte	.LFB3
 1323 018c 02000000 		.4byte	.LCFI3
 1324 0190 0200     		.2byte	0x2
 1325 0192 7D       		.byte	0x7d
 1326 0193 00       		.sleb128 0
 1327 0194 02000000 		.4byte	.LCFI3
 1328 0198 06000000 		.4byte	.LFE3
 1329 019c 0200     		.2byte	0x2
 1330 019e 7D       		.byte	0x7d
 1331 019f 08       		.sleb128 8
 1332 01a0 00000000 		.4byte	0
 1333 01a4 00000000 		.4byte	0
 1334              	.LLST10:
 1335 01a8 00000000 		.4byte	.LFB4
 1336 01ac 02000000 		.4byte	.LCFI4
 1337 01b0 0200     		.2byte	0x2
 1338 01b2 7D       		.byte	0x7d
 1339 01b3 00       		.sleb128 0
 1340 01b4 02000000 		.4byte	.LCFI4
 1341 01b8 40000000 		.4byte	.LFE4
 1342 01bc 0200     		.2byte	0x2
 1343 01be 7D       		.byte	0x7d
 1344 01bf 08       		.sleb128 8
 1345 01c0 00000000 		.4byte	0
 1346 01c4 00000000 		.4byte	0
 1347              	.LLST11:
 1348 01c8 00000000 		.4byte	.LVL19
 1349 01cc 04000000 		.4byte	.LVL20
 1350 01d0 0200     		.2byte	0x2
 1351 01d2 30       		.byte	0x30
 1352 01d3 9F       		.byte	0x9f
 1353 01d4 16000000 		.4byte	.LVL21
 1354 01d8 1F000000 		.4byte	.LVL22-1
 1355 01dc 0100     		.2byte	0x1
 1356 01de 53       		.byte	0x53
 1357 01df 00000000 		.4byte	0
 1358 01e3 00000000 		.4byte	0
 1359              		.section	.debug_aranges,"",%progbits
 1360 0000 3C000000 		.4byte	0x3c
 1361 0004 0200     		.2byte	0x2
 1362 0006 00000000 		.4byte	.Ldebug_info0
 1363 000a 04       		.byte	0x4
 1364 000b 00       		.byte	0
 1365 000c 0000     		.2byte	0
 1366 000e 0000     		.2byte	0
ARM GAS  C:\Users\atsu\AppData\Local\Temp\ccE1lGHZ.s 			page 33


 1367 0010 00000000 		.4byte	.LFB0
 1368 0014 04000000 		.4byte	.LFE0-.LFB0
 1369 0018 00000000 		.4byte	.LFB1
 1370 001c 04000000 		.4byte	.LFE1-.LFB1
 1371 0020 00000000 		.4byte	.LFB2
 1372 0024 98000000 		.4byte	.LFE2-.LFB2
 1373 0028 00000000 		.4byte	.LFB3
 1374 002c 06000000 		.4byte	.LFE3-.LFB3
 1375 0030 00000000 		.4byte	.LFB4
 1376 0034 40000000 		.4byte	.LFE4-.LFB4
 1377 0038 00000000 		.4byte	0
 1378 003c 00000000 		.4byte	0
 1379              		.section	.debug_ranges,"",%progbits
 1380              	.Ldebug_ranges0:
 1381 0000 06000000 		.4byte	.LBB2
 1382 0004 10000000 		.4byte	.LBE2
 1383 0008 14000000 		.4byte	.LBB3
 1384 000c 84000000 		.4byte	.LBE3
 1385 0010 00000000 		.4byte	0
 1386 0014 00000000 		.4byte	0
 1387 0018 00000000 		.4byte	.LFB0
 1388 001c 04000000 		.4byte	.LFE0
 1389 0020 00000000 		.4byte	.LFB1
 1390 0024 04000000 		.4byte	.LFE1
 1391 0028 00000000 		.4byte	.LFB2
 1392 002c 98000000 		.4byte	.LFE2
 1393 0030 00000000 		.4byte	.LFB3
 1394 0034 06000000 		.4byte	.LFE3
 1395 0038 00000000 		.4byte	.LFB4
 1396 003c 40000000 		.4byte	.LFE4
 1397 0040 00000000 		.4byte	0
 1398 0044 00000000 		.4byte	0
 1399              		.section	.debug_line,"",%progbits
 1400              	.Ldebug_line0:
 1401 0000 8C010000 		.section	.debug_str,"MS",%progbits,1
 1401      0200E500 
 1401      00000201 
 1401      FB0E0D00 
 1401      01010101 
 1402              	.LASF13:
 1403 0000 72656733 		.ascii	"reg32\000"
 1403      3200
 1404              	.LASF16:
 1405 0006 73697A65 		.ascii	"size_t\000"
 1405      5F7400
 1406              	.LASF36:
 1407 000d 5F5F6C69 		.ascii	"__libc_init_array\000"
 1407      62635F69 
 1407      6E69745F 
 1407      61727261 
 1407      7900
 1408              	.LASF34:
 1409 001f 43795261 		.ascii	"CyRamVectors\000"
 1409      6D566563 
 1409      746F7273 
 1409      00
 1410              	.LASF23:
ARM GAS  C:\Users\atsu\AppData\Local\Temp\ccE1lGHZ.s 			page 34


 1411 002c 53746172 		.ascii	"Start_c\000"
 1411      745F6300 
 1412              	.LASF27:
 1413 0034 636F756E 		.ascii	"count\000"
 1413      7400
 1414              	.LASF33:
 1415 003a 5F5F6379 		.ascii	"__cy_region_num\000"
 1415      5F726567 
 1415      696F6E5F 
 1415      6E756D00 
 1416              	.LASF18:
 1417 004a 696E6974 		.ascii	"init\000"
 1417      00
 1418              	.LASF43:
 1419 004f 73746174 		.ascii	"status\000"
 1419      757300
 1420              	.LASF21:
 1421 0056 7A65726F 		.ascii	"zero_size\000"
 1421      5F73697A 
 1421      6500
 1422              	.LASF25:
 1423 0060 72707472 		.ascii	"rptr\000"
 1423      00
 1424              	.LASF9:
 1425 0065 666C6F61 		.ascii	"float\000"
 1425      7400
 1426              	.LASF19:
 1427 006b 64617461 		.ascii	"data\000"
 1427      00
 1428              	.LASF1:
 1429 0070 756E7369 		.ascii	"unsigned char\000"
 1429      676E6564 
 1429      20636861 
 1429      7200
 1430              	.LASF35:
 1431 007e 526F6D56 		.ascii	"RomVectors\000"
 1431      6563746F 
 1431      727300
 1432              	.LASF5:
 1433 0089 6C6F6E67 		.ascii	"long unsigned int\000"
 1433      20756E73 
 1433      69676E65 
 1433      6420696E 
 1433      7400
 1434              	.LASF31:
 1435 009b 63795379 		.ascii	"cySysNoInitDataValid\000"
 1435      734E6F49 
 1435      6E697444 
 1435      61746156 
 1435      616C6964 
 1436              	.LASF3:
 1437 00b0 73686F72 		.ascii	"short unsigned int\000"
 1437      7420756E 
 1437      7369676E 
 1437      65642069 
 1437      6E7400
 1438              	.LASF28:
ARM GAS  C:\Users\atsu\AppData\Local\Temp\ccE1lGHZ.s 			page 35


 1439 00c3 52657365 		.ascii	"Reset\000"
 1439      7400
 1440              	.LASF22:
 1441 00c9 5F657869 		.ascii	"_exit\000"
 1441      7400
 1442              	.LASF42:
 1443 00cf 496E7444 		.ascii	"IntDefaultHandler\000"
 1443      65666175 
 1443      6C744861 
 1443      6E646C65 
 1443      7200
 1444              	.LASF10:
 1445 00e1 646F7562 		.ascii	"double\000"
 1445      6C6500
 1446              	.LASF40:
 1447 00e8 433A5C55 		.ascii	"C:\\Users\\atsu\\Desktop\\W5100_PSoC4_test\\W5100_P"
 1447      73657273 
 1447      5C617473 
 1447      755C4465 
 1447      736B746F 
 1448 0116 536F4334 		.ascii	"SoC4_test.cydsn\000"
 1448      5F746573 
 1448      742E6379 
 1448      64736E00 
 1449              	.LASF44:
 1450 0126 6D61696E 		.ascii	"main\000"
 1450      00
 1451              	.LASF29:
 1452 012b 696E6974 		.ascii	"initialize_psoc\000"
 1452      69616C69 
 1452      7A655F70 
 1452      736F6300 
 1453              	.LASF12:
 1454 013b 75696E74 		.ascii	"uint32\000"
 1454      333200
 1455              	.LASF30:
 1456 0142 696E6465 		.ascii	"indexInit\000"
 1456      78496E69 
 1456      7400
 1457              	.LASF8:
 1458 014c 756E7369 		.ascii	"unsigned int\000"
 1458      676E6564 
 1458      20696E74 
 1458      00
 1459              	.LASF37:
 1460 0159 63796669 		.ascii	"cyfitter_cfg\000"
 1460      74746572 
 1460      5F636667 
 1460      00
 1461              	.LASF7:
 1462 0166 6C6F6E67 		.ascii	"long long unsigned int\000"
 1462      206C6F6E 
 1462      6720756E 
 1462      7369676E 
 1462      65642069 
 1463              	.LASF26:
 1464 017d 6C696D69 		.ascii	"limit\000"
ARM GAS  C:\Users\atsu\AppData\Local\Temp\ccE1lGHZ.s 			page 36


 1464      7400
 1465              	.LASF14:
 1466 0183 63796973 		.ascii	"cyisraddress\000"
 1466      72616464 
 1466      72657373 
 1466      00
 1467              	.LASF20:
 1468 0190 696E6974 		.ascii	"init_size\000"
 1468      5F73697A 
 1468      6500
 1469              	.LASF17:
 1470 019a 5F5F6379 		.ascii	"__cy_byte_align8\000"
 1470      5F627974 
 1470      655F616C 
 1470      69676E38 
 1470      00
 1471              	.LASF15:
 1472 01ab 73697A65 		.ascii	"sizetype\000"
 1472      74797065 
 1472      00
 1473              	.LASF6:
 1474 01b4 6C6F6E67 		.ascii	"long long int\000"
 1474      206C6F6E 
 1474      6720696E 
 1474      7400
 1475              	.LASF11:
 1476 01c2 63686172 		.ascii	"char\000"
 1476      00
 1477              	.LASF39:
 1478 01c7 2E5C4765 		.ascii	".\\Generated_Source\\PSoC4\\Cm0Start.c\000"
 1478      6E657261 
 1478      7465645F 
 1478      536F7572 
 1478      63655C50 
 1479              	.LASF2:
 1480 01eb 73686F72 		.ascii	"short int\000"
 1480      7420696E 
 1480      7400
 1481              	.LASF38:
 1482 01f5 474E5520 		.ascii	"GNU C 4.7.3 20130312 (release) [ARM/embedded-4_7-br"
 1482      4320342E 
 1482      372E3320 
 1482      32303133 
 1482      30333132 
 1483 0228 616E6368 		.ascii	"anch revision 196615]\000"
 1483      20726576 
 1483      6973696F 
 1483      6E203139 
 1483      36363135 
 1484              	.LASF4:
 1485 023e 6C6F6E67 		.ascii	"long int\000"
 1485      20696E74 
 1485      00
 1486              	.LASF0:
 1487 0247 7369676E 		.ascii	"signed char\000"
 1487      65642063 
 1487      68617200 
ARM GAS  C:\Users\atsu\AppData\Local\Temp\ccE1lGHZ.s 			page 37


 1488              	.LASF32:
 1489 0253 5F5F6379 		.ascii	"__cy_regions\000"
 1489      5F726567 
 1489      696F6E73 
 1489      00
 1490              	.LASF24:
 1491 0260 72656769 		.ascii	"regions\000"
 1491      6F6E7300 
 1492              	.LASF41:
 1493 0268 5F5F6379 		.ascii	"__cy_region\000"
 1493      5F726567 
 1493      696F6E00 
 1494              		.ident	"GCC: (GNU Tools for ARM Embedded Processors) 4.7.3 20130312 (release) [ARM/embedded-4_7-br
