ARM GAS  C:\Users\atsu\AppData\Local\Temp\ccwcyOGv.s 			page 1


   1              		.cpu cortex-m0
   2              		.fpu softvfp
   3              		.eabi_attribute 20, 1
   4              		.eabi_attribute 21, 1
   5              		.eabi_attribute 23, 3
   6              		.eabi_attribute 24, 1
   7              		.eabi_attribute 25, 1
   8              		.eabi_attribute 26, 1
   9              		.eabi_attribute 30, 4
  10              		.eabi_attribute 34, 0
  11              		.eabi_attribute 18, 4
  12              		.code	16
  13              		.file	"cyfitter_cfg.c"
  14              		.text
  15              	.Ltext0:
  16              		.cfi_sections	.debug_frame
  17              		.section	.psocinit,"ax",%progbits
  18              		.align	1
  19              		.global	cyfitter_cfg
  20              		.code	16
  21              		.thumb_func
  22              		.type	cyfitter_cfg, %function
  23              	cyfitter_cfg:
  24              	.LFB6:
  25              		.file 1 ".\\Generated_Source\\PSoC4\\cyfitter_cfg.c"
   1:.\Generated_Source\PSoC4/cyfitter_cfg.c **** /*******************************************************************************
   2:.\Generated_Source\PSoC4/cyfitter_cfg.c **** * FILENAME: cyfitter_cfg.c
   3:.\Generated_Source\PSoC4/cyfitter_cfg.c **** * PSoC Creator 3.0
   4:.\Generated_Source\PSoC4/cyfitter_cfg.c **** *
   5:.\Generated_Source\PSoC4/cyfitter_cfg.c **** * Description:
   6:.\Generated_Source\PSoC4/cyfitter_cfg.c **** * This file is automatically generated by PSoC Creator with device 
   7:.\Generated_Source\PSoC4/cyfitter_cfg.c **** * initialization code.  Except for the user defined sections in
   8:.\Generated_Source\PSoC4/cyfitter_cfg.c **** * CyClockStartupError(), this file should not be modified.
   9:.\Generated_Source\PSoC4/cyfitter_cfg.c **** *
  10:.\Generated_Source\PSoC4/cyfitter_cfg.c **** ********************************************************************************
  11:.\Generated_Source\PSoC4/cyfitter_cfg.c **** * Copyright 2013, Cypress Semiconductor Corporation.  All rights reserved.
  12:.\Generated_Source\PSoC4/cyfitter_cfg.c **** * You may use this file only in accordance with the license, terms, conditions, 
  13:.\Generated_Source\PSoC4/cyfitter_cfg.c **** * disclaimers, and limitations in the end user license agreement accompanying 
  14:.\Generated_Source\PSoC4/cyfitter_cfg.c **** * the software package with which this file was provided.
  15:.\Generated_Source\PSoC4/cyfitter_cfg.c **** ********************************************************************************/
  16:.\Generated_Source\PSoC4/cyfitter_cfg.c **** 
  17:.\Generated_Source\PSoC4/cyfitter_cfg.c **** #include <string.h>
  18:.\Generated_Source\PSoC4/cyfitter_cfg.c **** #include <cytypes.h>
  19:.\Generated_Source\PSoC4/cyfitter_cfg.c **** #include <cydevice_trm.h>
  20:.\Generated_Source\PSoC4/cyfitter_cfg.c **** #include <cyfitter.h>
  21:.\Generated_Source\PSoC4/cyfitter_cfg.c **** #include <CyLib.h>
  22:.\Generated_Source\PSoC4/cyfitter_cfg.c **** #include <cyfitter_cfg.h>
  23:.\Generated_Source\PSoC4/cyfitter_cfg.c **** 
  24:.\Generated_Source\PSoC4/cyfitter_cfg.c **** 
  25:.\Generated_Source\PSoC4/cyfitter_cfg.c **** #if defined(__GNUC__) || defined(__ARMCC_VERSION)
  26:.\Generated_Source\PSoC4/cyfitter_cfg.c ****     #define CYPACKED 
  27:.\Generated_Source\PSoC4/cyfitter_cfg.c ****     #define CYPACKED_ATTR __attribute__ ((packed))
  28:.\Generated_Source\PSoC4/cyfitter_cfg.c ****     #define CYALIGNED __attribute__ ((aligned))
  29:.\Generated_Source\PSoC4/cyfitter_cfg.c ****     #define CY_CFG_UNUSED __attribute__ ((unused))
  30:.\Generated_Source\PSoC4/cyfitter_cfg.c ****     #define CY_CFG_SECTION __attribute__ ((section(".psocinit")))
  31:.\Generated_Source\PSoC4/cyfitter_cfg.c ****     
  32:.\Generated_Source\PSoC4/cyfitter_cfg.c ****     #if defined(__ARMCC_VERSION)
ARM GAS  C:\Users\atsu\AppData\Local\Temp\ccwcyOGv.s 			page 2


  33:.\Generated_Source\PSoC4/cyfitter_cfg.c ****         #define CY_CFG_MEMORY_BARRIER() __memory_changed()
  34:.\Generated_Source\PSoC4/cyfitter_cfg.c ****     #else
  35:.\Generated_Source\PSoC4/cyfitter_cfg.c ****         #define CY_CFG_MEMORY_BARRIER() __sync_synchronize()
  36:.\Generated_Source\PSoC4/cyfitter_cfg.c ****     #endif
  37:.\Generated_Source\PSoC4/cyfitter_cfg.c ****     
  38:.\Generated_Source\PSoC4/cyfitter_cfg.c **** #elif defined(__ICCARM__)
  39:.\Generated_Source\PSoC4/cyfitter_cfg.c ****     #include <intrinsics.h>
  40:.\Generated_Source\PSoC4/cyfitter_cfg.c **** 
  41:.\Generated_Source\PSoC4/cyfitter_cfg.c ****     #define CYPACKED __packed
  42:.\Generated_Source\PSoC4/cyfitter_cfg.c ****     #define CYPACKED_ATTR 
  43:.\Generated_Source\PSoC4/cyfitter_cfg.c ****     #define CYALIGNED _Pragma("data_alignment=4")
  44:.\Generated_Source\PSoC4/cyfitter_cfg.c ****     #define CY_CFG_UNUSED _Pragma("diag_suppress=Pe177")
  45:.\Generated_Source\PSoC4/cyfitter_cfg.c ****     #define CY_CFG_SECTION _Pragma("location=\".psocinit\"")
  46:.\Generated_Source\PSoC4/cyfitter_cfg.c ****     
  47:.\Generated_Source\PSoC4/cyfitter_cfg.c ****     #define CY_CFG_MEMORY_BARRIER() __DMB()
  48:.\Generated_Source\PSoC4/cyfitter_cfg.c ****     
  49:.\Generated_Source\PSoC4/cyfitter_cfg.c **** #else
  50:.\Generated_Source\PSoC4/cyfitter_cfg.c ****     #error Unsupported toolchain
  51:.\Generated_Source\PSoC4/cyfitter_cfg.c **** #endif
  52:.\Generated_Source\PSoC4/cyfitter_cfg.c **** 
  53:.\Generated_Source\PSoC4/cyfitter_cfg.c **** 
  54:.\Generated_Source\PSoC4/cyfitter_cfg.c **** CY_CFG_UNUSED
  55:.\Generated_Source\PSoC4/cyfitter_cfg.c **** static void CYMEMZERO(void *s, size_t n);
  56:.\Generated_Source\PSoC4/cyfitter_cfg.c **** CY_CFG_UNUSED
  57:.\Generated_Source\PSoC4/cyfitter_cfg.c **** static void CYMEMZERO(void *s, size_t n)
  58:.\Generated_Source\PSoC4/cyfitter_cfg.c **** {
  59:.\Generated_Source\PSoC4/cyfitter_cfg.c **** 	(void)memset(s, 0, n);
  60:.\Generated_Source\PSoC4/cyfitter_cfg.c **** }
  61:.\Generated_Source\PSoC4/cyfitter_cfg.c **** CY_CFG_UNUSED
  62:.\Generated_Source\PSoC4/cyfitter_cfg.c **** static void CYCONFIGCPY(void *dest, const void *src, size_t n);
  63:.\Generated_Source\PSoC4/cyfitter_cfg.c **** CY_CFG_UNUSED
  64:.\Generated_Source\PSoC4/cyfitter_cfg.c **** static void CYCONFIGCPY(void *dest, const void *src, size_t n)
  65:.\Generated_Source\PSoC4/cyfitter_cfg.c **** {
  66:.\Generated_Source\PSoC4/cyfitter_cfg.c **** 	(void)memcpy(dest, src, n);
  67:.\Generated_Source\PSoC4/cyfitter_cfg.c **** }
  68:.\Generated_Source\PSoC4/cyfitter_cfg.c **** CY_CFG_UNUSED
  69:.\Generated_Source\PSoC4/cyfitter_cfg.c **** static void CYCONFIGCPYCODE(void *dest, const void *src, size_t n);
  70:.\Generated_Source\PSoC4/cyfitter_cfg.c **** CY_CFG_UNUSED
  71:.\Generated_Source\PSoC4/cyfitter_cfg.c **** static void CYCONFIGCPYCODE(void *dest, const void *src, size_t n)
  72:.\Generated_Source\PSoC4/cyfitter_cfg.c **** {
  73:.\Generated_Source\PSoC4/cyfitter_cfg.c **** 	(void)memcpy(dest, src, n);
  74:.\Generated_Source\PSoC4/cyfitter_cfg.c **** }
  75:.\Generated_Source\PSoC4/cyfitter_cfg.c **** 
  76:.\Generated_Source\PSoC4/cyfitter_cfg.c **** 
  77:.\Generated_Source\PSoC4/cyfitter_cfg.c **** 
  78:.\Generated_Source\PSoC4/cyfitter_cfg.c **** /* Clock startup error codes                                                   */
  79:.\Generated_Source\PSoC4/cyfitter_cfg.c **** #define CYCLOCKSTART_NO_ERROR    0u
  80:.\Generated_Source\PSoC4/cyfitter_cfg.c **** #define CYCLOCKSTART_XTAL_ERROR  1u
  81:.\Generated_Source\PSoC4/cyfitter_cfg.c **** #define CYCLOCKSTART_32KHZ_ERROR 2u
  82:.\Generated_Source\PSoC4/cyfitter_cfg.c **** #define CYCLOCKSTART_PLL_ERROR   3u
  83:.\Generated_Source\PSoC4/cyfitter_cfg.c **** 
  84:.\Generated_Source\PSoC4/cyfitter_cfg.c **** #ifdef CY_NEED_CYCLOCKSTARTUPERROR
  85:.\Generated_Source\PSoC4/cyfitter_cfg.c **** /*******************************************************************************
  86:.\Generated_Source\PSoC4/cyfitter_cfg.c **** * Function Name: CyClockStartupError
  87:.\Generated_Source\PSoC4/cyfitter_cfg.c **** ********************************************************************************
  88:.\Generated_Source\PSoC4/cyfitter_cfg.c **** * Summary:
  89:.\Generated_Source\PSoC4/cyfitter_cfg.c **** *  If an error is encountered during clock configuration (crystal startup error,
ARM GAS  C:\Users\atsu\AppData\Local\Temp\ccwcyOGv.s 			page 3


  90:.\Generated_Source\PSoC4/cyfitter_cfg.c **** *  PLL lock error, etc.), the system will end up here.  Unless reimplemented by
  91:.\Generated_Source\PSoC4/cyfitter_cfg.c **** *  the customer, this function will stop in an infinite loop.
  92:.\Generated_Source\PSoC4/cyfitter_cfg.c **** *
  93:.\Generated_Source\PSoC4/cyfitter_cfg.c **** * Parameters:
  94:.\Generated_Source\PSoC4/cyfitter_cfg.c **** *   void
  95:.\Generated_Source\PSoC4/cyfitter_cfg.c **** *
  96:.\Generated_Source\PSoC4/cyfitter_cfg.c **** * Return:
  97:.\Generated_Source\PSoC4/cyfitter_cfg.c **** *   void
  98:.\Generated_Source\PSoC4/cyfitter_cfg.c **** *
  99:.\Generated_Source\PSoC4/cyfitter_cfg.c **** *******************************************************************************/
 100:.\Generated_Source\PSoC4/cyfitter_cfg.c **** CY_CFG_UNUSED
 101:.\Generated_Source\PSoC4/cyfitter_cfg.c **** static void CyClockStartupError(uint8 errorCode);
 102:.\Generated_Source\PSoC4/cyfitter_cfg.c **** CY_CFG_UNUSED
 103:.\Generated_Source\PSoC4/cyfitter_cfg.c **** static void CyClockStartupError(uint8 errorCode)
 104:.\Generated_Source\PSoC4/cyfitter_cfg.c **** {
 105:.\Generated_Source\PSoC4/cyfitter_cfg.c ****     /* To remove the compiler warning if errorCode not used.                */
 106:.\Generated_Source\PSoC4/cyfitter_cfg.c ****     errorCode = errorCode;
 107:.\Generated_Source\PSoC4/cyfitter_cfg.c **** 
 108:.\Generated_Source\PSoC4/cyfitter_cfg.c ****     /* `#START CyClockStartupError` */
 109:.\Generated_Source\PSoC4/cyfitter_cfg.c **** 
 110:.\Generated_Source\PSoC4/cyfitter_cfg.c ****     /* If we have a clock startup error (bad MHz crystal, PLL lock, etc.),  */
 111:.\Generated_Source\PSoC4/cyfitter_cfg.c ****     /* we will end up here to allow the customer to implement something to  */
 112:.\Generated_Source\PSoC4/cyfitter_cfg.c ****     /* deal with the clock condition.                                       */
 113:.\Generated_Source\PSoC4/cyfitter_cfg.c **** 
 114:.\Generated_Source\PSoC4/cyfitter_cfg.c ****     /* `#END` */
 115:.\Generated_Source\PSoC4/cyfitter_cfg.c **** 
 116:.\Generated_Source\PSoC4/cyfitter_cfg.c ****     /* If nothing else, stop here since the clocks have not started         */
 117:.\Generated_Source\PSoC4/cyfitter_cfg.c ****     /* correctly.                                                           */
 118:.\Generated_Source\PSoC4/cyfitter_cfg.c ****     while(1) {}
 119:.\Generated_Source\PSoC4/cyfitter_cfg.c **** }
 120:.\Generated_Source\PSoC4/cyfitter_cfg.c **** #endif
 121:.\Generated_Source\PSoC4/cyfitter_cfg.c **** 
 122:.\Generated_Source\PSoC4/cyfitter_cfg.c **** 
 123:.\Generated_Source\PSoC4/cyfitter_cfg.c **** /*******************************************************************************
 124:.\Generated_Source\PSoC4/cyfitter_cfg.c **** * Function Name: SetIMOBGTrims
 125:.\Generated_Source\PSoC4/cyfitter_cfg.c **** ********************************************************************************
 126:.\Generated_Source\PSoC4/cyfitter_cfg.c **** *
 127:.\Generated_Source\PSoC4/cyfitter_cfg.c **** * Summary:
 128:.\Generated_Source\PSoC4/cyfitter_cfg.c **** *   Performs the configuration of the bandgap trim for the IMO based on the given
 129:.\Generated_Source\PSoC4/cyfitter_cfg.c **** *   expected frequency of the IMO. 
 130:.\Generated_Source\PSoC4/cyfitter_cfg.c **** *
 131:.\Generated_Source\PSoC4/cyfitter_cfg.c **** * Parameters:
 132:.\Generated_Source\PSoC4/cyfitter_cfg.c **** *   imoFreq: Frequency for operation of the IMO.
 133:.\Generated_Source\PSoC4/cyfitter_cfg.c **** *
 134:.\Generated_Source\PSoC4/cyfitter_cfg.c **** * Return:
 135:.\Generated_Source\PSoC4/cyfitter_cfg.c **** *   void
 136:.\Generated_Source\PSoC4/cyfitter_cfg.c **** *
 137:.\Generated_Source\PSoC4/cyfitter_cfg.c **** *******************************************************************************/
 138:.\Generated_Source\PSoC4/cyfitter_cfg.c **** static void SetIMOBGTrims(uint8 imoFreq);
 139:.\Generated_Source\PSoC4/cyfitter_cfg.c **** CY_CFG_SECTION
 140:.\Generated_Source\PSoC4/cyfitter_cfg.c **** static void SetIMOBGTrims(uint8 imoFreq)
 141:.\Generated_Source\PSoC4/cyfitter_cfg.c **** {
 142:.\Generated_Source\PSoC4/cyfitter_cfg.c **** 	CYPACKED typedef struct {
 143:.\Generated_Source\PSoC4/cyfitter_cfg.c **** 		uint8 freq;
 144:.\Generated_Source\PSoC4/cyfitter_cfg.c **** 		uint8 absolute;
 145:.\Generated_Source\PSoC4/cyfitter_cfg.c **** 		uint8 tmpco;
 146:.\Generated_Source\PSoC4/cyfitter_cfg.c **** 	} CYPACKED_ATTR imo_trim_entry_t;
ARM GAS  C:\Users\atsu\AppData\Local\Temp\ccwcyOGv.s 			page 4


 147:.\Generated_Source\PSoC4/cyfitter_cfg.c **** 
 148:.\Generated_Source\PSoC4/cyfitter_cfg.c **** 	CYPACKED typedef struct {
 149:.\Generated_Source\PSoC4/cyfitter_cfg.c **** 		imo_trim_entry_t entries[4];
 150:.\Generated_Source\PSoC4/cyfitter_cfg.c **** 	} CYPACKED_ATTR imo_trim_table_t;
 151:.\Generated_Source\PSoC4/cyfitter_cfg.c **** 
 152:.\Generated_Source\PSoC4/cyfitter_cfg.c **** 	static const imo_trim_table_t *imo_trim_table = (const imo_trim_table_t *)CYREG_SFLASH_IMO_MAXF0;
 153:.\Generated_Source\PSoC4/cyfitter_cfg.c **** 	static const uint32 IMO_TRIM_FREQ_TABLE_ENTRIES = sizeof(imo_trim_table->entries)/sizeof(imo_trim_
 154:.\Generated_Source\PSoC4/cyfitter_cfg.c **** 
 155:.\Generated_Source\PSoC4/cyfitter_cfg.c **** 	int32 imoTrimIndex;
 156:.\Generated_Source\PSoC4/cyfitter_cfg.c **** 	uint8 setAbs;
 157:.\Generated_Source\PSoC4/cyfitter_cfg.c **** 	uint8 setTmpCo;
 158:.\Generated_Source\PSoC4/cyfitter_cfg.c **** 
 159:.\Generated_Source\PSoC4/cyfitter_cfg.c **** 	/* Traverse the SFLASH IMO frequency-dependent bandgap trim table to
 160:.\Generated_Source\PSoC4/cyfitter_cfg.c **** 	 * locate the appropriate value to trim the IMO bandgap based on freq. */
 161:.\Generated_Source\PSoC4/cyfitter_cfg.c **** 	setAbs = CY_GET_REG8((const void *)CYREG_SFLASH_IMO_ABS4);
 162:.\Generated_Source\PSoC4/cyfitter_cfg.c **** 	setTmpCo = CY_GET_REG8((const void *)CYREG_SFLASH_IMO_TMPCO4);
 163:.\Generated_Source\PSoC4/cyfitter_cfg.c **** 	for (imoTrimIndex = ((int32)IMO_TRIM_FREQ_TABLE_ENTRIES)-1;
 164:.\Generated_Source\PSoC4/cyfitter_cfg.c **** 	     (imoTrimIndex >= 0) && (imoFreq <= imo_trim_table->entries[imoTrimIndex].freq);
 165:.\Generated_Source\PSoC4/cyfitter_cfg.c **** 	     imoTrimIndex--)
 166:.\Generated_Source\PSoC4/cyfitter_cfg.c **** 	{
 167:.\Generated_Source\PSoC4/cyfitter_cfg.c **** 		setAbs = imo_trim_table->entries[imoTrimIndex].absolute;
 168:.\Generated_Source\PSoC4/cyfitter_cfg.c **** 		setTmpCo = imo_trim_table->entries[imoTrimIndex].tmpco;
 169:.\Generated_Source\PSoC4/cyfitter_cfg.c **** 	}
 170:.\Generated_Source\PSoC4/cyfitter_cfg.c **** 
 171:.\Generated_Source\PSoC4/cyfitter_cfg.c **** 	CY_SET_REG32((void *)CYREG_PWR_BG_TRIM4, setAbs);
 172:.\Generated_Source\PSoC4/cyfitter_cfg.c **** 	CY_SET_REG32((void *)CYREG_PWR_BG_TRIM5, setTmpCo);
 173:.\Generated_Source\PSoC4/cyfitter_cfg.c **** }
 174:.\Generated_Source\PSoC4/cyfitter_cfg.c **** 
 175:.\Generated_Source\PSoC4/cyfitter_cfg.c **** 
 176:.\Generated_Source\PSoC4/cyfitter_cfg.c **** 
 177:.\Generated_Source\PSoC4/cyfitter_cfg.c **** /*******************************************************************************
 178:.\Generated_Source\PSoC4/cyfitter_cfg.c **** * Function Name: ClockSetup
 179:.\Generated_Source\PSoC4/cyfitter_cfg.c **** ********************************************************************************
 180:.\Generated_Source\PSoC4/cyfitter_cfg.c **** *
 181:.\Generated_Source\PSoC4/cyfitter_cfg.c **** * Summary:
 182:.\Generated_Source\PSoC4/cyfitter_cfg.c **** *   Performs the initialization of all of the clocks in the device based on the
 183:.\Generated_Source\PSoC4/cyfitter_cfg.c **** *   settings in the Clock tab of the DWR.  This includes enabling the requested
 184:.\Generated_Source\PSoC4/cyfitter_cfg.c **** *   clocks and setting the necessary dividers to produce the desired frequency. 
 185:.\Generated_Source\PSoC4/cyfitter_cfg.c **** *
 186:.\Generated_Source\PSoC4/cyfitter_cfg.c **** * Parameters:
 187:.\Generated_Source\PSoC4/cyfitter_cfg.c **** *   void
 188:.\Generated_Source\PSoC4/cyfitter_cfg.c **** *
 189:.\Generated_Source\PSoC4/cyfitter_cfg.c **** * Return:
 190:.\Generated_Source\PSoC4/cyfitter_cfg.c **** *   void
 191:.\Generated_Source\PSoC4/cyfitter_cfg.c **** *
 192:.\Generated_Source\PSoC4/cyfitter_cfg.c **** *******************************************************************************/
 193:.\Generated_Source\PSoC4/cyfitter_cfg.c **** static void ClockSetup(void);
 194:.\Generated_Source\PSoC4/cyfitter_cfg.c **** CY_CFG_SECTION
 195:.\Generated_Source\PSoC4/cyfitter_cfg.c **** static void ClockSetup(void)
 196:.\Generated_Source\PSoC4/cyfitter_cfg.c **** {
 197:.\Generated_Source\PSoC4/cyfitter_cfg.c **** 	/* Enable HALF_EN before trimming for the flash accelerator. */
 198:.\Generated_Source\PSoC4/cyfitter_cfg.c **** 	CY_SET_REG32((void CYXDATA *)(CYREG_CLK_SELECT), (CY_GET_REG32((void *)CYREG_CLK_SELECT) | 0x00040
 199:.\Generated_Source\PSoC4/cyfitter_cfg.c **** 
 200:.\Generated_Source\PSoC4/cyfitter_cfg.c **** 	/* Trim IMO BG based on desired frequency. */
 201:.\Generated_Source\PSoC4/cyfitter_cfg.c **** 	SetIMOBGTrims(48u);
 202:.\Generated_Source\PSoC4/cyfitter_cfg.c **** 
 203:.\Generated_Source\PSoC4/cyfitter_cfg.c **** 	/* Going faster than 24MHz, so update trim value then adjust to new clock speed. */
ARM GAS  C:\Users\atsu\AppData\Local\Temp\ccwcyOGv.s 			page 5


 204:.\Generated_Source\PSoC4/cyfitter_cfg.c **** 	CY_SET_REG32((void CYXDATA *)(CYREG_CLK_IMO_TRIM1), (CY_GET_REG8((void *)CYREG_SFLASH_IMO_TRIM45))
 205:.\Generated_Source\PSoC4/cyfitter_cfg.c **** 	CyDelayUs(5u);
 206:.\Generated_Source\PSoC4/cyfitter_cfg.c **** 	CY_SET_REG32((void CYXDATA *)(CYREG_CLK_IMO_TRIM2), (53u));
 207:.\Generated_Source\PSoC4/cyfitter_cfg.c **** 
 208:.\Generated_Source\PSoC4/cyfitter_cfg.c **** 	/* CYDEV_CLK_SELECT00 Starting address: CYDEV_CLK_SELECT00 */
 209:.\Generated_Source\PSoC4/cyfitter_cfg.c **** 	CY_SET_XTND_REG32((void CYFAR *)(CYREG_CLK_SELECT02), 0x00000020u);
 210:.\Generated_Source\PSoC4/cyfitter_cfg.c **** 	CY_SET_XTND_REG32((void CYFAR *)(CYREG_CLK_SELECT03), 0x00000010u);
 211:.\Generated_Source\PSoC4/cyfitter_cfg.c **** 
 212:.\Generated_Source\PSoC4/cyfitter_cfg.c **** 	/* CYDEV_CLK_IMO_CONFIG Starting address: CYDEV_CLK_IMO_CONFIG */
 213:.\Generated_Source\PSoC4/cyfitter_cfg.c **** 	CY_SET_XTND_REG32((void CYFAR *)(CYREG_CLK_IMO_CONFIG), 0x80000000u);
 214:.\Generated_Source\PSoC4/cyfitter_cfg.c **** 
 215:.\Generated_Source\PSoC4/cyfitter_cfg.c **** 	/* CYDEV_CLK_ILO_CONFIG Starting address: CYDEV_CLK_ILO_CONFIG */
 216:.\Generated_Source\PSoC4/cyfitter_cfg.c **** 	CY_SET_XTND_REG32((void CYFAR *)(CYREG_CLK_ILO_CONFIG), 0x80000000u);
 217:.\Generated_Source\PSoC4/cyfitter_cfg.c **** 
 218:.\Generated_Source\PSoC4/cyfitter_cfg.c **** 	/* CYDEV_CLK_SELECT Starting address: CYDEV_CLK_SELECT */
 219:.\Generated_Source\PSoC4/cyfitter_cfg.c **** 	CY_SET_XTND_REG32((void CYFAR *)(CYREG_CLK_SELECT), 0x00040000u);
 220:.\Generated_Source\PSoC4/cyfitter_cfg.c **** 
 221:.\Generated_Source\PSoC4/cyfitter_cfg.c **** 	/* CYDEV_CLK_DIVIDER_A00 Starting address: CYDEV_CLK_DIVIDER_A00 */
 222:.\Generated_Source\PSoC4/cyfitter_cfg.c **** 	CY_SET_XTND_REG32((void CYFAR *)(CYREG_CLK_DIVIDER_A00), 0x80000000u);
 223:.\Generated_Source\PSoC4/cyfitter_cfg.c **** 
 224:.\Generated_Source\PSoC4/cyfitter_cfg.c **** 	/* CYDEV_CLK_DIVIDER_B00 Starting address: CYDEV_CLK_DIVIDER_B00 */
 225:.\Generated_Source\PSoC4/cyfitter_cfg.c **** 	CY_SET_XTND_REG32((void CYFAR *)(CYREG_CLK_DIVIDER_B00), 0x800001A0u);
 226:.\Generated_Source\PSoC4/cyfitter_cfg.c **** 
 227:.\Generated_Source\PSoC4/cyfitter_cfg.c **** }
 228:.\Generated_Source\PSoC4/cyfitter_cfg.c **** 
 229:.\Generated_Source\PSoC4/cyfitter_cfg.c **** 
 230:.\Generated_Source\PSoC4/cyfitter_cfg.c **** /* Analog API Functions */
 231:.\Generated_Source\PSoC4/cyfitter_cfg.c **** 
 232:.\Generated_Source\PSoC4/cyfitter_cfg.c **** 
 233:.\Generated_Source\PSoC4/cyfitter_cfg.c **** /*******************************************************************************
 234:.\Generated_Source\PSoC4/cyfitter_cfg.c **** * Function Name: AnalogSetDefault
 235:.\Generated_Source\PSoC4/cyfitter_cfg.c **** ********************************************************************************
 236:.\Generated_Source\PSoC4/cyfitter_cfg.c **** *
 237:.\Generated_Source\PSoC4/cyfitter_cfg.c **** * Summary:
 238:.\Generated_Source\PSoC4/cyfitter_cfg.c **** *  Sets up the analog portions of the chip to default values based on chip
 239:.\Generated_Source\PSoC4/cyfitter_cfg.c **** *  configuration options from the project.
 240:.\Generated_Source\PSoC4/cyfitter_cfg.c **** *
 241:.\Generated_Source\PSoC4/cyfitter_cfg.c **** * Parameters:
 242:.\Generated_Source\PSoC4/cyfitter_cfg.c **** *  void
 243:.\Generated_Source\PSoC4/cyfitter_cfg.c **** *
 244:.\Generated_Source\PSoC4/cyfitter_cfg.c **** * Return:
 245:.\Generated_Source\PSoC4/cyfitter_cfg.c **** *  void
 246:.\Generated_Source\PSoC4/cyfitter_cfg.c **** *
 247:.\Generated_Source\PSoC4/cyfitter_cfg.c **** *******************************************************************************/
 248:.\Generated_Source\PSoC4/cyfitter_cfg.c **** static void AnalogSetDefault(void);
 249:.\Generated_Source\PSoC4/cyfitter_cfg.c **** static void AnalogSetDefault(void)
 250:.\Generated_Source\PSoC4/cyfitter_cfg.c **** {
 251:.\Generated_Source\PSoC4/cyfitter_cfg.c **** }
 252:.\Generated_Source\PSoC4/cyfitter_cfg.c **** 
 253:.\Generated_Source\PSoC4/cyfitter_cfg.c **** #define CY_AMUX_UNUSED CYREG_CM0_ROM_DWT
 254:.\Generated_Source\PSoC4/cyfitter_cfg.c **** 
 255:.\Generated_Source\PSoC4/cyfitter_cfg.c **** 
 256:.\Generated_Source\PSoC4/cyfitter_cfg.c **** /*******************************************************************************
 257:.\Generated_Source\PSoC4/cyfitter_cfg.c **** * Function Name: cyfitter_cfg
 258:.\Generated_Source\PSoC4/cyfitter_cfg.c **** ********************************************************************************
 259:.\Generated_Source\PSoC4/cyfitter_cfg.c **** * Summary:
 260:.\Generated_Source\PSoC4/cyfitter_cfg.c **** *  This function is called by the start-up code for the selected device. It
ARM GAS  C:\Users\atsu\AppData\Local\Temp\ccwcyOGv.s 			page 6


 261:.\Generated_Source\PSoC4/cyfitter_cfg.c **** *  performs all of the necessary device configuration based on the design
 262:.\Generated_Source\PSoC4/cyfitter_cfg.c **** *  settings.  This includes settings from the Design Wide Resources (DWR) such
 263:.\Generated_Source\PSoC4/cyfitter_cfg.c **** *  as Clocks and Pins as well as any component configuration that is necessary.
 264:.\Generated_Source\PSoC4/cyfitter_cfg.c **** *
 265:.\Generated_Source\PSoC4/cyfitter_cfg.c **** * Parameters:  
 266:.\Generated_Source\PSoC4/cyfitter_cfg.c **** *   void
 267:.\Generated_Source\PSoC4/cyfitter_cfg.c **** *
 268:.\Generated_Source\PSoC4/cyfitter_cfg.c **** * Return:
 269:.\Generated_Source\PSoC4/cyfitter_cfg.c **** *   void
 270:.\Generated_Source\PSoC4/cyfitter_cfg.c **** *
 271:.\Generated_Source\PSoC4/cyfitter_cfg.c **** *******************************************************************************/
 272:.\Generated_Source\PSoC4/cyfitter_cfg.c **** CY_CFG_SECTION
 273:.\Generated_Source\PSoC4/cyfitter_cfg.c **** void cyfitter_cfg(void)
 274:.\Generated_Source\PSoC4/cyfitter_cfg.c **** {
  26              		.loc 1 274 0
  27              		.cfi_startproc
  28 0000 10B5     		push	{r4, lr}
  29              	.LCFI0:
  30              		.cfi_def_cfa_offset 8
  31              		.cfi_offset 4, -8
  32              		.cfi_offset 14, -4
 275:.\Generated_Source\PSoC4/cyfitter_cfg.c **** 	/* Disable interrupts by default. Let user enable if/when they want. */
 276:.\Generated_Source\PSoC4/cyfitter_cfg.c **** 	CyGlobalIntDisable;
  33              		.loc 1 276 0
  34              	@ 276 ".\Generated_Source\PSoC4\cyfitter_cfg.c" 1
  35 0002 72B6     		CPSID   i
  36              	@ 0 "" 2
  37              	.LVL0:
  38              		.code	16
  39              	.LBB14:
  40              	.LBB15:
  41              	.LBB16:
  42              	.LBB17:
  59:.\Generated_Source\PSoC4/cyfitter_cfg.c **** 	(void)memset(s, 0, n);
  43              		.loc 1 59 0
  44 0004 8022     		mov	r2, #128
  45 0006 0021     		mov	r1, #0
  46 0008 D200     		lsl	r2, r2, #3
  47 000a 3648     		ldr	r0, .L6
  48 000c FFF7FEFF 		bl	memset
  49              	.LVL1:
  50 0010 8023     		mov	r3, #128
  51 0012 DA00     		lsl	r2, r3, #3
  52 0014 0021     		mov	r1, #0
  53 0016 3448     		ldr	r0, .L6+4
  54 0018 FFF7FEFF 		bl	memset
  55              	.LVL2:
  56              	.LBE17:
  57              	.LBE16:
  58              	.LBE15:
 277:.\Generated_Source\PSoC4/cyfitter_cfg.c **** 
 278:.\Generated_Source\PSoC4/cyfitter_cfg.c **** 	{
 279:.\Generated_Source\PSoC4/cyfitter_cfg.c **** 
 280:.\Generated_Source\PSoC4/cyfitter_cfg.c **** 		CYPACKED typedef struct {
 281:.\Generated_Source\PSoC4/cyfitter_cfg.c **** 			void CYFAR *address;
 282:.\Generated_Source\PSoC4/cyfitter_cfg.c **** 			uint16 size;
 283:.\Generated_Source\PSoC4/cyfitter_cfg.c **** 		} CYPACKED_ATTR cfg_memset_t;
ARM GAS  C:\Users\atsu\AppData\Local\Temp\ccwcyOGv.s 			page 7


 284:.\Generated_Source\PSoC4/cyfitter_cfg.c **** 
 285:.\Generated_Source\PSoC4/cyfitter_cfg.c **** 		static const cfg_memset_t CYCODE cfg_memset_list [] = {
 286:.\Generated_Source\PSoC4/cyfitter_cfg.c **** 			/* address, size */
 287:.\Generated_Source\PSoC4/cyfitter_cfg.c **** 			{(void CYFAR *)(CYDEV_UDB_P0_U0_BASE), 1024u},
 288:.\Generated_Source\PSoC4/cyfitter_cfg.c **** 			{(void CYFAR *)(CYDEV_UDB_DSI0_BASE), 1024u},
 289:.\Generated_Source\PSoC4/cyfitter_cfg.c **** 		};
 290:.\Generated_Source\PSoC4/cyfitter_cfg.c **** 
 291:.\Generated_Source\PSoC4/cyfitter_cfg.c **** 		uint8 CYDATA i;
 292:.\Generated_Source\PSoC4/cyfitter_cfg.c **** 
 293:.\Generated_Source\PSoC4/cyfitter_cfg.c **** 		/* Zero out critical memory blocks before beginning configuration */
 294:.\Generated_Source\PSoC4/cyfitter_cfg.c **** 		for (i = 0u; i < (sizeof(cfg_memset_list)/sizeof(cfg_memset_list[0])); i++)
 295:.\Generated_Source\PSoC4/cyfitter_cfg.c **** 		{
 296:.\Generated_Source\PSoC4/cyfitter_cfg.c **** 			const cfg_memset_t CYCODE * CYDATA ms = &cfg_memset_list[i];
 297:.\Generated_Source\PSoC4/cyfitter_cfg.c **** 			CYMEMZERO(ms->address, (uint32)(ms->size));
 298:.\Generated_Source\PSoC4/cyfitter_cfg.c **** 		}
 299:.\Generated_Source\PSoC4/cyfitter_cfg.c **** 
 300:.\Generated_Source\PSoC4/cyfitter_cfg.c **** 		/* HSIOM Starting address: CYDEV_HSIOM_BASE */
 301:.\Generated_Source\PSoC4/cyfitter_cfg.c **** 		CY_SET_XTND_REG32((void CYFAR *)(CYDEV_HSIOM_BASE), 0xFF000000u);
  59              		.loc 1 301 0
  60 001c 334C     		ldr	r4, .L6+8
  61 001e FF20     		mov	r0, #255
  62 0020 0106     		lsl	r1, r0, #24
  63 0022 2160     		str	r1, [r4]
 302:.\Generated_Source\PSoC4/cyfitter_cfg.c **** 		CY_SET_XTND_REG32((void CYFAR *)(CYREG_HSIOM_PORT_SEL3), 0x0000EEFFu);
  64              		.loc 1 302 0
  65 0024 324A     		ldr	r2, .L6+12
  66 0026 334B     		ldr	r3, .L6+16
 303:.\Generated_Source\PSoC4/cyfitter_cfg.c **** 		CY_SET_XTND_REG32((void CYFAR *)(CYREG_HSIOM_PORT_SEL4), 0x00000099u);
  67              		.loc 1 303 0
  68 0028 3349     		ldr	r1, .L6+20
  69 002a 9920     		mov	r0, #153
 302:.\Generated_Source\PSoC4/cyfitter_cfg.c **** 		CY_SET_XTND_REG32((void CYFAR *)(CYREG_HSIOM_PORT_SEL3), 0x0000EEFFu);
  70              		.loc 1 302 0
  71 002c 1A60     		str	r2, [r3]
  72              		.loc 1 303 0
  73 002e 0860     		str	r0, [r1]
 304:.\Generated_Source\PSoC4/cyfitter_cfg.c **** 
 305:.\Generated_Source\PSoC4/cyfitter_cfg.c **** 		/* IOPINS0_0 Starting address: CYDEV_PRT0_DR */
 306:.\Generated_Source\PSoC4/cyfitter_cfg.c **** 		CY_SET_XTND_REG32((void CYFAR *)(CYREG_PRT0_DR), 0x000000C0u);
  74              		.loc 1 306 0
  75 0030 324A     		ldr	r2, .L6+24
 307:.\Generated_Source\PSoC4/cyfitter_cfg.c **** 		CY_SET_XTND_REG32((void CYFAR *)(CYREG_PRT0_PC), 0x00D80000u);
  76              		.loc 1 307 0
  77 0032 D823     		mov	r3, #216
  78 0034 3249     		ldr	r1, .L6+28
  79 0036 1804     		lsl	r0, r3, #16
 306:.\Generated_Source\PSoC4/cyfitter_cfg.c **** 		CY_SET_XTND_REG32((void CYFAR *)(CYREG_PRT0_DR), 0x000000C0u);
  80              		.loc 1 306 0
  81 0038 C024     		mov	r4, #192
  82 003a 1460     		str	r4, [r2]
 308:.\Generated_Source\PSoC4/cyfitter_cfg.c **** 
 309:.\Generated_Source\PSoC4/cyfitter_cfg.c **** 		/* IOPINS0_3 Starting address: CYDEV_PRT3_DR */
 310:.\Generated_Source\PSoC4/cyfitter_cfg.c **** 		CY_SET_XTND_REG32((void CYFAR *)(CYREG_PRT3_DR), 0x00000001u);
 311:.\Generated_Source\PSoC4/cyfitter_cfg.c **** 		CY_SET_XTND_REG32((void CYFAR *)(CYREG_PRT3_PC), 0x00006D8Eu);
  83              		.loc 1 311 0
  84 003c 314B     		ldr	r3, .L6+32
 307:.\Generated_Source\PSoC4/cyfitter_cfg.c **** 		CY_SET_XTND_REG32((void CYFAR *)(CYREG_PRT0_PC), 0x00D80000u);
ARM GAS  C:\Users\atsu\AppData\Local\Temp\ccwcyOGv.s 			page 8


  85              		.loc 1 307 0
  86 003e 0860     		str	r0, [r1]
 310:.\Generated_Source\PSoC4/cyfitter_cfg.c **** 		CY_SET_XTND_REG32((void CYFAR *)(CYREG_PRT3_DR), 0x00000001u);
  87              		.loc 1 310 0
  88 0040 314A     		ldr	r2, .L6+36
  89              		.loc 1 311 0
  90 0042 3248     		ldr	r0, .L6+40
 310:.\Generated_Source\PSoC4/cyfitter_cfg.c **** 		CY_SET_XTND_REG32((void CYFAR *)(CYREG_PRT3_DR), 0x00000001u);
  91              		.loc 1 310 0
  92 0044 0124     		mov	r4, #1
  93 0046 1460     		str	r4, [r2]
 312:.\Generated_Source\PSoC4/cyfitter_cfg.c **** 
 313:.\Generated_Source\PSoC4/cyfitter_cfg.c **** 		/* IOPINS0_4 Starting address: CYDEV_PRT4_DR */
 314:.\Generated_Source\PSoC4/cyfitter_cfg.c **** 		CY_SET_XTND_REG32((void CYFAR *)(CYREG_PRT4_DR), 0x00000002u);
  94              		.loc 1 314 0
  95 0048 3149     		ldr	r1, .L6+44
 311:.\Generated_Source\PSoC4/cyfitter_cfg.c **** 		CY_SET_XTND_REG32((void CYFAR *)(CYREG_PRT3_PC), 0x00006D8Eu);
  96              		.loc 1 311 0
  97 004a 1860     		str	r0, [r3]
 315:.\Generated_Source\PSoC4/cyfitter_cfg.c **** 		CY_SET_XTND_REG32((void CYFAR *)(CYREG_PRT4_PC), 0x00000031u);
  98              		.loc 1 315 0
  99 004c 3148     		ldr	r0, .L6+48
 314:.\Generated_Source\PSoC4/cyfitter_cfg.c **** 		CY_SET_XTND_REG32((void CYFAR *)(CYREG_PRT4_DR), 0x00000002u);
 100              		.loc 1 314 0
 101 004e 0224     		mov	r4, #2
 102              		.loc 1 315 0
 103 0050 3122     		mov	r2, #49
 314:.\Generated_Source\PSoC4/cyfitter_cfg.c **** 		CY_SET_XTND_REG32((void CYFAR *)(CYREG_PRT4_DR), 0x00000002u);
 104              		.loc 1 314 0
 105 0052 0C60     		str	r4, [r1]
 316:.\Generated_Source\PSoC4/cyfitter_cfg.c **** 
 317:.\Generated_Source\PSoC4/cyfitter_cfg.c **** 		/* UDB_PA_0 Starting address: CYDEV_UDB_PA0_BASE */
 318:.\Generated_Source\PSoC4/cyfitter_cfg.c **** 		CY_SET_XTND_REG32((void CYFAR *)(CYDEV_UDB_PA0_BASE), 0x00990000u);
 106              		.loc 1 318 0
 107 0054 9923     		mov	r3, #153
 315:.\Generated_Source\PSoC4/cyfitter_cfg.c **** 		CY_SET_XTND_REG32((void CYFAR *)(CYREG_PRT4_PC), 0x00000031u);
 108              		.loc 1 315 0
 109 0056 0260     		str	r2, [r0]
 110              		.loc 1 318 0
 111 0058 2F49     		ldr	r1, .L6+52
 319:.\Generated_Source\PSoC4/cyfitter_cfg.c **** 
 320:.\Generated_Source\PSoC4/cyfitter_cfg.c **** 		/* UDB_PA_3 Starting address: CYDEV_UDB_PA3_BASE */
 321:.\Generated_Source\PSoC4/cyfitter_cfg.c **** 		CY_SET_XTND_REG32((void CYFAR *)(CYDEV_UDB_PA3_BASE), 0x00990000u);
 112              		.loc 1 321 0
 113 005a 3048     		ldr	r0, .L6+56
 318:.\Generated_Source\PSoC4/cyfitter_cfg.c **** 		CY_SET_XTND_REG32((void CYFAR *)(CYDEV_UDB_PA0_BASE), 0x00990000u);
 114              		.loc 1 318 0
 115 005c 1A04     		lsl	r2, r3, #16
 322:.\Generated_Source\PSoC4/cyfitter_cfg.c **** 
 323:.\Generated_Source\PSoC4/cyfitter_cfg.c **** 		/* Enable digital routing */
 324:.\Generated_Source\PSoC4/cyfitter_cfg.c **** 		CY_SET_XTND_REG8((void *)CYREG_UDB_UDBIF_BANK_CTL, CY_GET_XTND_REG8((void *)CYREG_UDB_UDBIF_BANK_
 116              		.loc 1 324 0
 117 005e 304B     		ldr	r3, .L6+60
 318:.\Generated_Source\PSoC4/cyfitter_cfg.c **** 		CY_SET_XTND_REG32((void CYFAR *)(CYDEV_UDB_PA0_BASE), 0x00990000u);
 118              		.loc 1 318 0
 119 0060 0A60     		str	r2, [r1]
 321:.\Generated_Source\PSoC4/cyfitter_cfg.c **** 		CY_SET_XTND_REG32((void CYFAR *)(CYDEV_UDB_PA3_BASE), 0x00990000u);
ARM GAS  C:\Users\atsu\AppData\Local\Temp\ccwcyOGv.s 			page 9


 120              		.loc 1 321 0
 121 0062 0260     		str	r2, [r0]
 122              		.loc 1 324 0
 123 0064 1A78     		ldrb	r2, [r3]
 325:.\Generated_Source\PSoC4/cyfitter_cfg.c **** 
 326:.\Generated_Source\PSoC4/cyfitter_cfg.c **** 		/* Enable UDB array */
 327:.\Generated_Source\PSoC4/cyfitter_cfg.c **** 		CY_SET_XTND_REG8((void *)CYREG_UDB_UDBIF_BANK_CTL, CY_GET_XTND_REG8((void *)CYREG_UDB_UDBIF_BANK_
 124              		.loc 1 327 0
 125 0066 0621     		mov	r1, #6
 324:.\Generated_Source\PSoC4/cyfitter_cfg.c **** 		CY_SET_XTND_REG8((void *)CYREG_UDB_UDBIF_BANK_CTL, CY_GET_XTND_REG8((void *)CYREG_UDB_UDBIF_BANK_
 126              		.loc 1 324 0
 127 0068 1443     		orr	r4, r2
 128 006a 1C70     		strb	r4, [r3]
 129              		.loc 1 327 0
 130 006c 1C78     		ldrb	r4, [r3]
 131              	.LBE14:
 132              	.LBB18:
 133              	.LBB19:
 198:.\Generated_Source\PSoC4/cyfitter_cfg.c **** 	CY_SET_REG32((void CYXDATA *)(CYREG_CLK_SELECT), (CY_GET_REG32((void *)CYREG_CLK_SELECT) | 0x00040
 134              		.loc 1 198 0
 135 006e 2D4A     		ldr	r2, .L6+64
 136              	.LBE19:
 137              	.LBE18:
 138              	.LBB30:
 139              		.loc 1 327 0
 140 0070 0C43     		orr	r4, r1
 141 0072 1C70     		strb	r4, [r3]
 142              	.LBE30:
 143              	.LBB31:
 144              	.LBB28:
 198:.\Generated_Source\PSoC4/cyfitter_cfg.c **** 	CY_SET_REG32((void CYXDATA *)(CYREG_CLK_SELECT), (CY_GET_REG32((void *)CYREG_CLK_SELECT) | 0x00040
 145              		.loc 1 198 0
 146 0074 1068     		ldr	r0, [r2]
 147 0076 8023     		mov	r3, #128
 148 0078 DC02     		lsl	r4, r3, #11
 149 007a 0443     		orr	r4, r0
 150              	.LBB20:
 151              	.LBB21:
 161:.\Generated_Source\PSoC4/cyfitter_cfg.c **** 	setAbs = CY_GET_REG8((const void *)CYREG_SFLASH_IMO_ABS4);
 152              		.loc 1 161 0
 153 007c 2A49     		ldr	r1, .L6+68
 162:.\Generated_Source\PSoC4/cyfitter_cfg.c **** 	setTmpCo = CY_GET_REG8((const void *)CYREG_SFLASH_IMO_TMPCO4);
 154              		.loc 1 162 0
 155 007e 2B4B     		ldr	r3, .L6+72
 156              	.LBE21:
 157              	.LBE20:
 198:.\Generated_Source\PSoC4/cyfitter_cfg.c **** 	CY_SET_REG32((void CYXDATA *)(CYREG_CLK_SELECT), (CY_GET_REG32((void *)CYREG_CLK_SELECT) | 0x00040
 158              		.loc 1 198 0
 159 0080 1460     		str	r4, [r2]
 160              	.LVL3:
 161              	.LBB25:
 162              	.LBB22:
 161:.\Generated_Source\PSoC4/cyfitter_cfg.c **** 	setAbs = CY_GET_REG8((const void *)CYREG_SFLASH_IMO_ABS4);
 163              		.loc 1 161 0
 164 0082 0878     		ldrb	r0, [r1]
 165              	.LVL4:
 162:.\Generated_Source\PSoC4/cyfitter_cfg.c **** 	setTmpCo = CY_GET_REG8((const void *)CYREG_SFLASH_IMO_TMPCO4);
ARM GAS  C:\Users\atsu\AppData\Local\Temp\ccwcyOGv.s 			page 10


 166              		.loc 1 162 0
 167 0084 1978     		ldrb	r1, [r3]
 168              	.LVL5:
 169 0086 2A4B     		ldr	r3, .L6+76
 170 0088 141C     		mov	r4, r2
 171              	.LVL6:
 172              	.L2:
 164:.\Generated_Source\PSoC4/cyfitter_cfg.c **** 	     (imoTrimIndex >= 0) && (imoFreq <= imo_trim_table->entries[imoTrimIndex].freq);
 173              		.loc 1 164 0
 174 008a 1A78     		ldrb	r2, [r3]
 175 008c 2F2A     		cmp	r2, #47
 176 008e 05D9     		bls	.L3
 177              	.L4:
 163:.\Generated_Source\PSoC4/cyfitter_cfg.c **** 	for (imoTrimIndex = ((int32)IMO_TRIM_FREQ_TABLE_ENTRIES)-1;
 178              		.loc 1 163 0
 179 0090 284A     		ldr	r2, .L6+80
 167:.\Generated_Source\PSoC4/cyfitter_cfg.c **** 		setAbs = imo_trim_table->entries[imoTrimIndex].absolute;
 180              		.loc 1 167 0
 181 0092 5878     		ldrb	r0, [r3, #1]
 168:.\Generated_Source\PSoC4/cyfitter_cfg.c **** 		setTmpCo = imo_trim_table->entries[imoTrimIndex].tmpco;
 182              		.loc 1 168 0
 183 0094 9978     		ldrb	r1, [r3, #2]
 184 0096 033B     		sub	r3, r3, #3
 163:.\Generated_Source\PSoC4/cyfitter_cfg.c **** 	for (imoTrimIndex = ((int32)IMO_TRIM_FREQ_TABLE_ENTRIES)-1;
 185              		.loc 1 163 0
 186 0098 9342     		cmp	r3, r2
 187 009a F6D1     		bne	.L2
 188              	.L3:
 171:.\Generated_Source\PSoC4/cyfitter_cfg.c **** 	CY_SET_REG32((void *)CYREG_PWR_BG_TRIM4, setAbs);
 189              		.loc 1 171 0
 190 009c 264B     		ldr	r3, .L6+84
 191              	.LBE22:
 192              	.LBE25:
 193              	.LBE28:
 194              	.LBE31:
 328:.\Generated_Source\PSoC4/cyfitter_cfg.c **** 	}
 329:.\Generated_Source\PSoC4/cyfitter_cfg.c **** 
 330:.\Generated_Source\PSoC4/cyfitter_cfg.c **** 	/* Setup clocks based on selections from Clock DWR */
 331:.\Generated_Source\PSoC4/cyfitter_cfg.c **** 	ClockSetup();
 332:.\Generated_Source\PSoC4/cyfitter_cfg.c **** 
 333:.\Generated_Source\PSoC4/cyfitter_cfg.c **** 	/* Perform basic analog initialization to defaults */
 334:.\Generated_Source\PSoC4/cyfitter_cfg.c **** 	AnalogSetDefault();
 335:.\Generated_Source\PSoC4/cyfitter_cfg.c **** 
 336:.\Generated_Source\PSoC4/cyfitter_cfg.c **** }
 195              		.loc 1 336 0
 196              		@ sp needed for prologue
 197              	.LBB32:
 198              	.LBB29:
 199              	.LBB26:
 200              	.LBB23:
 171:.\Generated_Source\PSoC4/cyfitter_cfg.c **** 	CY_SET_REG32((void *)CYREG_PWR_BG_TRIM4, setAbs);
 201              		.loc 1 171 0
 202 009e 1860     		str	r0, [r3]
 172:.\Generated_Source\PSoC4/cyfitter_cfg.c **** 	CY_SET_REG32((void *)CYREG_PWR_BG_TRIM5, setTmpCo);
 203              		.loc 1 172 0
 204 00a0 2648     		ldr	r0, .L6+88
 205              	.LBE23:
ARM GAS  C:\Users\atsu\AppData\Local\Temp\ccwcyOGv.s 			page 11


 206              	.LBE26:
 204:.\Generated_Source\PSoC4/cyfitter_cfg.c **** 	CY_SET_REG32((void CYXDATA *)(CYREG_CLK_IMO_TRIM1), (CY_GET_REG8((void *)CYREG_SFLASH_IMO_TRIM45))
 207              		.loc 1 204 0
 208 00a2 274B     		ldr	r3, .L6+92
 209              	.LBB27:
 210              	.LBB24:
 172:.\Generated_Source\PSoC4/cyfitter_cfg.c **** 	CY_SET_REG32((void *)CYREG_PWR_BG_TRIM5, setTmpCo);
 211              		.loc 1 172 0
 212 00a4 0160     		str	r1, [r0]
 213              	.LBE24:
 214              	.LBE27:
 204:.\Generated_Source\PSoC4/cyfitter_cfg.c **** 	CY_SET_REG32((void CYXDATA *)(CYREG_CLK_IMO_TRIM1), (CY_GET_REG8((void *)CYREG_SFLASH_IMO_TRIM45))
 215              		.loc 1 204 0
 216 00a6 2749     		ldr	r1, .L6+96
 205:.\Generated_Source\PSoC4/cyfitter_cfg.c **** 	CyDelayUs(5u);
 217              		.loc 1 205 0
 218 00a8 0520     		mov	r0, #5
 204:.\Generated_Source\PSoC4/cyfitter_cfg.c **** 	CY_SET_REG32((void CYXDATA *)(CYREG_CLK_IMO_TRIM1), (CY_GET_REG8((void *)CYREG_SFLASH_IMO_TRIM45))
 219              		.loc 1 204 0
 220 00aa 0A78     		ldrb	r2, [r1]
 221 00ac 1A60     		str	r2, [r3]
 205:.\Generated_Source\PSoC4/cyfitter_cfg.c **** 	CyDelayUs(5u);
 222              		.loc 1 205 0
 223 00ae FFF7FEFF 		bl	CyDelayUs
 224              	.LVL7:
 206:.\Generated_Source\PSoC4/cyfitter_cfg.c **** 	CY_SET_REG32((void CYXDATA *)(CYREG_CLK_IMO_TRIM2), (53u));
 225              		.loc 1 206 0
 226 00b2 2549     		ldr	r1, .L6+100
 227 00b4 3520     		mov	r0, #53
 228 00b6 0860     		str	r0, [r1]
 209:.\Generated_Source\PSoC4/cyfitter_cfg.c **** 	CY_SET_XTND_REG32((void CYFAR *)(CYREG_CLK_SELECT02), 0x00000020u);
 229              		.loc 1 209 0
 230 00b8 244B     		ldr	r3, .L6+104
 210:.\Generated_Source\PSoC4/cyfitter_cfg.c **** 	CY_SET_XTND_REG32((void CYFAR *)(CYREG_CLK_SELECT03), 0x00000010u);
 231              		.loc 1 210 0
 232 00ba 2549     		ldr	r1, .L6+108
 209:.\Generated_Source\PSoC4/cyfitter_cfg.c **** 	CY_SET_XTND_REG32((void CYFAR *)(CYREG_CLK_SELECT02), 0x00000020u);
 233              		.loc 1 209 0
 234 00bc 2022     		mov	r2, #32
 210:.\Generated_Source\PSoC4/cyfitter_cfg.c **** 	CY_SET_XTND_REG32((void CYFAR *)(CYREG_CLK_SELECT03), 0x00000010u);
 235              		.loc 1 210 0
 236 00be 1020     		mov	r0, #16
 209:.\Generated_Source\PSoC4/cyfitter_cfg.c **** 	CY_SET_XTND_REG32((void CYFAR *)(CYREG_CLK_SELECT02), 0x00000020u);
 237              		.loc 1 209 0
 238 00c0 1A60     		str	r2, [r3]
 210:.\Generated_Source\PSoC4/cyfitter_cfg.c **** 	CY_SET_XTND_REG32((void CYFAR *)(CYREG_CLK_SELECT03), 0x00000010u);
 239              		.loc 1 210 0
 240 00c2 0860     		str	r0, [r1]
 213:.\Generated_Source\PSoC4/cyfitter_cfg.c **** 	CY_SET_XTND_REG32((void CYFAR *)(CYREG_CLK_IMO_CONFIG), 0x80000000u);
 241              		.loc 1 213 0
 242 00c4 8022     		mov	r2, #128
 243 00c6 2348     		ldr	r0, .L6+112
 244 00c8 1306     		lsl	r3, r2, #24
 216:.\Generated_Source\PSoC4/cyfitter_cfg.c **** 	CY_SET_XTND_REG32((void CYFAR *)(CYREG_CLK_ILO_CONFIG), 0x80000000u);
 245              		.loc 1 216 0
 246 00ca 2349     		ldr	r1, .L6+116
 219:.\Generated_Source\PSoC4/cyfitter_cfg.c **** 	CY_SET_XTND_REG32((void CYFAR *)(CYREG_CLK_SELECT), 0x00040000u);
ARM GAS  C:\Users\atsu\AppData\Local\Temp\ccwcyOGv.s 			page 12


 247              		.loc 1 219 0
 248 00cc 8022     		mov	r2, #128
 213:.\Generated_Source\PSoC4/cyfitter_cfg.c **** 	CY_SET_XTND_REG32((void CYFAR *)(CYREG_CLK_IMO_CONFIG), 0x80000000u);
 249              		.loc 1 213 0
 250 00ce 0360     		str	r3, [r0]
 219:.\Generated_Source\PSoC4/cyfitter_cfg.c **** 	CY_SET_XTND_REG32((void CYFAR *)(CYREG_CLK_SELECT), 0x00040000u);
 251              		.loc 1 219 0
 252 00d0 D002     		lsl	r0, r2, #11
 216:.\Generated_Source\PSoC4/cyfitter_cfg.c **** 	CY_SET_XTND_REG32((void CYFAR *)(CYREG_CLK_ILO_CONFIG), 0x80000000u);
 253              		.loc 1 216 0
 254 00d2 0B60     		str	r3, [r1]
 219:.\Generated_Source\PSoC4/cyfitter_cfg.c **** 	CY_SET_XTND_REG32((void CYFAR *)(CYREG_CLK_SELECT), 0x00040000u);
 255              		.loc 1 219 0
 256 00d4 2060     		str	r0, [r4]
 222:.\Generated_Source\PSoC4/cyfitter_cfg.c **** 	CY_SET_XTND_REG32((void CYFAR *)(CYREG_CLK_DIVIDER_A00), 0x80000000u);
 257              		.loc 1 222 0
 258 00d6 214C     		ldr	r4, .L6+120
 225:.\Generated_Source\PSoC4/cyfitter_cfg.c **** 	CY_SET_XTND_REG32((void CYFAR *)(CYREG_CLK_DIVIDER_B00), 0x800001A0u);
 259              		.loc 1 225 0
 260 00d8 2149     		ldr	r1, .L6+124
 222:.\Generated_Source\PSoC4/cyfitter_cfg.c **** 	CY_SET_XTND_REG32((void CYFAR *)(CYREG_CLK_DIVIDER_A00), 0x80000000u);
 261              		.loc 1 222 0
 262 00da 2360     		str	r3, [r4]
 225:.\Generated_Source\PSoC4/cyfitter_cfg.c **** 	CY_SET_XTND_REG32((void CYFAR *)(CYREG_CLK_DIVIDER_B00), 0x800001A0u);
 263              		.loc 1 225 0
 264 00dc 214B     		ldr	r3, .L6+128
 265 00de 1960     		str	r1, [r3]
 266              	.LBE29:
 267              	.LBE32:
 268              		.loc 1 336 0
 269 00e0 10BD     		pop	{r4, pc}
 270              	.L7:
 271 00e2 C046     		.align	2
 272              	.L6:
 273 00e4 00300F40 		.word	1074737152
 274 00e8 00400F40 		.word	1074741248
 275 00ec 00000140 		.word	1073807360
 276 00f0 FFEE0000 		.word	61183
 277 00f4 0C000140 		.word	1073807372
 278 00f8 10000140 		.word	1073807376
 279 00fc 00000440 		.word	1074003968
 280 0100 08000440 		.word	1074003976
 281 0104 08030440 		.word	1074004744
 282 0108 00030440 		.word	1074004736
 283 010c 8E6D0000 		.word	28046
 284 0110 00040440 		.word	1074004992
 285 0114 08040440 		.word	1074005000
 286 0118 00500F40 		.word	1074745344
 287 011c 30500F40 		.word	1074745392
 288 0120 00700F40 		.word	1074753536
 289 0124 00010B40 		.word	1074462976
 290 0128 CCF1FF0F 		.word	268431820
 291 012c CDF1FF0F 		.word	268431821
 292 0130 C9F1FF0F 		.word	268431817
 293 0134 BDF1FF0F 		.word	268431805
 294 0138 1CFF0B40 		.word	1074528028
 295 013c 20FF0B40 		.word	1074528032
ARM GAS  C:\Users\atsu\AppData\Local\Temp\ccwcyOGv.s 			page 13


 296 0140 28FF0B40 		.word	1074528040
 297 0144 FDF1FF0F 		.word	268431869
 298 0148 2CFF0B40 		.word	1074528044
 299 014c 08020240 		.word	1073873416
 300 0150 0C020240 		.word	1073873420
 301 0154 08010B40 		.word	1074462984
 302 0158 04010B40 		.word	1074462980
 303 015c 00000240 		.word	1073872896
 304 0160 A0010080 		.word	-2147483232
 305 0164 40000240 		.word	1073872960
 306              		.cfi_endproc
 307              	.LFE6:
 308              		.size	cyfitter_cfg, .-cyfitter_cfg
 309              		.text
 310              	.Letext0:
 311              		.file 2 "c:\\program files (x86)\\cypress\\psoc creator\\3.0\\psoc creator\\import\\gnu_cs\\arm\\4
 312              		.file 3 "./Generated_Source/PSoC4/cytypes.h"
 313              		.file 4 "./Generated_Source/PSoC4/CyLib.h"
 314              		.section	.debug_info,"",%progbits
 315              	.Ldebug_info0:
 316 0000 94030000 		.4byte	0x394
 317 0004 0200     		.2byte	0x2
 318 0006 00000000 		.4byte	.Ldebug_abbrev0
 319 000a 04       		.byte	0x4
 320 000b 01       		.uleb128 0x1
 321 000c 08020000 		.4byte	.LASF40
 322 0010 01       		.byte	0x1
 323 0011 9D010000 		.4byte	.LASF41
 324 0015 DE000000 		.4byte	.LASF42
 325 0019 88000000 		.4byte	.Ldebug_ranges0+0x88
 326 001d 00000000 		.4byte	0
 327 0021 00000000 		.4byte	0
 328 0025 00000000 		.4byte	.Ldebug_line0
 329 0029 02       		.uleb128 0x2
 330 002a 01       		.byte	0x1
 331 002b 06       		.byte	0x6
 332 002c 78020000 		.4byte	.LASF0
 333 0030 02       		.uleb128 0x2
 334 0031 01       		.byte	0x1
 335 0032 08       		.byte	0x8
 336 0033 BA000000 		.4byte	.LASF1
 337 0037 02       		.uleb128 0x2
 338 0038 02       		.byte	0x2
 339 0039 05       		.byte	0x5
 340 003a 63000000 		.4byte	.LASF2
 341 003e 02       		.uleb128 0x2
 342 003f 02       		.byte	0x2
 343 0040 07       		.byte	0x7
 344 0041 50000000 		.4byte	.LASF3
 345 0045 03       		.uleb128 0x3
 346 0046 04       		.byte	0x4
 347 0047 05       		.byte	0x5
 348 0048 696E7400 		.ascii	"int\000"
 349 004c 02       		.uleb128 0x2
 350 004d 04       		.byte	0x4
 351 004e 07       		.byte	0x7
 352 004f 46010000 		.4byte	.LASF4
ARM GAS  C:\Users\atsu\AppData\Local\Temp\ccwcyOGv.s 			page 14


 353 0053 02       		.uleb128 0x2
 354 0054 08       		.byte	0x8
 355 0055 05       		.byte	0x5
 356 0056 D7010000 		.4byte	.LASF5
 357 005a 02       		.uleb128 0x2
 358 005b 08       		.byte	0x8
 359 005c 07       		.byte	0x7
 360 005d 68010000 		.4byte	.LASF6
 361 0061 02       		.uleb128 0x2
 362 0062 04       		.byte	0x4
 363 0063 05       		.byte	0x5
 364 0064 60020000 		.4byte	.LASF7
 365 0068 02       		.uleb128 0x2
 366 0069 04       		.byte	0x4
 367 006a 07       		.byte	0x7
 368 006b C5010000 		.4byte	.LASF8
 369 006f 04       		.uleb128 0x4
 370 0070 04       		.byte	0x4
 371 0071 02       		.uleb128 0x2
 372 0072 04       		.byte	0x4
 373 0073 07       		.byte	0x7
 374 0074 98000000 		.4byte	.LASF9
 375 0078 02       		.uleb128 0x2
 376 0079 01       		.byte	0x1
 377 007a 08       		.byte	0x8
 378 007b EF010000 		.4byte	.LASF10
 379 007f 05       		.uleb128 0x5
 380 0080 06000000 		.4byte	.LASF11
 381 0084 02       		.byte	0x2
 382 0085 D5       		.byte	0xd5
 383 0086 4C000000 		.4byte	0x4c
 384 008a 05       		.uleb128 0x5
 385 008b 02020000 		.4byte	.LASF12
 386 008f 03       		.byte	0x3
 387 0090 5B       		.byte	0x5b
 388 0091 30000000 		.4byte	0x30
 389 0095 05       		.uleb128 0x5
 390 0096 38010000 		.4byte	.LASF13
 391 009a 03       		.byte	0x3
 392 009b 5C       		.byte	0x5c
 393 009c 3E000000 		.4byte	0x3e
 394 00a0 05       		.uleb128 0x5
 395 00a1 3F010000 		.4byte	.LASF14
 396 00a5 03       		.byte	0x3
 397 00a6 5D       		.byte	0x5d
 398 00a7 71000000 		.4byte	0x71
 399 00ab 05       		.uleb128 0x5
 400 00ac AA000000 		.4byte	.LASF15
 401 00b0 03       		.byte	0x3
 402 00b1 60       		.byte	0x60
 403 00b2 61000000 		.4byte	0x61
 404 00b6 02       		.uleb128 0x2
 405 00b7 04       		.byte	0x4
 406 00b8 04       		.byte	0x4
 407 00b9 7B000000 		.4byte	.LASF16
 408 00bd 02       		.uleb128 0x2
 409 00be 08       		.byte	0x8
ARM GAS  C:\Users\atsu\AppData\Local\Temp\ccwcyOGv.s 			page 15


 410 00bf 04       		.byte	0x4
 411 00c0 CF000000 		.4byte	.LASF17
 412 00c4 05       		.uleb128 0x5
 413 00c5 93000000 		.4byte	.LASF18
 414 00c9 03       		.byte	0x3
 415 00ca F0       		.byte	0xf0
 416 00cb CF000000 		.4byte	0xcf
 417 00cf 06       		.uleb128 0x6
 418 00d0 8A000000 		.4byte	0x8a
 419 00d4 05       		.uleb128 0x5
 420 00d5 00000000 		.4byte	.LASF19
 421 00d9 03       		.byte	0x3
 422 00da F2       		.byte	0xf2
 423 00db DF000000 		.4byte	0xdf
 424 00df 06       		.uleb128 0x6
 425 00e0 A0000000 		.4byte	0xa0
 426 00e4 07       		.uleb128 0x7
 427 00e5 0D000000 		.4byte	.LASF34
 428 00e9 01       		.byte	0x1
 429 00ea F9       		.byte	0xf9
 430 00eb 01       		.byte	0x1
 431 00ec 01       		.byte	0x1
 432 00ed 08       		.uleb128 0x8
 433 00ee 6D000000 		.4byte	.LASF31
 434 00f2 01       		.byte	0x1
 435 00f3 8C       		.byte	0x8c
 436 00f4 01       		.byte	0x1
 437 00f5 01       		.byte	0x1
 438 00f6 C2010000 		.4byte	0x1c2
 439 00fa 09       		.uleb128 0x9
 440 00fb D6000000 		.4byte	.LASF33
 441 00ff 01       		.byte	0x1
 442 0100 8C       		.byte	0x8c
 443 0101 8A000000 		.4byte	0x8a
 444 0105 0A       		.uleb128 0xa
 445 0106 03       		.byte	0x3
 446 0107 01       		.byte	0x1
 447 0108 8E       		.byte	0x8e
 448 0109 38010000 		.4byte	0x138
 449 010d 0B       		.uleb128 0xb
 450 010e FD010000 		.4byte	.LASF20
 451 0112 01       		.byte	0x1
 452 0113 8F       		.byte	0x8f
 453 0114 8A000000 		.4byte	0x8a
 454 0118 02       		.byte	0x2
 455 0119 23       		.byte	0x23
 456 011a 00       		.uleb128 0
 457 011b 0B       		.uleb128 0xb
 458 011c F4010000 		.4byte	.LASF21
 459 0120 01       		.byte	0x1
 460 0121 90       		.byte	0x90
 461 0122 8A000000 		.4byte	0x8a
 462 0126 02       		.byte	0x2
 463 0127 23       		.byte	0x23
 464 0128 01       		.uleb128 0x1
 465 0129 0B       		.uleb128 0xb
 466 012a 4A000000 		.4byte	.LASF22
ARM GAS  C:\Users\atsu\AppData\Local\Temp\ccwcyOGv.s 			page 16


 467 012e 01       		.byte	0x1
 468 012f 91       		.byte	0x91
 469 0130 8A000000 		.4byte	0x8a
 470 0134 02       		.byte	0x2
 471 0135 23       		.byte	0x23
 472 0136 02       		.uleb128 0x2
 473 0137 00       		.byte	0
 474 0138 05       		.uleb128 0x5
 475 0139 1E000000 		.4byte	.LASF23
 476 013d 01       		.byte	0x1
 477 013e 92       		.byte	0x92
 478 013f 05010000 		.4byte	0x105
 479 0143 0A       		.uleb128 0xa
 480 0144 0C       		.byte	0xc
 481 0145 01       		.byte	0x1
 482 0146 94       		.byte	0x94
 483 0147 6A010000 		.4byte	0x16a
 484 014b 0C       		.uleb128 0xc
 485 014c 38010000 		.4byte	0x138
 486 0150 5B010000 		.4byte	0x15b
 487 0154 0D       		.uleb128 0xd
 488 0155 68000000 		.4byte	0x68
 489 0159 03       		.byte	0x3
 490 015a 00       		.byte	0
 491 015b 0B       		.uleb128 0xb
 492 015c 69020000 		.4byte	.LASF24
 493 0160 01       		.byte	0x1
 494 0161 95       		.byte	0x95
 495 0162 4B010000 		.4byte	0x14b
 496 0166 02       		.byte	0x2
 497 0167 23       		.byte	0x23
 498 0168 00       		.uleb128 0
 499 0169 00       		.byte	0
 500 016a 05       		.uleb128 0x5
 501 016b 7F010000 		.4byte	.LASF25
 502 016f 01       		.byte	0x1
 503 0170 96       		.byte	0x96
 504 0171 43010000 		.4byte	0x143
 505 0175 0E       		.uleb128 0xe
 506 0176 51020000 		.4byte	.LASF26
 507 017a 01       		.byte	0x1
 508 017b 98       		.byte	0x98
 509 017c 84010000 		.4byte	0x184
 510 0180 C0F1FF0F 		.4byte	0xffff1c0
 511 0184 0F       		.uleb128 0xf
 512 0185 89010000 		.4byte	0x189
 513 0189 10       		.uleb128 0x10
 514 018a 04       		.byte	0x4
 515 018b 8F010000 		.4byte	0x18f
 516 018f 0F       		.uleb128 0xf
 517 0190 6A010000 		.4byte	0x16a
 518 0194 11       		.uleb128 0x11
 519 0195 1C010000 		.4byte	.LASF27
 520 0199 01       		.byte	0x1
 521 019a 99       		.byte	0x99
 522 019b C2010000 		.4byte	0x1c2
 523 019f 04       		.byte	0x4
ARM GAS  C:\Users\atsu\AppData\Local\Temp\ccwcyOGv.s 			page 17


 524 01a0 12       		.uleb128 0x12
 525 01a1 81000000 		.4byte	.LASF28
 526 01a5 01       		.byte	0x1
 527 01a6 9B       		.byte	0x9b
 528 01a7 AB000000 		.4byte	0xab
 529 01ab 12       		.uleb128 0x12
 530 01ac 71020000 		.4byte	.LASF29
 531 01b0 01       		.byte	0x1
 532 01b1 9C       		.byte	0x9c
 533 01b2 8A000000 		.4byte	0x8a
 534 01b6 12       		.uleb128 0x12
 535 01b7 CE010000 		.4byte	.LASF30
 536 01bb 01       		.byte	0x1
 537 01bc 9D       		.byte	0x9d
 538 01bd 8A000000 		.4byte	0x8a
 539 01c1 00       		.byte	0
 540 01c2 0F       		.uleb128 0xf
 541 01c3 A0000000 		.4byte	0xa0
 542 01c7 08       		.uleb128 0x8
 543 01c8 B0000000 		.4byte	.LASF32
 544 01cc 01       		.byte	0x1
 545 01cd 39       		.byte	0x39
 546 01ce 01       		.byte	0x1
 547 01cf 01       		.byte	0x1
 548 01d0 E7010000 		.4byte	0x1e7
 549 01d4 13       		.uleb128 0x13
 550 01d5 7300     		.ascii	"s\000"
 551 01d7 01       		.byte	0x1
 552 01d8 39       		.byte	0x39
 553 01d9 6F000000 		.4byte	0x6f
 554 01dd 13       		.uleb128 0x13
 555 01de 6E00     		.ascii	"n\000"
 556 01e0 01       		.byte	0x1
 557 01e1 39       		.byte	0x39
 558 01e2 7F000000 		.4byte	0x7f
 559 01e6 00       		.byte	0
 560 01e7 07       		.uleb128 0x7
 561 01e8 3F000000 		.4byte	.LASF35
 562 01ec 01       		.byte	0x1
 563 01ed C3       		.byte	0xc3
 564 01ee 01       		.byte	0x1
 565 01ef 01       		.byte	0x1
 566 01f0 14       		.uleb128 0x14
 567 01f1 01       		.byte	0x1
 568 01f2 53010000 		.4byte	.LASF43
 569 01f6 01       		.byte	0x1
 570 01f7 1101     		.2byte	0x111
 571 01f9 01       		.byte	0x1
 572 01fa 00000000 		.4byte	.LFB6
 573 01fe 68010000 		.4byte	.LFE6
 574 0202 00000000 		.4byte	.LLST0
 575 0206 01       		.byte	0x1
 576 0207 66030000 		.4byte	0x366
 577 020b 15       		.uleb128 0x15
 578 020c 00000000 		.4byte	.Ldebug_ranges0+0
 579 0210 FB020000 		.4byte	0x2fb
 580 0214 16       		.uleb128 0x16
ARM GAS  C:\Users\atsu\AppData\Local\Temp\ccwcyOGv.s 			page 18


 581 0215 06       		.byte	0x6
 582 0216 01       		.byte	0x1
 583 0217 1801     		.2byte	0x118
 584 0219 3C020000 		.4byte	0x23c
 585 021d 17       		.uleb128 0x17
 586 021e 60010000 		.4byte	.LASF36
 587 0222 01       		.byte	0x1
 588 0223 1901     		.2byte	0x119
 589 0225 6F000000 		.4byte	0x6f
 590 0229 02       		.byte	0x2
 591 022a 23       		.byte	0x23
 592 022b 00       		.uleb128 0
 593 022c 17       		.uleb128 0x17
 594 022d 8E000000 		.4byte	.LASF37
 595 0231 01       		.byte	0x1
 596 0232 1A01     		.2byte	0x11a
 597 0234 95000000 		.4byte	0x95
 598 0238 02       		.byte	0x2
 599 0239 23       		.byte	0x23
 600 023a 04       		.uleb128 0x4
 601 023b 00       		.byte	0
 602 023c 18       		.uleb128 0x18
 603 023d 90010000 		.4byte	.LASF38
 604 0241 01       		.byte	0x1
 605 0242 1B01     		.2byte	0x11b
 606 0244 14020000 		.4byte	0x214
 607 0248 0C       		.uleb128 0xc
 608 0249 3C020000 		.4byte	0x23c
 609 024d 58020000 		.4byte	0x258
 610 0251 0D       		.uleb128 0xd
 611 0252 68000000 		.4byte	0x68
 612 0256 01       		.byte	0x1
 613 0257 00       		.byte	0
 614 0258 19       		.uleb128 0x19
 615 0259 2F000000 		.4byte	.LASF39
 616 025d 01       		.byte	0x1
 617 025e 1D01     		.2byte	0x11d
 618 0260 64020000 		.4byte	0x264
 619 0264 0F       		.uleb128 0xf
 620 0265 48020000 		.4byte	0x248
 621 0269 1A       		.uleb128 0x1a
 622 026a 6900     		.ascii	"i\000"
 623 026c 01       		.byte	0x1
 624 026d 2301     		.2byte	0x123
 625 026f 8A000000 		.4byte	0x8a
 626 0273 20000000 		.4byte	.LLST1
 627 0277 1B       		.uleb128 0x1b
 628 0278 04000000 		.4byte	.LBB15
 629 027c 1C000000 		.4byte	.LBE15
 630 0280 1C       		.uleb128 0x1c
 631 0281 6D7300   		.ascii	"ms\000"
 632 0284 01       		.byte	0x1
 633 0285 2801     		.2byte	0x128
 634 0287 8B020000 		.4byte	0x28b
 635 028b 10       		.uleb128 0x10
 636 028c 04       		.byte	0x4
 637 028d 91020000 		.4byte	0x291
ARM GAS  C:\Users\atsu\AppData\Local\Temp\ccwcyOGv.s 			page 19


 638 0291 0F       		.uleb128 0xf
 639 0292 3C020000 		.4byte	0x23c
 640 0296 1D       		.uleb128 0x1d
 641 0297 C7010000 		.4byte	0x1c7
 642 029b 04000000 		.4byte	.LBB16
 643 029f 1C000000 		.4byte	.LBE16
 644 02a3 01       		.byte	0x1
 645 02a4 2901     		.2byte	0x129
 646 02a6 1E       		.uleb128 0x1e
 647 02a7 DD010000 		.4byte	0x1dd
 648 02ab 0004     		.2byte	0x400
 649 02ad 1F       		.uleb128 0x1f
 650 02ae D4010000 		.4byte	0x1d4
 651 02b2 4C000000 		.4byte	.LLST3
 652 02b6 20       		.uleb128 0x20
 653 02b7 10000000 		.4byte	.LVL1
 654 02bb 66030000 		.4byte	0x366
 655 02bf D9020000 		.4byte	0x2d9
 656 02c3 21       		.uleb128 0x21
 657 02c4 01       		.byte	0x1
 658 02c5 52       		.byte	0x52
 659 02c6 03       		.byte	0x3
 660 02c7 0A       		.byte	0xa
 661 02c8 0004     		.2byte	0x400
 662 02ca 21       		.uleb128 0x21
 663 02cb 01       		.byte	0x1
 664 02cc 51       		.byte	0x51
 665 02cd 01       		.byte	0x1
 666 02ce 30       		.byte	0x30
 667 02cf 21       		.uleb128 0x21
 668 02d0 01       		.byte	0x1
 669 02d1 50       		.byte	0x50
 670 02d2 05       		.byte	0x5
 671 02d3 0C       		.byte	0xc
 672 02d4 00300F40 		.4byte	0x400f3000
 673 02d8 00       		.byte	0
 674 02d9 22       		.uleb128 0x22
 675 02da 1C000000 		.4byte	.LVL2
 676 02de 66030000 		.4byte	0x366
 677 02e2 21       		.uleb128 0x21
 678 02e3 01       		.byte	0x1
 679 02e4 52       		.byte	0x52
 680 02e5 03       		.byte	0x3
 681 02e6 0A       		.byte	0xa
 682 02e7 0004     		.2byte	0x400
 683 02e9 21       		.uleb128 0x21
 684 02ea 01       		.byte	0x1
 685 02eb 51       		.byte	0x51
 686 02ec 01       		.byte	0x1
 687 02ed 30       		.byte	0x30
 688 02ee 21       		.uleb128 0x21
 689 02ef 01       		.byte	0x1
 690 02f0 50       		.byte	0x50
 691 02f1 05       		.byte	0x5
 692 02f2 0C       		.byte	0xc
 693 02f3 00400F40 		.4byte	0x400f4000
 694 02f7 00       		.byte	0
ARM GAS  C:\Users\atsu\AppData\Local\Temp\ccwcyOGv.s 			page 20


 695 02f8 00       		.byte	0
 696 02f9 00       		.byte	0
 697 02fa 00       		.byte	0
 698 02fb 23       		.uleb128 0x23
 699 02fc E7010000 		.4byte	0x1e7
 700 0300 6E000000 		.4byte	.LBB18
 701 0304 18000000 		.4byte	.Ldebug_ranges0+0x18
 702 0308 01       		.byte	0x1
 703 0309 4B01     		.2byte	0x14b
 704 030b 24       		.uleb128 0x24
 705 030c ED000000 		.4byte	0xed
 706 0310 7C000000 		.4byte	.LBB20
 707 0314 38000000 		.4byte	.Ldebug_ranges0+0x38
 708 0318 01       		.byte	0x1
 709 0319 C9       		.byte	0xc9
 710 031a 55030000 		.4byte	0x355
 711 031e 25       		.uleb128 0x25
 712 031f 60000000 		.4byte	.Ldebug_ranges0+0x60
 713 0323 26       		.uleb128 0x26
 714 0324 A0010000 		.4byte	0x1a0
 715 0328 74000000 		.4byte	.LLST4
 716 032c 26       		.uleb128 0x26
 717 032d AB010000 		.4byte	0x1ab
 718 0331 88000000 		.4byte	.LLST5
 719 0335 26       		.uleb128 0x26
 720 0336 B6010000 		.4byte	0x1b6
 721 033a 9B000000 		.4byte	.LLST6
 722 033e 27       		.uleb128 0x27
 723 033f FA000000 		.4byte	0xfa
 724 0343 30       		.byte	0x30
 725 0344 28       		.uleb128 0x28
 726 0345 75010000 		.4byte	0x175
 727 0349 C0F1FF0F 		.4byte	0xffff1c0
 728 034d 29       		.uleb128 0x29
 729 034e 94010000 		.4byte	0x194
 730 0352 04       		.byte	0x4
 731 0353 00       		.byte	0
 732 0354 00       		.byte	0
 733 0355 22       		.uleb128 0x22
 734 0356 B2000000 		.4byte	.LVL7
 735 035a 87030000 		.4byte	0x387
 736 035e 21       		.uleb128 0x21
 737 035f 01       		.byte	0x1
 738 0360 50       		.byte	0x50
 739 0361 01       		.byte	0x1
 740 0362 35       		.byte	0x35
 741 0363 00       		.byte	0
 742 0364 00       		.byte	0
 743 0365 00       		.byte	0
 744 0366 2A       		.uleb128 0x2a
 745 0367 01       		.byte	0x1
 746 0368 C8000000 		.4byte	.LASF44
 747 036c 01       		.byte	0x1
 748 036d 6F000000 		.4byte	0x6f
 749 0371 01       		.byte	0x1
 750 0372 01       		.byte	0x1
 751 0373 87030000 		.4byte	0x387
ARM GAS  C:\Users\atsu\AppData\Local\Temp\ccwcyOGv.s 			page 21


 752 0377 2B       		.uleb128 0x2b
 753 0378 6F000000 		.4byte	0x6f
 754 037c 2B       		.uleb128 0x2b
 755 037d 45000000 		.4byte	0x45
 756 0381 2B       		.uleb128 0x2b
 757 0382 68000000 		.4byte	0x68
 758 0386 00       		.byte	0
 759 0387 2C       		.uleb128 0x2c
 760 0388 01       		.byte	0x1
 761 0389 E5010000 		.4byte	.LASF45
 762 038d 04       		.byte	0x4
 763 038e 6A       		.byte	0x6a
 764 038f 01       		.byte	0x1
 765 0390 01       		.byte	0x1
 766 0391 2B       		.uleb128 0x2b
 767 0392 95000000 		.4byte	0x95
 768 0396 00       		.byte	0
 769 0397 00       		.byte	0
 770              		.section	.debug_abbrev,"",%progbits
 771              	.Ldebug_abbrev0:
 772 0000 01       		.uleb128 0x1
 773 0001 11       		.uleb128 0x11
 774 0002 01       		.byte	0x1
 775 0003 25       		.uleb128 0x25
 776 0004 0E       		.uleb128 0xe
 777 0005 13       		.uleb128 0x13
 778 0006 0B       		.uleb128 0xb
 779 0007 03       		.uleb128 0x3
 780 0008 0E       		.uleb128 0xe
 781 0009 1B       		.uleb128 0x1b
 782 000a 0E       		.uleb128 0xe
 783 000b 55       		.uleb128 0x55
 784 000c 06       		.uleb128 0x6
 785 000d 11       		.uleb128 0x11
 786 000e 01       		.uleb128 0x1
 787 000f 52       		.uleb128 0x52
 788 0010 01       		.uleb128 0x1
 789 0011 10       		.uleb128 0x10
 790 0012 06       		.uleb128 0x6
 791 0013 00       		.byte	0
 792 0014 00       		.byte	0
 793 0015 02       		.uleb128 0x2
 794 0016 24       		.uleb128 0x24
 795 0017 00       		.byte	0
 796 0018 0B       		.uleb128 0xb
 797 0019 0B       		.uleb128 0xb
 798 001a 3E       		.uleb128 0x3e
 799 001b 0B       		.uleb128 0xb
 800 001c 03       		.uleb128 0x3
 801 001d 0E       		.uleb128 0xe
 802 001e 00       		.byte	0
 803 001f 00       		.byte	0
 804 0020 03       		.uleb128 0x3
 805 0021 24       		.uleb128 0x24
 806 0022 00       		.byte	0
 807 0023 0B       		.uleb128 0xb
 808 0024 0B       		.uleb128 0xb
ARM GAS  C:\Users\atsu\AppData\Local\Temp\ccwcyOGv.s 			page 22


 809 0025 3E       		.uleb128 0x3e
 810 0026 0B       		.uleb128 0xb
 811 0027 03       		.uleb128 0x3
 812 0028 08       		.uleb128 0x8
 813 0029 00       		.byte	0
 814 002a 00       		.byte	0
 815 002b 04       		.uleb128 0x4
 816 002c 0F       		.uleb128 0xf
 817 002d 00       		.byte	0
 818 002e 0B       		.uleb128 0xb
 819 002f 0B       		.uleb128 0xb
 820 0030 00       		.byte	0
 821 0031 00       		.byte	0
 822 0032 05       		.uleb128 0x5
 823 0033 16       		.uleb128 0x16
 824 0034 00       		.byte	0
 825 0035 03       		.uleb128 0x3
 826 0036 0E       		.uleb128 0xe
 827 0037 3A       		.uleb128 0x3a
 828 0038 0B       		.uleb128 0xb
 829 0039 3B       		.uleb128 0x3b
 830 003a 0B       		.uleb128 0xb
 831 003b 49       		.uleb128 0x49
 832 003c 13       		.uleb128 0x13
 833 003d 00       		.byte	0
 834 003e 00       		.byte	0
 835 003f 06       		.uleb128 0x6
 836 0040 35       		.uleb128 0x35
 837 0041 00       		.byte	0
 838 0042 49       		.uleb128 0x49
 839 0043 13       		.uleb128 0x13
 840 0044 00       		.byte	0
 841 0045 00       		.byte	0
 842 0046 07       		.uleb128 0x7
 843 0047 2E       		.uleb128 0x2e
 844 0048 00       		.byte	0
 845 0049 03       		.uleb128 0x3
 846 004a 0E       		.uleb128 0xe
 847 004b 3A       		.uleb128 0x3a
 848 004c 0B       		.uleb128 0xb
 849 004d 3B       		.uleb128 0x3b
 850 004e 0B       		.uleb128 0xb
 851 004f 27       		.uleb128 0x27
 852 0050 0C       		.uleb128 0xc
 853 0051 20       		.uleb128 0x20
 854 0052 0B       		.uleb128 0xb
 855 0053 00       		.byte	0
 856 0054 00       		.byte	0
 857 0055 08       		.uleb128 0x8
 858 0056 2E       		.uleb128 0x2e
 859 0057 01       		.byte	0x1
 860 0058 03       		.uleb128 0x3
 861 0059 0E       		.uleb128 0xe
 862 005a 3A       		.uleb128 0x3a
 863 005b 0B       		.uleb128 0xb
 864 005c 3B       		.uleb128 0x3b
 865 005d 0B       		.uleb128 0xb
ARM GAS  C:\Users\atsu\AppData\Local\Temp\ccwcyOGv.s 			page 23


 866 005e 27       		.uleb128 0x27
 867 005f 0C       		.uleb128 0xc
 868 0060 20       		.uleb128 0x20
 869 0061 0B       		.uleb128 0xb
 870 0062 01       		.uleb128 0x1
 871 0063 13       		.uleb128 0x13
 872 0064 00       		.byte	0
 873 0065 00       		.byte	0
 874 0066 09       		.uleb128 0x9
 875 0067 05       		.uleb128 0x5
 876 0068 00       		.byte	0
 877 0069 03       		.uleb128 0x3
 878 006a 0E       		.uleb128 0xe
 879 006b 3A       		.uleb128 0x3a
 880 006c 0B       		.uleb128 0xb
 881 006d 3B       		.uleb128 0x3b
 882 006e 0B       		.uleb128 0xb
 883 006f 49       		.uleb128 0x49
 884 0070 13       		.uleb128 0x13
 885 0071 00       		.byte	0
 886 0072 00       		.byte	0
 887 0073 0A       		.uleb128 0xa
 888 0074 13       		.uleb128 0x13
 889 0075 01       		.byte	0x1
 890 0076 0B       		.uleb128 0xb
 891 0077 0B       		.uleb128 0xb
 892 0078 3A       		.uleb128 0x3a
 893 0079 0B       		.uleb128 0xb
 894 007a 3B       		.uleb128 0x3b
 895 007b 0B       		.uleb128 0xb
 896 007c 01       		.uleb128 0x1
 897 007d 13       		.uleb128 0x13
 898 007e 00       		.byte	0
 899 007f 00       		.byte	0
 900 0080 0B       		.uleb128 0xb
 901 0081 0D       		.uleb128 0xd
 902 0082 00       		.byte	0
 903 0083 03       		.uleb128 0x3
 904 0084 0E       		.uleb128 0xe
 905 0085 3A       		.uleb128 0x3a
 906 0086 0B       		.uleb128 0xb
 907 0087 3B       		.uleb128 0x3b
 908 0088 0B       		.uleb128 0xb
 909 0089 49       		.uleb128 0x49
 910 008a 13       		.uleb128 0x13
 911 008b 38       		.uleb128 0x38
 912 008c 0A       		.uleb128 0xa
 913 008d 00       		.byte	0
 914 008e 00       		.byte	0
 915 008f 0C       		.uleb128 0xc
 916 0090 01       		.uleb128 0x1
 917 0091 01       		.byte	0x1
 918 0092 49       		.uleb128 0x49
 919 0093 13       		.uleb128 0x13
 920 0094 01       		.uleb128 0x1
 921 0095 13       		.uleb128 0x13
 922 0096 00       		.byte	0
ARM GAS  C:\Users\atsu\AppData\Local\Temp\ccwcyOGv.s 			page 24


 923 0097 00       		.byte	0
 924 0098 0D       		.uleb128 0xd
 925 0099 21       		.uleb128 0x21
 926 009a 00       		.byte	0
 927 009b 49       		.uleb128 0x49
 928 009c 13       		.uleb128 0x13
 929 009d 2F       		.uleb128 0x2f
 930 009e 0B       		.uleb128 0xb
 931 009f 00       		.byte	0
 932 00a0 00       		.byte	0
 933 00a1 0E       		.uleb128 0xe
 934 00a2 34       		.uleb128 0x34
 935 00a3 00       		.byte	0
 936 00a4 03       		.uleb128 0x3
 937 00a5 0E       		.uleb128 0xe
 938 00a6 3A       		.uleb128 0x3a
 939 00a7 0B       		.uleb128 0xb
 940 00a8 3B       		.uleb128 0x3b
 941 00a9 0B       		.uleb128 0xb
 942 00aa 49       		.uleb128 0x49
 943 00ab 13       		.uleb128 0x13
 944 00ac 1C       		.uleb128 0x1c
 945 00ad 06       		.uleb128 0x6
 946 00ae 00       		.byte	0
 947 00af 00       		.byte	0
 948 00b0 0F       		.uleb128 0xf
 949 00b1 26       		.uleb128 0x26
 950 00b2 00       		.byte	0
 951 00b3 49       		.uleb128 0x49
 952 00b4 13       		.uleb128 0x13
 953 00b5 00       		.byte	0
 954 00b6 00       		.byte	0
 955 00b7 10       		.uleb128 0x10
 956 00b8 0F       		.uleb128 0xf
 957 00b9 00       		.byte	0
 958 00ba 0B       		.uleb128 0xb
 959 00bb 0B       		.uleb128 0xb
 960 00bc 49       		.uleb128 0x49
 961 00bd 13       		.uleb128 0x13
 962 00be 00       		.byte	0
 963 00bf 00       		.byte	0
 964 00c0 11       		.uleb128 0x11
 965 00c1 34       		.uleb128 0x34
 966 00c2 00       		.byte	0
 967 00c3 03       		.uleb128 0x3
 968 00c4 0E       		.uleb128 0xe
 969 00c5 3A       		.uleb128 0x3a
 970 00c6 0B       		.uleb128 0xb
 971 00c7 3B       		.uleb128 0x3b
 972 00c8 0B       		.uleb128 0xb
 973 00c9 49       		.uleb128 0x49
 974 00ca 13       		.uleb128 0x13
 975 00cb 1C       		.uleb128 0x1c
 976 00cc 0B       		.uleb128 0xb
 977 00cd 00       		.byte	0
 978 00ce 00       		.byte	0
 979 00cf 12       		.uleb128 0x12
ARM GAS  C:\Users\atsu\AppData\Local\Temp\ccwcyOGv.s 			page 25


 980 00d0 34       		.uleb128 0x34
 981 00d1 00       		.byte	0
 982 00d2 03       		.uleb128 0x3
 983 00d3 0E       		.uleb128 0xe
 984 00d4 3A       		.uleb128 0x3a
 985 00d5 0B       		.uleb128 0xb
 986 00d6 3B       		.uleb128 0x3b
 987 00d7 0B       		.uleb128 0xb
 988 00d8 49       		.uleb128 0x49
 989 00d9 13       		.uleb128 0x13
 990 00da 00       		.byte	0
 991 00db 00       		.byte	0
 992 00dc 13       		.uleb128 0x13
 993 00dd 05       		.uleb128 0x5
 994 00de 00       		.byte	0
 995 00df 03       		.uleb128 0x3
 996 00e0 08       		.uleb128 0x8
 997 00e1 3A       		.uleb128 0x3a
 998 00e2 0B       		.uleb128 0xb
 999 00e3 3B       		.uleb128 0x3b
 1000 00e4 0B       		.uleb128 0xb
 1001 00e5 49       		.uleb128 0x49
 1002 00e6 13       		.uleb128 0x13
 1003 00e7 00       		.byte	0
 1004 00e8 00       		.byte	0
 1005 00e9 14       		.uleb128 0x14
 1006 00ea 2E       		.uleb128 0x2e
 1007 00eb 01       		.byte	0x1
 1008 00ec 3F       		.uleb128 0x3f
 1009 00ed 0C       		.uleb128 0xc
 1010 00ee 03       		.uleb128 0x3
 1011 00ef 0E       		.uleb128 0xe
 1012 00f0 3A       		.uleb128 0x3a
 1013 00f1 0B       		.uleb128 0xb
 1014 00f2 3B       		.uleb128 0x3b
 1015 00f3 05       		.uleb128 0x5
 1016 00f4 27       		.uleb128 0x27
 1017 00f5 0C       		.uleb128 0xc
 1018 00f6 11       		.uleb128 0x11
 1019 00f7 01       		.uleb128 0x1
 1020 00f8 12       		.uleb128 0x12
 1021 00f9 01       		.uleb128 0x1
 1022 00fa 40       		.uleb128 0x40
 1023 00fb 06       		.uleb128 0x6
 1024 00fc 9742     		.uleb128 0x2117
 1025 00fe 0C       		.uleb128 0xc
 1026 00ff 01       		.uleb128 0x1
 1027 0100 13       		.uleb128 0x13
 1028 0101 00       		.byte	0
 1029 0102 00       		.byte	0
 1030 0103 15       		.uleb128 0x15
 1031 0104 0B       		.uleb128 0xb
 1032 0105 01       		.byte	0x1
 1033 0106 55       		.uleb128 0x55
 1034 0107 06       		.uleb128 0x6
 1035 0108 01       		.uleb128 0x1
 1036 0109 13       		.uleb128 0x13
ARM GAS  C:\Users\atsu\AppData\Local\Temp\ccwcyOGv.s 			page 26


 1037 010a 00       		.byte	0
 1038 010b 00       		.byte	0
 1039 010c 16       		.uleb128 0x16
 1040 010d 13       		.uleb128 0x13
 1041 010e 01       		.byte	0x1
 1042 010f 0B       		.uleb128 0xb
 1043 0110 0B       		.uleb128 0xb
 1044 0111 3A       		.uleb128 0x3a
 1045 0112 0B       		.uleb128 0xb
 1046 0113 3B       		.uleb128 0x3b
 1047 0114 05       		.uleb128 0x5
 1048 0115 01       		.uleb128 0x1
 1049 0116 13       		.uleb128 0x13
 1050 0117 00       		.byte	0
 1051 0118 00       		.byte	0
 1052 0119 17       		.uleb128 0x17
 1053 011a 0D       		.uleb128 0xd
 1054 011b 00       		.byte	0
 1055 011c 03       		.uleb128 0x3
 1056 011d 0E       		.uleb128 0xe
 1057 011e 3A       		.uleb128 0x3a
 1058 011f 0B       		.uleb128 0xb
 1059 0120 3B       		.uleb128 0x3b
 1060 0121 05       		.uleb128 0x5
 1061 0122 49       		.uleb128 0x49
 1062 0123 13       		.uleb128 0x13
 1063 0124 38       		.uleb128 0x38
 1064 0125 0A       		.uleb128 0xa
 1065 0126 00       		.byte	0
 1066 0127 00       		.byte	0
 1067 0128 18       		.uleb128 0x18
 1068 0129 16       		.uleb128 0x16
 1069 012a 00       		.byte	0
 1070 012b 03       		.uleb128 0x3
 1071 012c 0E       		.uleb128 0xe
 1072 012d 3A       		.uleb128 0x3a
 1073 012e 0B       		.uleb128 0xb
 1074 012f 3B       		.uleb128 0x3b
 1075 0130 05       		.uleb128 0x5
 1076 0131 49       		.uleb128 0x49
 1077 0132 13       		.uleb128 0x13
 1078 0133 00       		.byte	0
 1079 0134 00       		.byte	0
 1080 0135 19       		.uleb128 0x19
 1081 0136 34       		.uleb128 0x34
 1082 0137 00       		.byte	0
 1083 0138 03       		.uleb128 0x3
 1084 0139 0E       		.uleb128 0xe
 1085 013a 3A       		.uleb128 0x3a
 1086 013b 0B       		.uleb128 0xb
 1087 013c 3B       		.uleb128 0x3b
 1088 013d 05       		.uleb128 0x5
 1089 013e 49       		.uleb128 0x49
 1090 013f 13       		.uleb128 0x13
 1091 0140 00       		.byte	0
 1092 0141 00       		.byte	0
 1093 0142 1A       		.uleb128 0x1a
ARM GAS  C:\Users\atsu\AppData\Local\Temp\ccwcyOGv.s 			page 27


 1094 0143 34       		.uleb128 0x34
 1095 0144 00       		.byte	0
 1096 0145 03       		.uleb128 0x3
 1097 0146 08       		.uleb128 0x8
 1098 0147 3A       		.uleb128 0x3a
 1099 0148 0B       		.uleb128 0xb
 1100 0149 3B       		.uleb128 0x3b
 1101 014a 05       		.uleb128 0x5
 1102 014b 49       		.uleb128 0x49
 1103 014c 13       		.uleb128 0x13
 1104 014d 02       		.uleb128 0x2
 1105 014e 06       		.uleb128 0x6
 1106 014f 00       		.byte	0
 1107 0150 00       		.byte	0
 1108 0151 1B       		.uleb128 0x1b
 1109 0152 0B       		.uleb128 0xb
 1110 0153 01       		.byte	0x1
 1111 0154 11       		.uleb128 0x11
 1112 0155 01       		.uleb128 0x1
 1113 0156 12       		.uleb128 0x12
 1114 0157 01       		.uleb128 0x1
 1115 0158 00       		.byte	0
 1116 0159 00       		.byte	0
 1117 015a 1C       		.uleb128 0x1c
 1118 015b 34       		.uleb128 0x34
 1119 015c 00       		.byte	0
 1120 015d 03       		.uleb128 0x3
 1121 015e 08       		.uleb128 0x8
 1122 015f 3A       		.uleb128 0x3a
 1123 0160 0B       		.uleb128 0xb
 1124 0161 3B       		.uleb128 0x3b
 1125 0162 05       		.uleb128 0x5
 1126 0163 49       		.uleb128 0x49
 1127 0164 13       		.uleb128 0x13
 1128 0165 00       		.byte	0
 1129 0166 00       		.byte	0
 1130 0167 1D       		.uleb128 0x1d
 1131 0168 1D       		.uleb128 0x1d
 1132 0169 01       		.byte	0x1
 1133 016a 31       		.uleb128 0x31
 1134 016b 13       		.uleb128 0x13
 1135 016c 11       		.uleb128 0x11
 1136 016d 01       		.uleb128 0x1
 1137 016e 12       		.uleb128 0x12
 1138 016f 01       		.uleb128 0x1
 1139 0170 58       		.uleb128 0x58
 1140 0171 0B       		.uleb128 0xb
 1141 0172 59       		.uleb128 0x59
 1142 0173 05       		.uleb128 0x5
 1143 0174 00       		.byte	0
 1144 0175 00       		.byte	0
 1145 0176 1E       		.uleb128 0x1e
 1146 0177 05       		.uleb128 0x5
 1147 0178 00       		.byte	0
 1148 0179 31       		.uleb128 0x31
 1149 017a 13       		.uleb128 0x13
 1150 017b 1C       		.uleb128 0x1c
ARM GAS  C:\Users\atsu\AppData\Local\Temp\ccwcyOGv.s 			page 28


 1151 017c 05       		.uleb128 0x5
 1152 017d 00       		.byte	0
 1153 017e 00       		.byte	0
 1154 017f 1F       		.uleb128 0x1f
 1155 0180 05       		.uleb128 0x5
 1156 0181 00       		.byte	0
 1157 0182 31       		.uleb128 0x31
 1158 0183 13       		.uleb128 0x13
 1159 0184 02       		.uleb128 0x2
 1160 0185 06       		.uleb128 0x6
 1161 0186 00       		.byte	0
 1162 0187 00       		.byte	0
 1163 0188 20       		.uleb128 0x20
 1164 0189 898201   		.uleb128 0x4109
 1165 018c 01       		.byte	0x1
 1166 018d 11       		.uleb128 0x11
 1167 018e 01       		.uleb128 0x1
 1168 018f 31       		.uleb128 0x31
 1169 0190 13       		.uleb128 0x13
 1170 0191 01       		.uleb128 0x1
 1171 0192 13       		.uleb128 0x13
 1172 0193 00       		.byte	0
 1173 0194 00       		.byte	0
 1174 0195 21       		.uleb128 0x21
 1175 0196 8A8201   		.uleb128 0x410a
 1176 0199 00       		.byte	0
 1177 019a 02       		.uleb128 0x2
 1178 019b 0A       		.uleb128 0xa
 1179 019c 9142     		.uleb128 0x2111
 1180 019e 0A       		.uleb128 0xa
 1181 019f 00       		.byte	0
 1182 01a0 00       		.byte	0
 1183 01a1 22       		.uleb128 0x22
 1184 01a2 898201   		.uleb128 0x4109
 1185 01a5 01       		.byte	0x1
 1186 01a6 11       		.uleb128 0x11
 1187 01a7 01       		.uleb128 0x1
 1188 01a8 31       		.uleb128 0x31
 1189 01a9 13       		.uleb128 0x13
 1190 01aa 00       		.byte	0
 1191 01ab 00       		.byte	0
 1192 01ac 23       		.uleb128 0x23
 1193 01ad 1D       		.uleb128 0x1d
 1194 01ae 01       		.byte	0x1
 1195 01af 31       		.uleb128 0x31
 1196 01b0 13       		.uleb128 0x13
 1197 01b1 52       		.uleb128 0x52
 1198 01b2 01       		.uleb128 0x1
 1199 01b3 55       		.uleb128 0x55
 1200 01b4 06       		.uleb128 0x6
 1201 01b5 58       		.uleb128 0x58
 1202 01b6 0B       		.uleb128 0xb
 1203 01b7 59       		.uleb128 0x59
 1204 01b8 05       		.uleb128 0x5
 1205 01b9 00       		.byte	0
 1206 01ba 00       		.byte	0
 1207 01bb 24       		.uleb128 0x24
ARM GAS  C:\Users\atsu\AppData\Local\Temp\ccwcyOGv.s 			page 29


 1208 01bc 1D       		.uleb128 0x1d
 1209 01bd 01       		.byte	0x1
 1210 01be 31       		.uleb128 0x31
 1211 01bf 13       		.uleb128 0x13
 1212 01c0 52       		.uleb128 0x52
 1213 01c1 01       		.uleb128 0x1
 1214 01c2 55       		.uleb128 0x55
 1215 01c3 06       		.uleb128 0x6
 1216 01c4 58       		.uleb128 0x58
 1217 01c5 0B       		.uleb128 0xb
 1218 01c6 59       		.uleb128 0x59
 1219 01c7 0B       		.uleb128 0xb
 1220 01c8 01       		.uleb128 0x1
 1221 01c9 13       		.uleb128 0x13
 1222 01ca 00       		.byte	0
 1223 01cb 00       		.byte	0
 1224 01cc 25       		.uleb128 0x25
 1225 01cd 0B       		.uleb128 0xb
 1226 01ce 01       		.byte	0x1
 1227 01cf 55       		.uleb128 0x55
 1228 01d0 06       		.uleb128 0x6
 1229 01d1 00       		.byte	0
 1230 01d2 00       		.byte	0
 1231 01d3 26       		.uleb128 0x26
 1232 01d4 34       		.uleb128 0x34
 1233 01d5 00       		.byte	0
 1234 01d6 31       		.uleb128 0x31
 1235 01d7 13       		.uleb128 0x13
 1236 01d8 02       		.uleb128 0x2
 1237 01d9 06       		.uleb128 0x6
 1238 01da 00       		.byte	0
 1239 01db 00       		.byte	0
 1240 01dc 27       		.uleb128 0x27
 1241 01dd 05       		.uleb128 0x5
 1242 01de 00       		.byte	0
 1243 01df 31       		.uleb128 0x31
 1244 01e0 13       		.uleb128 0x13
 1245 01e1 1C       		.uleb128 0x1c
 1246 01e2 0B       		.uleb128 0xb
 1247 01e3 00       		.byte	0
 1248 01e4 00       		.byte	0
 1249 01e5 28       		.uleb128 0x28
 1250 01e6 34       		.uleb128 0x34
 1251 01e7 00       		.byte	0
 1252 01e8 31       		.uleb128 0x31
 1253 01e9 13       		.uleb128 0x13
 1254 01ea 1C       		.uleb128 0x1c
 1255 01eb 06       		.uleb128 0x6
 1256 01ec 00       		.byte	0
 1257 01ed 00       		.byte	0
 1258 01ee 29       		.uleb128 0x29
 1259 01ef 34       		.uleb128 0x34
 1260 01f0 00       		.byte	0
 1261 01f1 31       		.uleb128 0x31
 1262 01f2 13       		.uleb128 0x13
 1263 01f3 1C       		.uleb128 0x1c
 1264 01f4 0B       		.uleb128 0xb
ARM GAS  C:\Users\atsu\AppData\Local\Temp\ccwcyOGv.s 			page 30


 1265 01f5 00       		.byte	0
 1266 01f6 00       		.byte	0
 1267 01f7 2A       		.uleb128 0x2a
 1268 01f8 2E       		.uleb128 0x2e
 1269 01f9 01       		.byte	0x1
 1270 01fa 3F       		.uleb128 0x3f
 1271 01fb 0C       		.uleb128 0xc
 1272 01fc 03       		.uleb128 0x3
 1273 01fd 0E       		.uleb128 0xe
 1274 01fe 27       		.uleb128 0x27
 1275 01ff 0C       		.uleb128 0xc
 1276 0200 49       		.uleb128 0x49
 1277 0201 13       		.uleb128 0x13
 1278 0202 34       		.uleb128 0x34
 1279 0203 0C       		.uleb128 0xc
 1280 0204 3C       		.uleb128 0x3c
 1281 0205 0C       		.uleb128 0xc
 1282 0206 01       		.uleb128 0x1
 1283 0207 13       		.uleb128 0x13
 1284 0208 00       		.byte	0
 1285 0209 00       		.byte	0
 1286 020a 2B       		.uleb128 0x2b
 1287 020b 05       		.uleb128 0x5
 1288 020c 00       		.byte	0
 1289 020d 49       		.uleb128 0x49
 1290 020e 13       		.uleb128 0x13
 1291 020f 00       		.byte	0
 1292 0210 00       		.byte	0
 1293 0211 2C       		.uleb128 0x2c
 1294 0212 2E       		.uleb128 0x2e
 1295 0213 01       		.byte	0x1
 1296 0214 3F       		.uleb128 0x3f
 1297 0215 0C       		.uleb128 0xc
 1298 0216 03       		.uleb128 0x3
 1299 0217 0E       		.uleb128 0xe
 1300 0218 3A       		.uleb128 0x3a
 1301 0219 0B       		.uleb128 0xb
 1302 021a 3B       		.uleb128 0x3b
 1303 021b 0B       		.uleb128 0xb
 1304 021c 27       		.uleb128 0x27
 1305 021d 0C       		.uleb128 0xc
 1306 021e 3C       		.uleb128 0x3c
 1307 021f 0C       		.uleb128 0xc
 1308 0220 00       		.byte	0
 1309 0221 00       		.byte	0
 1310 0222 00       		.byte	0
 1311              		.section	.debug_loc,"",%progbits
 1312              	.Ldebug_loc0:
 1313              	.LLST0:
 1314 0000 00000000 		.4byte	.LFB6
 1315 0004 02000000 		.4byte	.LCFI0
 1316 0008 0200     		.2byte	0x2
 1317 000a 7D       		.byte	0x7d
 1318 000b 00       		.sleb128 0
 1319 000c 02000000 		.4byte	.LCFI0
 1320 0010 68010000 		.4byte	.LFE6
 1321 0014 0200     		.2byte	0x2
ARM GAS  C:\Users\atsu\AppData\Local\Temp\ccwcyOGv.s 			page 31


 1322 0016 7D       		.byte	0x7d
 1323 0017 08       		.sleb128 8
 1324 0018 00000000 		.4byte	0
 1325 001c 00000000 		.4byte	0
 1326              	.LLST1:
 1327 0020 04000000 		.4byte	.LVL0
 1328 0024 10000000 		.4byte	.LVL1
 1329 0028 0200     		.2byte	0x2
 1330 002a 30       		.byte	0x30
 1331 002b 9F       		.byte	0x9f
 1332 002c 10000000 		.4byte	.LVL1
 1333 0030 1C000000 		.4byte	.LVL2
 1334 0034 0200     		.2byte	0x2
 1335 0036 31       		.byte	0x31
 1336 0037 9F       		.byte	0x9f
 1337 0038 1C000000 		.4byte	.LVL2
 1338 003c 68010000 		.4byte	.LFE6
 1339 0040 0200     		.2byte	0x2
 1340 0042 32       		.byte	0x32
 1341 0043 9F       		.byte	0x9f
 1342 0044 00000000 		.4byte	0
 1343 0048 00000000 		.4byte	0
 1344              	.LLST3:
 1345 004c 04000000 		.4byte	.LVL0
 1346 0050 10000000 		.4byte	.LVL1
 1347 0054 0600     		.2byte	0x6
 1348 0056 0C       		.byte	0xc
 1349 0057 00300F40 		.4byte	0x400f3000
 1350 005b 9F       		.byte	0x9f
 1351 005c 10000000 		.4byte	.LVL1
 1352 0060 68010000 		.4byte	.LFE6
 1353 0064 0600     		.2byte	0x6
 1354 0066 0C       		.byte	0xc
 1355 0067 00400F40 		.4byte	0x400f4000
 1356 006b 9F       		.byte	0x9f
 1357 006c 00000000 		.4byte	0
 1358 0070 00000000 		.4byte	0
 1359              	.LLST4:
 1360 0074 86000000 		.4byte	.LVL5
 1361 0078 8A000000 		.4byte	.LVL6
 1362 007c 0200     		.2byte	0x2
 1363 007e 33       		.byte	0x33
 1364 007f 9F       		.byte	0x9f
 1365 0080 00000000 		.4byte	0
 1366 0084 00000000 		.4byte	0
 1367              	.LLST5:
 1368 0088 84000000 		.4byte	.LVL4
 1369 008c 8A000000 		.4byte	.LVL6
 1370 0090 0100     		.2byte	0x1
 1371 0092 50       		.byte	0x50
 1372 0093 00000000 		.4byte	0
 1373 0097 00000000 		.4byte	0
 1374              	.LLST6:
 1375 009b 86000000 		.4byte	.LVL5
 1376 009f 8A000000 		.4byte	.LVL6
 1377 00a3 0100     		.2byte	0x1
 1378 00a5 51       		.byte	0x51
ARM GAS  C:\Users\atsu\AppData\Local\Temp\ccwcyOGv.s 			page 32


 1379 00a6 00000000 		.4byte	0
 1380 00aa 00000000 		.4byte	0
 1381              		.section	.debug_aranges,"",%progbits
 1382 0000 1C000000 		.4byte	0x1c
 1383 0004 0200     		.2byte	0x2
 1384 0006 00000000 		.4byte	.Ldebug_info0
 1385 000a 04       		.byte	0x4
 1386 000b 00       		.byte	0
 1387 000c 0000     		.2byte	0
 1388 000e 0000     		.2byte	0
 1389 0010 00000000 		.4byte	.LFB6
 1390 0014 68010000 		.4byte	.LFE6-.LFB6
 1391 0018 00000000 		.4byte	0
 1392 001c 00000000 		.4byte	0
 1393              		.section	.debug_ranges,"",%progbits
 1394              	.Ldebug_ranges0:
 1395 0000 04000000 		.4byte	.LBB14
 1396 0004 6E000000 		.4byte	.LBE14
 1397 0008 70000000 		.4byte	.LBB30
 1398 000c 74000000 		.4byte	.LBE30
 1399 0010 00000000 		.4byte	0
 1400 0014 00000000 		.4byte	0
 1401 0018 6E000000 		.4byte	.LBB18
 1402 001c 70000000 		.4byte	.LBE18
 1403 0020 74000000 		.4byte	.LBB31
 1404 0024 9E000000 		.4byte	.LBE31
 1405 0028 9E000000 		.4byte	.LBB32
 1406 002c E0000000 		.4byte	.LBE32
 1407 0030 00000000 		.4byte	0
 1408 0034 00000000 		.4byte	0
 1409 0038 7C000000 		.4byte	.LBB20
 1410 003c 80000000 		.4byte	.LBE20
 1411 0040 82000000 		.4byte	.LBB25
 1412 0044 9E000000 		.4byte	.LBE25
 1413 0048 9E000000 		.4byte	.LBB26
 1414 004c A2000000 		.4byte	.LBE26
 1415 0050 A4000000 		.4byte	.LBB27
 1416 0054 A6000000 		.4byte	.LBE27
 1417 0058 00000000 		.4byte	0
 1418 005c 00000000 		.4byte	0
 1419 0060 7C000000 		.4byte	.LBB21
 1420 0064 80000000 		.4byte	.LBE21
 1421 0068 82000000 		.4byte	.LBB22
 1422 006c 9E000000 		.4byte	.LBE22
 1423 0070 9E000000 		.4byte	.LBB23
 1424 0074 A2000000 		.4byte	.LBE23
 1425 0078 A4000000 		.4byte	.LBB24
 1426 007c A6000000 		.4byte	.LBE24
 1427 0080 00000000 		.4byte	0
 1428 0084 00000000 		.4byte	0
 1429 0088 00000000 		.4byte	.LFB6
 1430 008c 68010000 		.4byte	.LFE6
 1431 0090 00000000 		.4byte	0
 1432 0094 00000000 		.4byte	0
 1433              		.section	.debug_line,"",%progbits
 1434              	.Ldebug_line0:
 1435 0000 6B010000 		.section	.debug_str,"MS",%progbits,1
ARM GAS  C:\Users\atsu\AppData\Local\Temp\ccwcyOGv.s 			page 33


 1435      0200E200 
 1435      00000201 
 1435      FB0E0D00 
 1435      01010101 
 1436              	.LASF19:
 1437 0000 72656733 		.ascii	"reg32\000"
 1437      3200
 1438              	.LASF11:
 1439 0006 73697A65 		.ascii	"size_t\000"
 1439      5F7400
 1440              	.LASF34:
 1441 000d 416E616C 		.ascii	"AnalogSetDefault\000"
 1441      6F675365 
 1441      74446566 
 1441      61756C74 
 1441      00
 1442              	.LASF23:
 1443 001e 696D6F5F 		.ascii	"imo_trim_entry_t\000"
 1443      7472696D 
 1443      5F656E74 
 1443      72795F74 
 1443      00
 1444              	.LASF39:
 1445 002f 6366675F 		.ascii	"cfg_memset_list\000"
 1445      6D656D73 
 1445      65745F6C 
 1445      69737400 
 1446              	.LASF35:
 1447 003f 436C6F63 		.ascii	"ClockSetup\000"
 1447      6B536574 
 1447      757000
 1448              	.LASF22:
 1449 004a 746D7063 		.ascii	"tmpco\000"
 1449      6F00
 1450              	.LASF3:
 1451 0050 73686F72 		.ascii	"short unsigned int\000"
 1451      7420756E 
 1451      7369676E 
 1451      65642069 
 1451      6E7400
 1452              	.LASF2:
 1453 0063 73686F72 		.ascii	"short int\000"
 1453      7420696E 
 1453      7400
 1454              	.LASF31:
 1455 006d 53657449 		.ascii	"SetIMOBGTrims\000"
 1455      4D4F4247 
 1455      5472696D 
 1455      7300
 1456              	.LASF16:
 1457 007b 666C6F61 		.ascii	"float\000"
 1457      7400
 1458              	.LASF28:
 1459 0081 696D6F54 		.ascii	"imoTrimIndex\000"
 1459      72696D49 
 1459      6E646578 
 1459      00
ARM GAS  C:\Users\atsu\AppData\Local\Temp\ccwcyOGv.s 			page 34


 1460              	.LASF37:
 1461 008e 73697A65 		.ascii	"size\000"
 1461      00
 1462              	.LASF18:
 1463 0093 72656738 		.ascii	"reg8\000"
 1463      00
 1464              	.LASF9:
 1465 0098 6C6F6E67 		.ascii	"long unsigned int\000"
 1465      20756E73 
 1465      69676E65 
 1465      6420696E 
 1465      7400
 1466              	.LASF15:
 1467 00aa 696E7433 		.ascii	"int32\000"
 1467      3200
 1468              	.LASF32:
 1469 00b0 43594D45 		.ascii	"CYMEMZERO\000"
 1469      4D5A4552 
 1469      4F00
 1470              	.LASF1:
 1471 00ba 756E7369 		.ascii	"unsigned char\000"
 1471      676E6564 
 1471      20636861 
 1471      7200
 1472              	.LASF44:
 1473 00c8 6D656D73 		.ascii	"memset\000"
 1473      657400
 1474              	.LASF17:
 1475 00cf 646F7562 		.ascii	"double\000"
 1475      6C6500
 1476              	.LASF33:
 1477 00d6 696D6F46 		.ascii	"imoFreq\000"
 1477      72657100 
 1478              	.LASF42:
 1479 00de 433A5C55 		.ascii	"C:\\Users\\atsu\\Desktop\\W5100_PSoC4_test\\W5100_P"
 1479      73657273 
 1479      5C617473 
 1479      755C4465 
 1479      736B746F 
 1480 010c 536F4334 		.ascii	"SoC4_test.cydsn\000"
 1480      5F746573 
 1480      742E6379 
 1480      64736E00 
 1481              	.LASF27:
 1482 011c 494D4F5F 		.ascii	"IMO_TRIM_FREQ_TABLE_ENTRIES\000"
 1482      5452494D 
 1482      5F465245 
 1482      515F5441 
 1482      424C455F 
 1483              	.LASF13:
 1484 0138 75696E74 		.ascii	"uint16\000"
 1484      313600
 1485              	.LASF14:
 1486 013f 75696E74 		.ascii	"uint32\000"
 1486      333200
 1487              	.LASF4:
 1488 0146 756E7369 		.ascii	"unsigned int\000"
ARM GAS  C:\Users\atsu\AppData\Local\Temp\ccwcyOGv.s 			page 35


 1488      676E6564 
 1488      20696E74 
 1488      00
 1489              	.LASF43:
 1490 0153 63796669 		.ascii	"cyfitter_cfg\000"
 1490      74746572 
 1490      5F636667 
 1490      00
 1491              	.LASF36:
 1492 0160 61646472 		.ascii	"address\000"
 1492      65737300 
 1493              	.LASF6:
 1494 0168 6C6F6E67 		.ascii	"long long unsigned int\000"
 1494      206C6F6E 
 1494      6720756E 
 1494      7369676E 
 1494      65642069 
 1495              	.LASF25:
 1496 017f 696D6F5F 		.ascii	"imo_trim_table_t\000"
 1496      7472696D 
 1496      5F746162 
 1496      6C655F74 
 1496      00
 1497              	.LASF38:
 1498 0190 6366675F 		.ascii	"cfg_memset_t\000"
 1498      6D656D73 
 1498      65745F74 
 1498      00
 1499              	.LASF41:
 1500 019d 2E5C4765 		.ascii	".\\Generated_Source\\PSoC4\\cyfitter_cfg.c\000"
 1500      6E657261 
 1500      7465645F 
 1500      536F7572 
 1500      63655C50 
 1501              	.LASF8:
 1502 01c5 73697A65 		.ascii	"sizetype\000"
 1502      74797065 
 1502      00
 1503              	.LASF30:
 1504 01ce 73657454 		.ascii	"setTmpCo\000"
 1504      6D70436F 
 1504      00
 1505              	.LASF5:
 1506 01d7 6C6F6E67 		.ascii	"long long int\000"
 1506      206C6F6E 
 1506      6720696E 
 1506      7400
 1507              	.LASF45:
 1508 01e5 43794465 		.ascii	"CyDelayUs\000"
 1508      6C617955 
 1508      7300
 1509              	.LASF10:
 1510 01ef 63686172 		.ascii	"char\000"
 1510      00
 1511              	.LASF21:
 1512 01f4 6162736F 		.ascii	"absolute\000"
 1512      6C757465 
ARM GAS  C:\Users\atsu\AppData\Local\Temp\ccwcyOGv.s 			page 36


 1512      00
 1513              	.LASF20:
 1514 01fd 66726571 		.ascii	"freq\000"
 1514      00
 1515              	.LASF12:
 1516 0202 75696E74 		.ascii	"uint8\000"
 1516      3800
 1517              	.LASF40:
 1518 0208 474E5520 		.ascii	"GNU C 4.7.3 20130312 (release) [ARM/embedded-4_7-br"
 1518      4320342E 
 1518      372E3320 
 1518      32303133 
 1518      30333132 
 1519 023b 616E6368 		.ascii	"anch revision 196615]\000"
 1519      20726576 
 1519      6973696F 
 1519      6E203139 
 1519      36363135 
 1520              	.LASF26:
 1521 0251 696D6F5F 		.ascii	"imo_trim_table\000"
 1521      7472696D 
 1521      5F746162 
 1521      6C6500
 1522              	.LASF7:
 1523 0260 6C6F6E67 		.ascii	"long int\000"
 1523      20696E74 
 1523      00
 1524              	.LASF24:
 1525 0269 656E7472 		.ascii	"entries\000"
 1525      69657300 
 1526              	.LASF29:
 1527 0271 73657441 		.ascii	"setAbs\000"
 1527      627300
 1528              	.LASF0:
 1529 0278 7369676E 		.ascii	"signed char\000"
 1529      65642063 
 1529      68617200 
 1530              		.ident	"GCC: (GNU Tools for ARM Embedded Processors) 4.7.3 20130312 (release) [ARM/embedded-4_7-br
