Archive member included because of file (symbol)

.\CortexM0\ARM_GCC_473\Release\W5100_PSoC4_test.a(cyfitter_cfg.o)
                              .\CortexM0\ARM_GCC_473\Release\Cm0Start.o (cyfitter_cfg)
.\CortexM0\ARM_GCC_473\Release\W5100_PSoC4_test.a(UART_1.o)
                              .\CortexM0\ARM_GCC_473\Release\main.o (UART_1_Start)
.\CortexM0\ARM_GCC_473\Release\W5100_PSoC4_test.a(UART_1_UART.o)
                              .\CortexM0\ARM_GCC_473\Release\W5100_PSoC4_test.a(UART_1.o) (UART_1_UartInit)
.\CortexM0\ARM_GCC_473\Release\W5100_PSoC4_test.a(CyLib.o)
                              .\CortexM0\ARM_GCC_473\Release\w5100.o (CyDelay)
.\CortexM0\ARM_GCC_473\Release\W5100_PSoC4_test.a(SPI.o)
                              .\CortexM0\ARM_GCC_473\Release\w5100.o (SPI_Start)
.\CortexM0\ARM_GCC_473\Release\W5100_PSoC4_test.a(SPI_SPI_UART.o)
                              .\CortexM0\ARM_GCC_473\Release\w5100.o (SPI_SpiUartReadRxData)
.\CortexM0\ARM_GCC_473\Release\W5100_PSoC4_test.a(SPI_SPI.o)
                              .\CortexM0\ARM_GCC_473\Release\W5100_PSoC4_test.a(SPI.o) (SPI_SpiInit)
.\CortexM0\ARM_GCC_473\Release\W5100_PSoC4_test.a(SPI_CS.o)
                              .\CortexM0\ARM_GCC_473\Release\w5100.o (SPI_CS_Write)
.\CortexM0\ARM_GCC_473\Release\W5100_PSoC4_test.a(UART_1_SPI_UART.o)
                              .\CortexM0\ARM_GCC_473\Release\W5100_PSoC4_test.a(UART_1_UART.o) (UART_1_SpiUartReadRxData)
.\CortexM0\ARM_GCC_473\Release\W5100_PSoC4_test.a(CyBootAsmGnu.o)
                              .\CortexM0\ARM_GCC_473\Release\W5100_PSoC4_test.a(CyLib.o) (CyDelayCycles)
c:/program files (x86)/cypress/psoc creator/3.0/psoc creator/import/gnu_cs/arm/4.7.3/bin/../lib/gcc/arm-none-eabi/4.7.3/armv6-m\libgcc.a(_udivsi3.o)
                              .\CortexM0\ARM_GCC_473\Release\Print.o (__aeabi_uidiv)
c:/program files (x86)/cypress/psoc creator/3.0/psoc creator/import/gnu_cs/arm/4.7.3/bin/../lib/gcc/arm-none-eabi/4.7.3/armv6-m\libgcc.a(_dvmd_tls.o)
                              c:/program files (x86)/cypress/psoc creator/3.0/psoc creator/import/gnu_cs/arm/4.7.3/bin/../lib/gcc/arm-none-eabi/4.7.3/armv6-m\libgcc.a(_udivsi3.o) (__aeabi_idiv0)
c:/program files (x86)/cypress/psoc creator/3.0/psoc creator/import/gnu_cs/arm/4.7.3/bin/../lib/gcc/arm-none-eabi/4.7.3/armv6-m\libgcc.a(unwind-arm.o)
                              .\CortexM0\ARM_GCC_473\Release\Client.o (__aeabi_unwind_cpp_pr0)
c:/program files (x86)/cypress/psoc creator/3.0/psoc creator/import/gnu_cs/arm/4.7.3/bin/../lib/gcc/arm-none-eabi/4.7.3/armv6-m\libgcc.a(libunwind.o)
                              c:/program files (x86)/cypress/psoc creator/3.0/psoc creator/import/gnu_cs/arm/4.7.3/bin/../lib/gcc/arm-none-eabi/4.7.3/armv6-m\libgcc.a(unwind-arm.o) (restore_core_regs)
c:/program files (x86)/cypress/psoc creator/3.0/psoc creator/import/gnu_cs/arm/4.7.3/bin/../lib/gcc/arm-none-eabi/4.7.3/armv6-m\libgcc.a(pr-support.o)
                              c:/program files (x86)/cypress/psoc creator/3.0/psoc creator/import/gnu_cs/arm/4.7.3/bin/../lib/gcc/arm-none-eabi/4.7.3/armv6-m\libgcc.a(unwind-arm.o) (__gnu_unwind_execute)
c:/program files (x86)/cypress/psoc creator/3.0/psoc creator/import/gnu_cs/arm/4.7.3/bin/../lib/gcc/arm-none-eabi/4.7.3/../../../../arm-none-eabi/lib/armv6-m\libc_s.a(lib_a-__atexit2.o)
                              c:/program files (x86)/cypress/psoc creator/3.0/psoc creator/import/gnu_cs/arm/4.7.3/bin/../lib/gcc/arm-none-eabi/4.7.3/../../../../arm-none-eabi/lib/armv6-m/crt0.o (__register_exitproc)
c:/program files (x86)/cypress/psoc creator/3.0/psoc creator/import/gnu_cs/arm/4.7.3/bin/../lib/gcc/arm-none-eabi/4.7.3/../../../../arm-none-eabi/lib/armv6-m\libc_s.a(lib_a-abort.o)
                              c:/program files (x86)/cypress/psoc creator/3.0/psoc creator/import/gnu_cs/arm/4.7.3/bin/../lib/gcc/arm-none-eabi/4.7.3/armv6-m\libgcc.a(unwind-arm.o) (abort)
c:/program files (x86)/cypress/psoc creator/3.0/psoc creator/import/gnu_cs/arm/4.7.3/bin/../lib/gcc/arm-none-eabi/4.7.3/../../../../arm-none-eabi/lib/armv6-m\libc_s.a(lib_a-exit.o)
                              c:/program files (x86)/cypress/psoc creator/3.0/psoc creator/import/gnu_cs/arm/4.7.3/bin/../lib/gcc/arm-none-eabi/4.7.3/../../../../arm-none-eabi/lib/armv6-m/crt0.o (exit)
c:/program files (x86)/cypress/psoc creator/3.0/psoc creator/import/gnu_cs/arm/4.7.3/bin/../lib/gcc/arm-none-eabi/4.7.3/../../../../arm-none-eabi/lib/armv6-m\libc_s.a(lib_a-fini.o)
                              c:/program files (x86)/cypress/psoc creator/3.0/psoc creator/import/gnu_cs/arm/4.7.3/bin/../lib/gcc/arm-none-eabi/4.7.3/../../../../arm-none-eabi/lib/armv6-m/crt0.o (__libc_fini_array)
c:/program files (x86)/cypress/psoc creator/3.0/psoc creator/import/gnu_cs/arm/4.7.3/bin/../lib/gcc/arm-none-eabi/4.7.3/../../../../arm-none-eabi/lib/armv6-m\libc_s.a(lib_a-impure.o)
[...]
Memory Configuration

Name             Origin             Length             Attributes
rom              0x00000000         0x00008000         xr
ram              0x20000000         0x00001000         xrw
*default*        0x00000000         0xffffffff

Linker script and memory map

LOAD c:/program files (x86)/cypress/psoc creator/3.0/psoc creator/import/gnu_cs/arm/4.7.3/bin/../lib/gcc/arm-none-eabi/4.7.3/armv6-m/crti.o
LOAD c:/program files (x86)/cypress/psoc creator/3.0/psoc creator/import/gnu_cs/arm/4.7.3/bin/../lib/gcc/arm-none-eabi/4.7.3/armv6-m/crtbegin.o
LOAD c:/program files (x86)/cypress/psoc creator/3.0/psoc creator/import/gnu_cs/arm/4.7.3/bin/../lib/gcc/arm-none-eabi/4.7.3/../../../../arm-none-eabi/lib/armv6-m/crt0.o
START GROUP
LOAD .\CortexM0\ARM_GCC_473\Release\socket.o
LOAD .\CortexM0\ARM_GCC_473\Release\w5100.o
LOAD .\CortexM0\ARM_GCC_473\Release\Client.o
LOAD .\CortexM0\ARM_GCC_473\Release\main.o
LOAD .\CortexM0\ARM_GCC_473\Release\Ethernet.o
LOAD .\CortexM0\ARM_GCC_473\Release\Print.o
LOAD .\CortexM0\ARM_GCC_473\Release\Server.o
LOAD .\CortexM0\ARM_GCC_473\Release\cymetadata.o
LOAD .\CortexM0\ARM_GCC_473\Release\Cm0Start.o
LOAD .\CortexM0\ARM_GCC_473\Release\W5100_PSoC4_test.a
LOAD C:\Program Files (x86)\Cypress\PSoC Creator\3.0\PSoC Creator\psoc\content\cycomponentlibrary\CyComponentLibrary.cylib\CortexM0\ARM_GCC_473\Release\CyComponentLibrary.a
END GROUP
START GROUP
LOAD c:/program files (x86)/cypress/psoc creator/3.0/psoc creator/import/gnu_cs/arm/4.7.3/bin/../lib/gcc/arm-none-eabi/4.7.3/armv6-m\libgcc.a
LOAD c:/program files (x86)/cypress/psoc creator/3.0/psoc creator/import/gnu_cs/arm/4.7.3/bin/../lib/gcc/arm-none-eabi/4.7.3/../../../../arm-none-eabi/lib/armv6-m\libc_s.a
END GROUP
LOAD c:/program files (x86)/cypress/psoc creator/3.0/psoc creator/import/gnu_cs/arm/4.7.3/bin/../lib/gcc/arm-none-eabi/4.7.3/armv6-m/crtend.o
LOAD c:/program files (x86)/cypress/psoc creator/3.0/psoc creator/import/gnu_cs/arm/4.7.3/bin/../lib/gcc/arm-none-eabi/4.7.3/armv6-m/crtn.o
START GROUP
LOAD c:/program files (x86)/cypress/psoc creator/3.0/psoc creator/import/gnu_cs/arm/4.7.3/bin/../lib/gcc/arm-none-eabi/4.7.3/armv6-m\libgcc.a
LOAD c:/program files (x86)/cypress/psoc creator/3.0/psoc creator/import/gnu_cs/arm/4.7.3/bin/../lib/gcc/arm-none-eabi/4.7.3/../../../../arm-none-eabi/lib/armv6-m\libc.a
LOAD c:/program files (x86)/cypress/psoc creator/3.0/psoc creator/import/gnu_cs/arm/4.7.3/bin/../lib/gcc/arm-none-eabi/4.7.3/../../../../arm-none-eabi/lib/armv6-m\libnosys.a
END GROUP
                0x00000000                CY_APPL_ORIGIN = 0x0
                0x00000080                CY_FLASH_ROW_SIZE = 0x80
                0x00000001                CY_APPL_NUM = 0x1
                0x00000040                CY_METADATA_SIZE = 0x40
                0x200001d0                PROVIDE (__cy_heap_start, _end)
                0x00000001                PROVIDE (__cy_region_num, ((__cy_regions_end - __cy_regions) / 0x10))
                0x20001000                PROVIDE (__cy_stack, (ORIGIN (ram) + 0x1000))
                0x20000c00                PROVIDE (__cy_heap_end, (__cy_stack - 0x400))

.cybootloader   0x00000000        0x0
 *(.cybootloader)
                0x00000000                appl1_start = CY_APPL_ORIGIN?CY_APPL_ORIGIN:ALIGN (CY_FLASH_ROW_SIZE)
                0x00003f80                appl2_start = (appl1_start + ALIGN ((((0x8000 - appl1_start) - (0x2 * CY_FLASH_ROW_SIZE)) / 0x2), CY_FLASH_ROW_SIZE))
                0x00000000                appl_start = (CY_APPL_NUM == 0x1)?appl1_start:appl2_start

.text           0x00000000     0x221c
 CREATE_OBJECT_SYMBOLS
                0x00000000                PROVIDE (__cy_interrupt_vector, RomVectors)
 *(.romvectors)
 .romvectors    0x00000000       0x10 .\CortexM0\ARM_GCC_473\Release\Cm0Start.o
                0x00000000                RomVectors
                0x00000001                ASSERT ((. != __cy_interrupt_vector), No interrupt vector)
                0x00000001                ASSERT (CY_APPL_ORIGIN?(SIZEOF (.cybootloader) <= CY_APPL_ORIGIN):0x1, Wrong image location)
                0x00000010                PROVIDE (__cy_reset, Reset)
 *(.text.Reset)
 .text.Reset    0x00000010        0x6 .\CortexM0\ARM_GCC_473\Release\Cm0Start.o
                0x00000010                Reset
                0x00000001                ASSERT ((. != __cy_reset), No reset code)
 *(.psocinit)
 *fill*         0x00000016        0x2 00
 .psocinit      0x00000018      0x168 .\CortexM0\ARM_GCC_473\Release\W5100_PSoC4_test.a(cyfitter_cfg.o)
                0x00000018                cyfitter_cfg
                0x00000180                . = MAX (., 0x100)
 *(.text .text.* .gnu.linkonce.t.*)
 .text          0x00000180       0x60 c:/program files (x86)/cypress/psoc creator/3.0/psoc creator/import/gnu_cs/arm/4.7.3/bin/../lib/gcc/arm-none-eabi/4.7.3/armv6-m/crtbegin.o
 .text.close    0x000001e0       0x2a .\CortexM0\ARM_GCC_473\Release\socket.o
                0x000001e0                close
 *fill*         0x0000020a        0x2 00
 .text.socket   0x0000020c       0x78 .\CortexM0\ARM_GCC_473\Release\socket.o
                0x0000020c                socket
 .text.listen   0x00000284       0x32 .\CortexM0\ARM_GCC_473\Release\socket.o
                0x00000284                listen
 *fill*         0x000002b6        0x2 00
 .text.disconnect
                0x000002b8       0x24 .\CortexM0\ARM_GCC_473\Release\socket.o
                0x000002b8                disconnect
 .text.send     0x000002dc       0x90 .\CortexM0\ARM_GCC_473\Release\socket.o
                0x000002dc                send
 .text.recv     0x0000036c       0x30 .\CortexM0\ARM_GCC_473\Release\socket.o
                0x0000036c                recv
 .text.SPI_transfer
                0x0000039c       0x16 .\CortexM0\ARM_GCC_473\Release\w5100.o
                0x0000039c                SPI_transfer
 *fill*         0x000003b2        0x2 00
 .text.getIINCHIP_TxMAX
                0x000003b4       0x10 .\CortexM0\ARM_GCC_473\Release\w5100.o
                0x000003b4                getIINCHIP_TxMAX
 .text.IINCHIP_WRITE
                0x000003c4       0x32 .\CortexM0\ARM_GCC_473\Release\w5100.o
                0x000003c4                IINCHIP_WRITE
 .text.IINCHIP_READ
                0x000003f6       0x30 .\CortexM0\ARM_GCC_473\Release\w5100.o
                0x000003f6                IINCHIP_READ
 .text.wiz_write_buf
                0x00000426       0x46 .\CortexM0\ARM_GCC_473\Release\w5100.o
                0x00000426                wiz_write_buf
 .text.wiz_read_buf
                0x0000046c       0x44 .\CortexM0\ARM_GCC_473\Release\w5100.o
                0x0000046c                wiz_read_buf
 .text.sysinit  0x000004b0      0x140 .\CortexM0\ARM_GCC_473\Release\w5100.o
                0x000004b0                sysinit
 .text.setMR    0x000005f0        0xe .\CortexM0\ARM_GCC_473\Release\w5100.o
                0x000005f0                setMR
 .text.iinchip_init
                0x000005fe       0x16 .\CortexM0\ARM_GCC_473\Release\w5100.o
                0x000005fe                iinchip_init
 .text.setGAR   0x00000614       0x26 .\CortexM0\ARM_GCC_473\Release\w5100.o
                0x00000614                setGAR
 .text.setSUBR  0x0000063a       0x26 .\CortexM0\ARM_GCC_473\Release\w5100.o
                0x0000063a                setSUBR
 .text.setSHAR  0x00000660       0x36 .\CortexM0\ARM_GCC_473\Release\w5100.o
                0x00000660                setSHAR
 .text.setSIPR  0x00000696       0x26 .\CortexM0\ARM_GCC_473\Release\w5100.o
                0x00000696                setSIPR
 .text.getSn_SR
                0x000006bc       0x14 .\CortexM0\ARM_GCC_473\Release\w5100.o
                0x000006bc                getSn_SR
 .text.getSn_TX_FSR
                0x000006d0       0x48 .\CortexM0\ARM_GCC_473\Release\w5100.o
                0x000006d0                getSn_TX_FSR
 .text.getSn_RX_RSR
                0x00000718       0x48 .\CortexM0\ARM_GCC_473\Release\w5100.o
                0x00000718                getSn_RX_RSR
 .text.write_data
                0x00000760       0x44 .\CortexM0\ARM_GCC_473\Release\w5100.o
                0x00000760                write_data
 .text.send_data_processing
                0x000007a4       0x50 .\CortexM0\ARM_GCC_473\Release\w5100.o
                0x000007a4                send_data_processing
 .text.read_data
                0x000007f4       0x44 .\CortexM0\ARM_GCC_473\Release\w5100.o
                0x000007f4                read_data
 .text.recv_data_processing
                0x00000838       0x50 .\CortexM0\ARM_GCC_473\Release\w5100.o
                0x00000838                recv_data_processing
 .text._ZN6Client5writeEh
                0x00000888       0x14 .\CortexM0\ARM_GCC_473\Release\Client.o
                0x00000888                Client::write(unsigned char)
 .text._ZN6ClientC2Eh
                0x0000089c       0x1c .\CortexM0\ARM_GCC_473\Release\Client.o
                0x0000089c                Client::Client(unsigned char)
                0x0000089c                Client::Client(unsigned char)
 .text._ZN6Client9availableEv
                0x000008b8        0xa .\CortexM0\ARM_GCC_473\Release\Client.o
                0x000008b8                Client::available()
 .text._ZN6Client4readEv
                0x000008c2       0x24 .\CortexM0\ARM_GCC_473\Release\Client.o
                0x000008c2                Client::read()
 *fill*         0x000008e6        0x2 00
 .text._ZN6Client4stopEv
                0x000008e8       0x20 .\CortexM0\ARM_GCC_473\Release\Client.o
                0x000008e8                Client::stop()
 .text._ZN6Client6statusEv
                0x00000908        0xa .\CortexM0\ARM_GCC_473\Release\Client.o
                0x00000908                Client::status()
 .text._ZN6ClientcvbEv
                0x00000912        0xa .\CortexM0\ARM_GCC_473\Release\Client.o
                0x00000912                Client::operator bool()
 .text._Z5setupv
                0x0000091c       0x30 .\CortexM0\ARM_GCC_473\Release\main.o
                0x0000091c                setup()
 .text.startup._GLOBAL__sub_I_mac
                0x0000094c       0x10 .\CortexM0\ARM_GCC_473\Release\main.o
 .text._Z4loopv
                0x0000095c       0x48 .\CortexM0\ARM_GCC_473\Release\main.o
                0x0000095c                loop()
 .text.startup.main
                0x000009a4       0x12 .\CortexM0\ARM_GCC_473\Release\main.o
                0x000009a4                main
 .text._ZN13EthernetClass5beginEPhS0_S0_S0_
                0x000009b6       0x2e .\CortexM0\ARM_GCC_473\Release\Ethernet.o
                0x000009b6                EthernetClass::begin(unsigned char*, unsigned char*, unsigned char*, unsigned char*)
 .text._ZN13EthernetClass5beginEPhS0_S0_
                0x000009e4       0x30 .\CortexM0\ARM_GCC_473\Release\Ethernet.o
                0x000009e4                EthernetClass::begin(unsigned char*, unsigned char*, unsigned char*)
 .text._ZN13EthernetClass5beginEPhS0_
                0x00000a14       0x1a .\CortexM0\ARM_GCC_473\Release\Ethernet.o
                0x00000a14                EthernetClass::begin(unsigned char*, unsigned char*)
 *fill*         0x00000a2e        0x2 00
 .text._ZN6ServerC2Et
                0x00000a30       0x20 .\CortexM0\ARM_GCC_473\Release\Server.o
                0x00000a30                Server::Server(unsigned short)
                0x00000a30                Server::Server(unsigned short)
 .text._ZN6Server5beginEv
                0x00000a50       0x4c .\CortexM0\ARM_GCC_473\Release\Server.o
                0x00000a50                Server::begin()
 .text._ZN6Server6acceptEv
                0x00000a9c       0x64 .\CortexM0\ARM_GCC_473\Release\Server.o
                0x00000a9c                Server::accept()
 .text._ZN6Server9availableEv
                0x00000b00       0x98 .\CortexM0\ARM_GCC_473\Release\Server.o
                0x00000b00                Server::available()
 .text._ZN6Server5writeEh
                0x00000b98       0x48 .\CortexM0\ARM_GCC_473\Release\Server.o
                0x00000b98                Server::write(unsigned char)
 .text.IntDefaultHandler
                0x00000be0        0x4 .\CortexM0\ARM_GCC_473\Release\Cm0Start.o
                0x00000be0                IntDefaultHandler
 .text._exit    0x00000be4        0x4 .\CortexM0\ARM_GCC_473\Release\Cm0Start.o
                0x00000be4                _exit
 .text.Start_c  0x00000be8       0x98 .\CortexM0\ARM_GCC_473\Release\Cm0Start.o
                0x00000be8                Start_c
 .text.startup.initialize_psoc
                0x00000c80       0x40 .\CortexM0\ARM_GCC_473\Release\Cm0Start.o
                0x00000c80                initialize_psoc
 .text.UART_1_Enable
                0x00000cc0       0x14 .\CortexM0\ARM_GCC_473\Release\W5100_PSoC4_test.a(UART_1.o)
                0x00000cc0                UART_1_Enable
 .text.UART_1_Start
                0x00000cd4       0x1c .\CortexM0\ARM_GCC_473\Release\W5100_PSoC4_test.a(UART_1.o)
                0x00000cd4                UART_1_Start
 .text.UART_1_UartInit
                0x00000cf0       0x90 .\CortexM0\ARM_GCC_473\Release\W5100_PSoC4_test.a(UART_1_UART.o)
                0x00000cf0                UART_1_UartInit
 .text.UART_1_UartPutString
                0x00000d80       0x16 .\CortexM0\ARM_GCC_473\Release\W5100_PSoC4_test.a(UART_1_UART.o)
                0x00000d80                UART_1_UartPutString
 *fill*         0x00000d96        0x2 00
 .text.CyDelay  0x00000d98       0x2c .\CortexM0\ARM_GCC_473\Release\W5100_PSoC4_test.a(CyLib.o)
                0x00000d98                CyDelay
 .text.CyDelayUs
                0x00000dc4       0x14 .\CortexM0\ARM_GCC_473\Release\W5100_PSoC4_test.a(CyLib.o)
                0x00000dc4                CyDelayUs
 .text.SPI_Enable
                0x00000dd8       0x14 .\CortexM0\ARM_GCC_473\Release\W5100_PSoC4_test.a(SPI.o)
                0x00000dd8                SPI_Enable
 .text.SPI_Start
                0x00000dec       0x1c .\CortexM0\ARM_GCC_473\Release\W5100_PSoC4_test.a(SPI.o)
                0x00000dec                SPI_Start
 .text.SPI_SpiUartReadRxData
                0x00000e08        0xc .\CortexM0\ARM_GCC_473\Release\W5100_PSoC4_test.a(SPI_SPI_UART.o)
                0x00000e08                SPI_SpiUartReadRxData
 .text.SPI_SpiUartGetRxBufferSize
                0x00000e14       0x10 .\CortexM0\ARM_GCC_473\Release\W5100_PSoC4_test.a(SPI_SPI_UART.o)
                0x00000e14                SPI_SpiUartGetRxBufferSize
 .text.SPI_SpiUartWriteTxData
                0x00000e24       0x1c .\CortexM0\ARM_GCC_473\Release\W5100_PSoC4_test.a(SPI_SPI_UART.o)
                0x00000e24                SPI_SpiUartWriteTxData
 .text.SPI_SpiInit
                0x00000e40       0x78 .\CortexM0\ARM_GCC_473\Release\W5100_PSoC4_test.a(SPI_SPI.o)
                0x00000e40                SPI_SpiInit
 .text.SPI_CS_Write
                0x00000eb8       0x18 .\CortexM0\ARM_GCC_473\Release\W5100_PSoC4_test.a(SPI_CS.o)
                0x00000eb8                SPI_CS_Write
 .text.UART_1_SpiUartWriteTxData
                0x00000ed0       0x1c .\CortexM0\ARM_GCC_473\Release\W5100_PSoC4_test.a(UART_1_SPI_UART.o)
                0x00000ed0                UART_1_SpiUartWriteTxData
 *fill*         0x00000eec        0x4 00
 .text          0x00000ef0       0x20 .\CortexM0\ARM_GCC_473\Release\W5100_PSoC4_test.a(CyBootAsmGnu.o)
                0x00000ef0                CyDelayCycles
                0x00000f02                CyEnterCriticalSection
                0x00000f0a                CyExitCriticalSection
 .text          0x00000f10      0xbf4 c:/program files (x86)/cypress/psoc creator/3.0/psoc creator/import/gnu_cs/arm/4.7.3/bin/../lib/gcc/arm-none-eabi/4.7.3/armv6-m\libgcc.a(unwind-arm.o)
                0x000011e8                _Unwind_GetCFA
                0x000011ec                __gnu_Unwind_RaiseException
                0x00001244                __gnu_Unwind_ForcedUnwind
                0x00001258                __gnu_Unwind_Resume
                0x000012a0                __gnu_Unwind_Resume_or_Rethrow
                0x000012bc                _Unwind_Complete
                0x000012c0                _Unwind_DeleteException
                0x000012d0                _Unwind_VRS_Get
                0x00001318                _Unwind_VRS_Set
                0x000016f4                __aeabi_unwind_cpp_pr2
                0x00001700                __aeabi_unwind_cpp_pr1
                0x0000170c                __aeabi_unwind_cpp_pr0
                0x00001718                __gnu_Unwind_Backtrace
                0x00001780                _Unwind_VRS_Pop
 .text          0x00001b04      0x144 c:/program files (x86)/cypress/psoc creator/3.0/psoc creator/import/gnu_cs/arm/4.7.3/bin/../lib/gcc/arm-none-eabi/4.7.3/armv6-m\libgcc.a(libunwind.o)
                0x00001b04                __restore_core_regs
                0x00001b04                restore_core_regs
                0x00001b30                __gnu_Unwind_Restore_VFP
                0x00001b34                __gnu_Unwind_Save_VFP
                0x00001b38                __gnu_Unwind_Restore_VFP_D
                0x00001b3c                __gnu_Unwind_Save_VFP_D
                0x00001b40                __gnu_Unwind_Restore_VFP_D_16_to_31
                0x00001b44                __gnu_Unwind_Save_VFP_D_16_to_31
                0x00001b48                __gnu_Unwind_Restore_WMMXD
                0x00001b4c                __gnu_Unwind_Save_WMMXD
                0x00001b50                __gnu_Unwind_Restore_WMMXC
                0x00001b54                __gnu_Unwind_Save_WMMXC
                0x00001b58                ___Unwind_RaiseException
                0x00001b58                _Unwind_RaiseException
                0x00001b88                _Unwind_Resume
                0x00001b88                ___Unwind_Resume
                0x00001bb8                _Unwind_Resume_or_Rethrow
                0x00001bb8                ___Unwind_Resume_or_Rethrow
                0x00001be8                _Unwind_ForcedUnwind
                0x00001be8                ___Unwind_ForcedUnwind
                0x00001c18                ___Unwind_Backtrace
                0x00001c18                _Unwind_Backtrace
 .text          0x00001c48      0x3c4 c:/program files (x86)/cypress/psoc creator/3.0/psoc creator/import/gnu_cs/arm/4.7.3/bin/../lib/gcc/arm-none-eabi/4.7.3/armv6-m\libgcc.a(pr-support.o)
                0x00001c9c                __gnu_unwind_execute
                0x00001fb4                __gnu_unwind_frame
                0x00001fdc                _Unwind_GetRegionStart
                0x00001fe8                _Unwind_GetLanguageSpecificData
                0x00001ffc                _Unwind_GetDataRelBase
                0x00002004                _Unwind_GetTextRelBase
 .text.abort    0x0000200c        0xe c:/program files (x86)/cypress/psoc creator/3.0/psoc creator/import/gnu_cs/arm/4.7.3/bin/../lib/gcc/arm-none-eabi/4.7.3/../../../../arm-none-eabi/lib/armv6-m\libc_s.a(lib_a-abort.o)
                0x0000200c                abort
 *fill*         0x0000201a        0x2 00
 .text.__libc_init_array
                0x0000201c       0x4c c:/program files (x86)/cypress/psoc creator/3.0/psoc creator/import/gnu_cs/arm/4.7.3/bin/../lib/gcc/arm-none-eabi/4.7.3/../../../../arm-none-eabi/lib/armv6-m\libc_s.a(lib_a-init.o)
                0x0000201c                __libc_init_array
 .text.memcpy   0x00002068       0x12 c:/program files (x86)/cypress/psoc creator/3.0/psoc creator/import/gnu_cs/arm/4.7.3/bin/../lib/gcc/arm-none-eabi/4.7.3/../../../../arm-none-eabi/lib/armv6-m\libc_s.a(lib_a-memcpy.o)
                0x00002068                memcpy
 .text.memset   0x0000207a       0x12 c:/program files (x86)/cypress/psoc creator/3.0/psoc creator/import/gnu_cs/arm/4.7.3/bin/../lib/gcc/arm-none-eabi/4.7.3/../../../../arm-none-eabi/lib/armv6-m\libc_s.a(lib_a-memset.o)
                0x0000207a                memset
 .text._raise_r
                0x0000208c       0x56 c:/program files (x86)/cypress/psoc creator/3.0/psoc creator/import/gnu_cs/arm/4.7.3/bin/../lib/gcc/arm-none-eabi/4.7.3/../../../../arm-none-eabi/lib/armv6-m\libc_s.a(lib_a-signal.o)
                0x0000208c                _raise_r
 *fill*         0x000020e2        0x2 00
 .text.raise    0x000020e4       0x14 c:/program files (x86)/cypress/psoc creator/3.0/psoc creator/import/gnu_cs/arm/4.7.3/bin/../lib/gcc/arm-none-eabi/4.7.3/../../../../arm-none-eabi/lib/armv6-m\libc_s.a(lib_a-signal.o)
                0x000020e4                raise
 .text._kill_r  0x000020f8       0x24 c:/program files (x86)/cypress/psoc creator/3.0/psoc creator/import/gnu_cs/arm/4.7.3/bin/../lib/gcc/arm-none-eabi/4.7.3/../../../../arm-none-eabi/lib/armv6-m\libc_s.a(lib_a-signalr.o)
                0x000020f8                _kill_r
 .text._getpid_r
                0x0000211c        0x8 c:/program files (x86)/cypress/psoc creator/3.0/psoc creator/import/gnu_cs/arm/4.7.3/bin/../lib/gcc/arm-none-eabi/4.7.3/../../../../arm-none-eabi/lib/armv6-m\libc_s.a(lib_a-signalr.o)
                0x0000211c                _getpid_r
 .text._getpid  0x00002124       0x10 c:/program files (x86)/cypress/psoc creator/3.0/psoc creator/import/gnu_cs/arm/4.7.3/bin/../lib/gcc/arm-none-eabi/4.7.3/../../../../arm-none-eabi/lib/armv6-m\libnosys.a(getpid.o)
                0x00002124                _getpid
 .text._kill    0x00002134       0x10 c:/program files (x86)/cypress/psoc creator/3.0/psoc creator/import/gnu_cs/arm/4.7.3/bin/../lib/gcc/arm-none-eabi/4.7.3/../../../../arm-none-eabi/lib/armv6-m\libnosys.a(kill.o)
                0x00002134                _kill
 *(.plt)
 *(.gnu.warning)
 *(.glue_7t)
 .glue_7t       0x00000000        0x0 linker stubs
 *(.glue_7)
 .glue_7        0x00000000        0x0 linker stubs
 *(.vfp11_veneer)
 .vfp11_veneer  0x00000000        0x0 linker stubs
 *(.bootloader)
 *(.ARM.extab* .gnu.linkonce.armextab.*)
 .ARM.extab.text._ZN6Client5writeEh
                0x00002144        0xc .\CortexM0\ARM_GCC_473\Release\Client.o
 .ARM.extab.text._ZN6Client9availableEv
                0x00002150        0xc .\CortexM0\ARM_GCC_473\Release\Client.o
 .ARM.extab.text._ZN6Client6statusEv
                0x0000215c        0xc .\CortexM0\ARM_GCC_473\Release\Client.o
 .ARM.extab.text._Z5setupv
                0x00002168        0xc .\CortexM0\ARM_GCC_473\Release\main.o
 .ARM.extab.text.startup.main
                0x00002174        0xc .\CortexM0\ARM_GCC_473\Release\main.o
 .ARM.extab     0x00002180       0x6c c:/program files (x86)/cypress/psoc creator/3.0/psoc creator/import/gnu_cs/arm/4.7.3/bin/../lib/gcc/arm-none-eabi/4.7.3/armv6-m\libgcc.a(unwind-arm.o)
 .ARM.extab     0x000021ec       0x30 c:/program files (x86)/cypress/psoc creator/3.0/psoc creator/import/gnu_cs/arm/4.7.3/bin/../lib/gcc/arm-none-eabi/4.7.3/armv6-m\libgcc.a(pr-support.o)
 *(.gcc_except_table)

.v4_bx          0x0000221c        0x0
 .v4_bx         0x00000000        0x0 linker stubs

.iplt           0x0000221c        0x0
 .iplt          0x00000000        0x0 c:/program files (x86)/cypress/psoc creator/3.0/psoc creator/import/gnu_cs/arm/4.7.3/bin/../lib/gcc/arm-none-eabi/4.7.3/armv6-m/crtbegin.o

.eh_frame_hdr
 *(.eh_frame_hdr)

.eh_frame       0x0000221c        0x4
 *(.eh_frame)
 .eh_frame      0x0000221c        0x0 c:/program files (x86)/cypress/psoc creator/3.0/psoc creator/import/gnu_cs/arm/4.7.3/bin/../lib/gcc/arm-none-eabi/4.7.3/armv6-m/crtbegin.o
 .eh_frame      0x0000221c        0x4 c:/program files (x86)/cypress/psoc creator/3.0/psoc creator/import/gnu_cs/arm/4.7.3/bin/../lib/gcc/arm-none-eabi/4.7.3/armv6-m/crtend.o
                0x00002220                PROVIDE (__exidx_start, .)

.ARM.exidx      0x00002220      0x170
 *(.ARM.exidx* .gnu.linkonce.armexidx.*)
 .ARM.exidx.text._ZN6Client5writeEh
                0x00002220        0x8 .\CortexM0\ARM_GCC_473\Release\Client.o
 .ARM.exidx.text._ZN6ClientC2Eh
                0x00002228        0x8 .\CortexM0\ARM_GCC_473\Release\Client.o
 .ARM.exidx.text._ZN6Client9availableEv
                0x00002230        0x8 .\CortexM0\ARM_GCC_473\Release\Client.o
 .ARM.exidx.text._ZN6Client4readEv
                0x00002238        0x8 .\CortexM0\ARM_GCC_473\Release\Client.o
 .ARM.exidx.text._ZN6Client4stopEv
                0x00002240        0x8 .\CortexM0\ARM_GCC_473\Release\Client.o
 .ARM.exidx.text._ZN6Client6statusEv
                0x00002248        0x8 .\CortexM0\ARM_GCC_473\Release\Client.o
 .ARM.exidx.text._ZN6ClientcvbEv
                0x00002250        0x8 .\CortexM0\ARM_GCC_473\Release\Client.o
 .ARM.exidx.text._Z5setupv
                0x00002258        0x8 .\CortexM0\ARM_GCC_473\Release\main.o
 .ARM.exidx.text.startup._GLOBAL__sub_I_mac
                0x00002260        0x8 .\CortexM0\ARM_GCC_473\Release\main.o
 .ARM.exidx.text._Z4loopv
                0x00002268        0x8 .\CortexM0\ARM_GCC_473\Release\main.o
 .ARM.exidx.text.startup.main
                0x00002270        0x8 .\CortexM0\ARM_GCC_473\Release\main.o
 .ARM.exidx.text._ZN13EthernetClass5beginEPhS0_S0_S0_
                0x00002278        0x8 .\CortexM0\ARM_GCC_473\Release\Ethernet.o
 .ARM.exidx.text._ZN13EthernetClass5beginEPhS0_S0_
                0x00002280        0x8 .\CortexM0\ARM_GCC_473\Release\Ethernet.o
 .ARM.exidx.text._ZN13EthernetClass5beginEPhS0_
                0x00002288        0x8 .\CortexM0\ARM_GCC_473\Release\Ethernet.o
 .ARM.exidx.text._ZN6ServerC2Et
                0x00002290        0x8 .\CortexM0\ARM_GCC_473\Release\Server.o
 .ARM.exidx.text._ZN6Server5beginEv
                0x00002298        0x8 .\CortexM0\ARM_GCC_473\Release\Server.o
 .ARM.exidx.text._ZN6Server6acceptEv
                0x000022a0        0x0 .\CortexM0\ARM_GCC_473\Release\Server.o
                                  0x8 (size before relaxing)
 .ARM.exidx.text._ZN6Server9availableEv
                0x000022a0        0x8 .\CortexM0\ARM_GCC_473\Release\Server.o
 .ARM.exidx.text._ZN6Server5writeEh
                0x000022a8       0x10 .\CortexM0\ARM_GCC_473\Release\Server.o
                                  0x8 (size before relaxing)
 .ARM.exidx     0x000022b8       0xa0 c:/program files (x86)/cypress/psoc creator/3.0/psoc creator/import/gnu_cs/arm/4.7.3/bin/../lib/gcc/arm-none-eabi/4.7.3/armv6-m\libgcc.a(unwind-arm.o)
                                 0xd8 (size before relaxing)
 .ARM.exidx     0x00002358       0x38 c:/program files (x86)/cypress/psoc creator/3.0/psoc creator/import/gnu_cs/arm/4.7.3/bin/../lib/gcc/arm-none-eabi/4.7.3/armv6-m\libgcc.a(pr-support.o)
                                 0x48 (size before relaxing)
                0x00002390                __exidx_end = .

.rodata         0x00002390       0x90
 *(.rodata .rodata.* .gnu.linkonce.r.*)
 .rodata        0x00002390       0x10 .\CortexM0\ARM_GCC_473\Release\Client.o
                0x00002390                vtable for Client
 .rodata.str1.1
                0x000023a0       0x17 .\CortexM0\ARM_GCC_473\Release\main.o
 .rodata        0x000023b7        0x4 .\CortexM0\ARM_GCC_473\Release\Ethernet.o
 *fill*         0x000023bb        0x5 00
 .rodata        0x000023c0       0x10 .\CortexM0\ARM_GCC_473\Release\Server.o
                0x000023c0                vtable for Server
 .rodata        0x000023d0       0x14 c:/program files (x86)/cypress/psoc creator/3.0/psoc creator/import/gnu_cs/arm/4.7.3/bin/../lib/gcc/arm-none-eabi/4.7.3/armv6-m\libgcc.a(unwind-arm.o)
 .rodata.str1.1
                0x000023e4        0x2 c:/program files (x86)/cypress/psoc creator/3.0/psoc creator/import/gnu_cs/arm/4.7.3/bin/../lib/gcc/arm-none-eabi/4.7.3/../../../../arm-none-eabi/lib/armv6-m\libc_s.a(lib_a-impure.o)
                0x000023e8                . = ALIGN (0x4)
 *fill*         0x000023e6        0x2 00
 *(.init)
 .init          0x000023e8        0x4 c:/program files (x86)/cypress/psoc creator/3.0/psoc creator/import/gnu_cs/arm/4.7.3/bin/../lib/gcc/arm-none-eabi/4.7.3/armv6-m/crti.o
                0x000023e8                _init
 .init          0x000023ec        0x8 c:/program files (x86)/cypress/psoc creator/3.0/psoc creator/import/gnu_cs/arm/4.7.3/bin/../lib/gcc/arm-none-eabi/4.7.3/armv6-m/crtn.o
                0x000023f4                . = ALIGN (0x4)
                0x000023f4                __preinit_array_start = .
 *(.preinit_array)
                0x000023f4                __preinit_array_end = .
                0x000023f4                . = ALIGN (0x4)
                0x000023f4                __init_array_start = .
 *(SORT(.init_array.*))
 *(.init_array)
 .init_array    0x000023f4        0x4 c:/program files (x86)/cypress/psoc creator/3.0/psoc creator/import/gnu_cs/arm/4.7.3/bin/../lib/gcc/arm-none-eabi/4.7.3/armv6-m/crtbegin.o
 .init_array    0x000023f8        0x4 .\CortexM0\ARM_GCC_473\Release\main.o
 .init_array    0x000023fc        0x4 .\CortexM0\ARM_GCC_473\Release\Cm0Start.o
                0x00002400                __init_array_end = .
                0x00002400                . = ALIGN (0x4)
 *(.fini)
 .fini          0x00002400        0x4 c:/program files (x86)/cypress/psoc creator/3.0/psoc creator/import/gnu_cs/arm/4.7.3/bin/../lib/gcc/arm-none-eabi/4.7.3/armv6-m/crti.o
                0x00002400                _fini
 .fini          0x00002404        0x8 c:/program files (x86)/cypress/psoc creator/3.0/psoc creator/import/gnu_cs/arm/4.7.3/bin/../lib/gcc/arm-none-eabi/4.7.3/armv6-m/crtn.o
                0x0000240c                . = ALIGN (0x4)
                0x0000240c                __fini_array_start = .
 *(.fini_array)
 .fini_array    0x0000240c        0x4 c:/program files (x86)/cypress/psoc creator/3.0/psoc creator/import/gnu_cs/arm/4.7.3/bin/../lib/gcc/arm-none-eabi/4.7.3/armv6-m/crtbegin.o
 *(SORT(.fini_array.*))
                0x00002410                __fini_array_end = .
                0x00002410                . = ALIGN (0x4)
 *crtbegin.o(.ctors)
 *(EXCLUDE_FILE(*crtend.o) .ctors)
 *(SORT(.ctors.*))
 *crtend.o(.ctors)
                0x00002410                . = ALIGN (0x4)
 *crtbegin.o(.dtors)
 *(EXCLUDE_FILE(*crtend.o) .dtors)
 *(SORT(.dtors.*))
 *crtend.o(.dtors)
                0x00002410                . = ALIGN (0x4)
                0x00002410                __cy_regions = .
                0x00002410        0x4 LONG 0x2420 __cy_region_init_ram
                0x00002414        0x4 LONG 0x200000c8 __cy_region_start_data
                0x00002418        0x4 LONG 0x88 __cy_region_init_size_ram
                0x0000241c        0x4 LONG 0x80 __cy_region_zero_size_ram
                0x00002420                __cy_regions_end = .
                0x00002420                . = ALIGN (0x8)
                0x00002420                _etext = .

.ramvectors     0x20000000       0xc0
                0x20000000                __cy_region_start_ram = .
 *(.ramvectors)
 .ramvectors    0x20000000       0xc0 .\CortexM0\ARM_GCC_473\Release\Cm0Start.o
                0x20000000                CyRamVectors

.noinit         0x200000c0        0x4
 *(.noinit)
 .noinit        0x200000c0        0x4 .\CortexM0\ARM_GCC_473\Release\Cm0Start.o

.data           0x200000c8       0x88 load address 0x00002420
                0x200000c8                __cy_region_start_data = .
 *(.jcr)
 .jcr           0x200000c8        0x0 c:/program files (x86)/cypress/psoc creator/3.0/psoc creator/import/gnu_cs/arm/4.7.3/bin/../lib/gcc/arm-none-eabi/4.7.3/armv6-m/crtbegin.o
 .jcr           0x200000c8        0x4 c:/program files (x86)/cypress/psoc creator/3.0/psoc creator/import/gnu_cs/arm/4.7.3/bin/../lib/gcc/arm-none-eabi/4.7.3/armv6-m/crtend.o
 *(.got.plt)
 *(.got)
 *(.shdata)
 *(.data .data.* .gnu.linkonce.d.*)
 .data          0x200000cc        0xa .\CortexM0\ARM_GCC_473\Release\main.o
                0x200000cc                mac
                0x200000d2                ip
 *fill*         0x200000d6        0x2 00
 .data          0x200000d8       0x10 .\CortexM0\ARM_GCC_473\Release\W5100_PSoC4_test.a(CyLib.o)
                0x200000d8                cydelay32kMs
                0x200000dc                cydelayFreqKhz
                0x200000e0                cydelayFreqMhz
                0x200000e4                cydelayFreqHz
 .data.impure_data
                0x200000e8       0x64 c:/program files (x86)/cypress/psoc creator/3.0/psoc creator/import/gnu_cs/arm/4.7.3/bin/../lib/gcc/arm-none-eabi/4.7.3/../../../../arm-none-eabi/lib/armv6-m\libc_s.a(lib_a-impure.o)
 .data._impure_ptr
                0x2000014c        0x4 c:/program files (x86)/cypress/psoc creator/3.0/psoc creator/import/gnu_cs/arm/4.7.3/bin/../lib/gcc/arm-none-eabi/4.7.3/../../../../arm-none-eabi/lib/armv6-m\libc_s.a(lib_a-impure.o)
                0x2000014c                _impure_ptr
                0x20000150                . = ALIGN (0x8)
 *(.ram)
                0x20000150                _edata = .

.igot.plt       0x20000150        0x0 load address 0x000024a8
 .igot.plt      0x00000000        0x0 c:/program files (x86)/cypress/psoc creator/3.0/psoc creator/import/gnu_cs/arm/4.7.3/bin/../lib/gcc/arm-none-eabi/4.7.3/armv6-m/crtbegin.o

.bss            0x20000150       0x80 load address 0x000024a8
                0x20000150                PROVIDE (__bss_start__, .)
 *(.shbss)
 *(.bss .bss.* .gnu.linkonce.b.*)
 .bss           0x20000150       0x1c c:/program files (x86)/cypress/psoc creator/3.0/psoc creator/import/gnu_cs/arm/4.7.3/bin/../lib/gcc/arm-none-eabi/4.7.3/armv6-m/crtbegin.o
 .bss           0x2000016c        0x2 .\CortexM0\ARM_GCC_473\Release\socket.o
 .bss           0x2000016e       0x34 .\CortexM0\ARM_GCC_473\Release\w5100.o
 .bss           0x200001a2        0x6 .\CortexM0\ARM_GCC_473\Release\main.o
                0x200001a2                server
 .bss           0x200001a8        0xe .\CortexM0\ARM_GCC_473\Release\Ethernet.o
                0x200001a8                Ethernet
                0x200001aa                EthernetClass::_server_port
                0x200001b2                EthernetClass::_state
 *fill*         0x200001b6        0x2 00
 .bss           0x200001b8        0x8 .\CortexM0\ARM_GCC_473\Release\W5100_PSoC4_test.a(UART_1.o)
                0x200001b8                UART_1_initVar
                0x200001bc                UART_1_customIntrHandler
 .bss           0x200001c0        0x8 .\CortexM0\ARM_GCC_473\Release\W5100_PSoC4_test.a(SPI.o)
                0x200001c0                SPI_initVar
                0x200001c4                SPI_customIntrHandler
 *(COMMON)
 COMMON         0x200001c8        0x4 c:/program files (x86)/cypress/psoc creator/3.0/psoc creator/import/gnu_cs/arm/4.7.3/bin/../lib/gcc/arm-none-eabi/4.7.3/../../../../arm-none-eabi/lib/armv6-m\libc_s.a(lib_a-reent.o)
                0x200001c8                errno
                0x200001d0                . = ALIGN (0x8)
 *fill*         0x200001cc        0x4 00
 *(.ram.b)
                0x200001d0                _end = .
                0x200001d0                __end = .
                0x200001d0                PROVIDE (end, .)
                0x200001d0                PROVIDE (__bss_end__, .)
                0x00002420                __cy_region_init_ram = LOADADDR (.data)
                0x00000088                __cy_region_init_size_ram = (_edata - ADDR (.data))
                0x00000080                __cy_region_zero_size_ram = (_end - _edata)

.heap           0x200001d0      0x100 load address 0x000024a8
                0x200001d0                . = _end
                0x200002d0                . = (. + 0x100)
 *fill*         0x200001d0      0x100 00
                0x200002d0                __cy_heap_limit = .

.stack          0x20000c00      0x400
                0x20000c00                __cy_stack_limit = .
                0x20001000                . = (. + 0x400)
 *fill*         0x20000c00      0x400 00
                0x00000001                ASSERT ((__cy_stack_limit >= __cy_heap_limit), region RAM overflowed with stack)

.cyloadermeta
 *(.cyloadermeta)

.cyloadablemeta
 *(.cyloadablemeta)

.cyflashprotect
                0x90400000       0x20
 *(.cyflashprotect)
 .cyflashprotect
                0x90400000       0x20 .\CortexM0\ARM_GCC_473\Release\cymetadata.o
                0x90400000                cy_meta_flashprotect

.cymeta         0x90500000        0xc
 *(.cymeta)
 .cymeta        0x90500000        0xc .\CortexM0\ARM_GCC_473\Release\cymetadata.o
                0x90500000                cy_metadata

.cychipprotect  0x90600000        0x1
 *(.cychipprotect)
 .cychipprotect
                0x90600000        0x1 .\CortexM0\ARM_GCC_473\Release\cymetadata.o
                0x90600000                cy_meta_chipprotect

.rel.dyn        0x000024a8        0x0 load address 0x90600004
 .rel.iplt      0x00000000        0x0 c:/program files (x86)/cypress/psoc creator/3.0/psoc creator/import/gnu_cs/arm/4.7.3/bin/../lib/gcc/arm-none-eabi/4.7.3/armv6-m/crtbegin.o

.stab           0x00000000       0x3c
 *(.stab)
 .stab          0x00000000       0x24 c:/program files (x86)/cypress/psoc creator/3.0/psoc creator/import/gnu_cs/arm/4.7.3/bin/../lib/gcc/arm-none-eabi/4.7.3/../../../../arm-none-eabi/lib/armv6-m\libnosys.a(getpid.o)
 .stab          0x00000024       0x18 c:/program files (x86)/cypress/psoc creator/3.0/psoc creator/import/gnu_cs/arm/4.7.3/bin/../lib/gcc/arm-none-eabi/4.7.3/../../../../arm-none-eabi/lib/armv6-m\libnosys.a(kill.o)
                                 0x24 (size before relaxing)

.stabstr        0x00000000       0x76
 *(.stabstr)
 .stabstr       0x00000000       0x76 c:/program files (x86)/cypress/psoc creator/3.0/psoc creator/import/gnu_cs/arm/4.7.3/bin/../lib/gcc/arm-none-eabi/4.7.3/../../../../arm-none-eabi/lib/armv6-m\libnosys.a(getpid.o)

.debug
 *(.debug)

.line
 *(.line)

.debug_srcinfo
 *(.debug_srcinfo)

.debug_sfnames
 *(.debug_sfnames)

.debug_aranges  0x00000000      0x7e8
 *(.debug_aranges)
 .debug_aranges
                0x00000000       0x68 .\CortexM0\ARM_GCC_473\Release\socket.o
 .debug_aranges
                0x00000068      0x188 .\CortexM0\ARM_GCC_473\Release\w5100.o
 .debug_aranges
                0x000001f0       0x80 .\CortexM0\ARM_GCC_473\Release\Client.o
 .debug_aranges
                0x00000270       0x38 .\CortexM0\ARM_GCC_473\Release\main.o
 .debug_aranges
                0x000002a8       0x30 .\CortexM0\ARM_GCC_473\Release\Ethernet.o
 .debug_aranges
                0x000002d8       0xa8 .\CortexM0\ARM_GCC_473\Release\Print.o
 .debug_aranges
                0x00000380       0x40 .\CortexM0\ARM_GCC_473\Release\Server.o
 .debug_aranges
                0x000003c0       0x18 .\CortexM0\ARM_GCC_473\Release\cymetadata.o
 .debug_aranges
                0x000003d8       0x40 .\CortexM0\ARM_GCC_473\Release\Cm0Start.o
 .debug_aranges
                0x00000418       0x20 .\CortexM0\ARM_GCC_473\Release\W5100_PSoC4_test.a(cyfitter_cfg.o)
 .debug_aranges
                0x00000438       0x40 .\CortexM0\ARM_GCC_473\Release\W5100_PSoC4_test.a(UART_1.o)
 .debug_aranges
                0x00000478       0x50 .\CortexM0\ARM_GCC_473\Release\W5100_PSoC4_test.a(UART_1_UART.o)
 .debug_aranges
                0x000004c8      0x198 .\CortexM0\ARM_GCC_473\Release\W5100_PSoC4_test.a(CyLib.o)
 .debug_aranges
                0x00000660       0x40 .\CortexM0\ARM_GCC_473\Release\W5100_PSoC4_test.a(SPI.o)
 .debug_aranges
                0x000006a0       0x60 .\CortexM0\ARM_GCC_473\Release\W5100_PSoC4_test.a(SPI_SPI_UART.o)
 .debug_aranges
                0x00000700       0x28 .\CortexM0\ARM_GCC_473\Release\W5100_PSoC4_test.a(SPI_SPI.o)
 .debug_aranges
                0x00000728       0x40 .\CortexM0\ARM_GCC_473\Release\W5100_PSoC4_test.a(SPI_CS.o)
 .debug_aranges
                0x00000768       0x60 .\CortexM0\ARM_GCC_473\Release\W5100_PSoC4_test.a(UART_1_SPI_UART.o)
 .debug_aranges
                0x000007c8       0x20 .\CortexM0\ARM_GCC_473\Release\W5100_PSoC4_test.a(CyBootAsmGnu.o)

.debug_pubnames
 *(.debug_pubnames)

.debug_info     0x00000000     0x65cf
 *(.debug_info .gnu.linkonce.wi.*)
 .debug_info    0x00000000      0xbdd .\CortexM0\ARM_GCC_473\Release\socket.o
 .debug_info    0x00000bdd     0x169e .\CortexM0\ARM_GCC_473\Release\w5100.o
 .debug_info    0x0000227b      0x810 .\CortexM0\ARM_GCC_473\Release\Client.o
 .debug_info    0x00002a8b      0x4ec .\CortexM0\ARM_GCC_473\Release\main.o
 .debug_info    0x00002f77      0x459 .\CortexM0\ARM_GCC_473\Release\Ethernet.o
 .debug_info    0x000033d0      0x904 .\CortexM0\ARM_GCC_473\Release\Print.o
 .debug_info    0x00003cd4      0x6e8 .\CortexM0\ARM_GCC_473\Release\Server.o
 .debug_info    0x000043bc      0x100 .\CortexM0\ARM_GCC_473\Release\cymetadata.o
 .debug_info    0x000044bc      0x30c .\CortexM0\ARM_GCC_473\Release\Cm0Start.o
 .debug_info    0x000047c8      0x398 .\CortexM0\ARM_GCC_473\Release\W5100_PSoC4_test.a(cyfitter_cfg.o)
 .debug_info    0x00004b60      0x1c4 .\CortexM0\ARM_GCC_473\Release\W5100_PSoC4_test.a(UART_1.o)
 .debug_info    0x00004d24      0x2d9 .\CortexM0\ARM_GCC_473\Release\W5100_PSoC4_test.a(UART_1_UART.o)
 .debug_info    0x00004ffd      0xcb0 .\CortexM0\ARM_GCC_473\Release\W5100_PSoC4_test.a(CyLib.o)
 .debug_info    0x00005cad      0x1c4 .\CortexM0\ARM_GCC_473\Release\W5100_PSoC4_test.a(SPI.o)
 .debug_info    0x00005e71      0x242 .\CortexM0\ARM_GCC_473\Release\W5100_PSoC4_test.a(SPI_SPI_UART.o)
 .debug_info    0x000060b3       0xf0 .\CortexM0\ARM_GCC_473\Release\W5100_PSoC4_test.a(SPI_SPI.o)
 .debug_info    0x000061a3      0x164 .\CortexM0\ARM_GCC_473\Release\W5100_PSoC4_test.a(SPI_CS.o)
 .debug_info    0x00006307      0x242 .\CortexM0\ARM_GCC_473\Release\W5100_PSoC4_test.a(UART_1_SPI_UART.o)
 .debug_info    0x00006549       0x86 .\CortexM0\ARM_GCC_473\Release\W5100_PSoC4_test.a(CyBootAsmGnu.o)

.debug_abbrev   0x00000000     0x1e59
 *(.debug_abbrev)
 .debug_abbrev  0x00000000      0x1db .\CortexM0\ARM_GCC_473\Release\socket.o
 .debug_abbrev  0x000001db      0x268 .\CortexM0\ARM_GCC_473\Release\w5100.o
 .debug_abbrev  0x00000443      0x2b4 .\CortexM0\ARM_GCC_473\Release\Client.o
 .debug_abbrev  0x000006f7      0x25a .\CortexM0\ARM_GCC_473\Release\main.o
 .debug_abbrev  0x00000951      0x1aa .\CortexM0\ARM_GCC_473\Release\Ethernet.o
 .debug_abbrev  0x00000afb      0x1f5 .\CortexM0\ARM_GCC_473\Release\Print.o
 .debug_abbrev  0x00000cf0      0x266 .\CortexM0\ARM_GCC_473\Release\Server.o
 .debug_abbrev  0x00000f56       0x5d .\CortexM0\ARM_GCC_473\Release\cymetadata.o
 .debug_abbrev  0x00000fb3      0x197 .\CortexM0\ARM_GCC_473\Release\Cm0Start.o
 .debug_abbrev  0x0000114a      0x223 .\CortexM0\ARM_GCC_473\Release\W5100_PSoC4_test.a(cyfitter_cfg.o)
 .debug_abbrev  0x0000136d      0x128 .\CortexM0\ARM_GCC_473\Release\W5100_PSoC4_test.a(UART_1.o)
 .debug_abbrev  0x00001495      0x16e .\CortexM0\ARM_GCC_473\Release\W5100_PSoC4_test.a(UART_1_UART.o)
 .debug_abbrev  0x00001603      0x2e3 .\CortexM0\ARM_GCC_473\Release\W5100_PSoC4_test.a(CyLib.o)
 .debug_abbrev  0x000018e6      0x128 .\CortexM0\ARM_GCC_473\Release\W5100_PSoC4_test.a(SPI.o)
 .debug_abbrev  0x00001a0e      0x16b .\CortexM0\ARM_GCC_473\Release\W5100_PSoC4_test.a(SPI_SPI_UART.o)
 .debug_abbrev  0x00001b79       0x8e .\CortexM0\ARM_GCC_473\Release\W5100_PSoC4_test.a(SPI_SPI.o)
 .debug_abbrev  0x00001c07       0xd3 .\CortexM0\ARM_GCC_473\Release\W5100_PSoC4_test.a(SPI_CS.o)
 .debug_abbrev  0x00001cda      0x16b .\CortexM0\ARM_GCC_473\Release\W5100_PSoC4_test.a(UART_1_SPI_UART.o)
 .debug_abbrev  0x00001e45       0x14 .\CortexM0\ARM_GCC_473\Release\W5100_PSoC4_test.a(CyBootAsmGnu.o)

.debug_line     0x00000000     0x216d
 *(.debug_line)
 .debug_line    0x00000000      0x311 .\CortexM0\ARM_GCC_473\Release\socket.o
 .debug_line    0x00000311      0x595 .\CortexM0\ARM_GCC_473\Release\w5100.o
 .debug_line    0x000008a6      0x254 .\CortexM0\ARM_GCC_473\Release\Client.o
 .debug_line    0x00000afa      0x1a9 .\CortexM0\ARM_GCC_473\Release\main.o
 .debug_line    0x00000ca3      0x15c .\CortexM0\ARM_GCC_473\Release\Ethernet.o
 .debug_line    0x00000dff      0x222 .\CortexM0\ARM_GCC_473\Release\Print.o
 .debug_line    0x00001021      0x1e3 .\CortexM0\ARM_GCC_473\Release\Server.o
 .debug_line    0x00001204       0x53 .\CortexM0\ARM_GCC_473\Release\cymetadata.o
 .debug_line    0x00001257      0x190 .\CortexM0\ARM_GCC_473\Release\Cm0Start.o
 .debug_line    0x000013e7      0x16f .\CortexM0\ARM_GCC_473\Release\W5100_PSoC4_test.a(cyfitter_cfg.o)
 .debug_line    0x00001556       0xd5 .\CortexM0\ARM_GCC_473\Release\W5100_PSoC4_test.a(UART_1.o)
 .debug_line    0x0000162b      0x15c .\CortexM0\ARM_GCC_473\Release\W5100_PSoC4_test.a(UART_1_UART.o)
 .debug_line    0x00001787      0x50c .\CortexM0\ARM_GCC_473\Release\W5100_PSoC4_test.a(CyLib.o)
 .debug_line    0x00001c93       0xd1 .\CortexM0\ARM_GCC_473\Release\W5100_PSoC4_test.a(SPI.o)
 .debug_line    0x00001d64      0x126 .\CortexM0\ARM_GCC_473\Release\W5100_PSoC4_test.a(SPI_SPI_UART.o)
 .debug_line    0x00001e8a       0x9b .\CortexM0\ARM_GCC_473\Release\W5100_PSoC4_test.a(SPI_SPI.o)
 .debug_line    0x00001f25       0xb7 .\CortexM0\ARM_GCC_473\Release\W5100_PSoC4_test.a(SPI_CS.o)
 .debug_line    0x00001fdc      0x129 .\CortexM0\ARM_GCC_473\Release\W5100_PSoC4_test.a(UART_1_SPI_UART.o)
 .debug_line    0x00002105       0x68 .\CortexM0\ARM_GCC_473\Release\W5100_PSoC4_test.a(CyBootAsmGnu.o)

.debug_frame    0x00000000     0x1c08
 *(.debug_frame)
 .debug_frame   0x00000000      0x17c .\CortexM0\ARM_GCC_473\Release\socket.o
 .debug_frame   0x0000017c      0x54c .\CortexM0\ARM_GCC_473\Release\w5100.o
 .debug_frame   0x000006c8      0x158 .\CortexM0\ARM_GCC_473\Release\Client.o
 .debug_frame   0x00000820       0x8c .\CortexM0\ARM_GCC_473\Release\main.o
 .debug_frame   0x000008ac       0x78 .\CortexM0\ARM_GCC_473\Release\Ethernet.o
 .debug_frame   0x00000924      0x1f8 .\CortexM0\ARM_GCC_473\Release\Print.o
 .debug_frame   0x00000b1c       0xcc .\CortexM0\ARM_GCC_473\Release\Server.o
 .debug_frame   0x00000be8       0xa0 .\CortexM0\ARM_GCC_473\Release\Cm0Start.o
 .debug_frame   0x00000c88       0x2c .\CortexM0\ARM_GCC_473\Release\W5100_PSoC4_test.a(cyfitter_cfg.o)
 .debug_frame   0x00000cb4       0x78 .\CortexM0\ARM_GCC_473\Release\W5100_PSoC4_test.a(UART_1.o)
 .debug_frame   0x00000d2c       0xbc .\CortexM0\ARM_GCC_473\Release\W5100_PSoC4_test.a(UART_1_UART.o)
 .debug_frame   0x00000de8      0x408 .\CortexM0\ARM_GCC_473\Release\W5100_PSoC4_test.a(CyLib.o)
 .debug_frame   0x000011f0       0x78 .\CortexM0\ARM_GCC_473\Release\W5100_PSoC4_test.a(SPI.o)
 .debug_frame   0x00001268       0xb8 .\CortexM0\ARM_GCC_473\Release\W5100_PSoC4_test.a(SPI_SPI_UART.o)
 .debug_frame   0x00001320       0x30 .\CortexM0\ARM_GCC_473\Release\W5100_PSoC4_test.a(SPI_SPI.o)
 .debug_frame   0x00001350       0x6c .\CortexM0\ARM_GCC_473\Release\W5100_PSoC4_test.a(SPI_CS.o)
 .debug_frame   0x000013bc       0xb8 .\CortexM0\ARM_GCC_473\Release\W5100_PSoC4_test.a(UART_1_SPI_UART.o)
 .debug_frame   0x00001474       0x20 c:/program files (x86)/cypress/psoc creator/3.0/psoc creator/import/gnu_cs/arm/4.7.3/bin/../lib/gcc/arm-none-eabi/4.7.3/armv6-m\libgcc.a(_udivsi3.o)
 .debug_frame   0x00001494      0x2e0 c:/program files (x86)/cypress/psoc creator/3.0/psoc creator/import/gnu_cs/arm/4.7.3/bin/../lib/gcc/arm-none-eabi/4.7.3/armv6-m\libgcc.a(unwind-arm.o)
 .debug_frame   0x00001774      0x100 c:/program files (x86)/cypress/psoc creator/3.0/psoc creator/import/gnu_cs/arm/4.7.3/bin/../lib/gcc/arm-none-eabi/4.7.3/armv6-m\libgcc.a(pr-support.o)
 .debug_frame   0x00001874       0x28 c:/program files (x86)/cypress/psoc creator/3.0/psoc creator/import/gnu_cs/arm/4.7.3/bin/../lib/gcc/arm-none-eabi/4.7.3/../../../../arm-none-eabi/lib/armv6-m\libc_s.a(lib_a-__atexit2.o)
 .debug_frame   0x0000189c       0x28 c:/program files (x86)/cypress/psoc creator/3.0/psoc creator/import/gnu_cs/arm/4.7.3/bin/../lib/gcc/arm-none-eabi/4.7.3/../../../../arm-none-eabi/lib/armv6-m\libc_s.a(lib_a-abort.o)
 .debug_frame   0x000018c4       0x28 c:/program files (x86)/cypress/psoc creator/3.0/psoc creator/import/gnu_cs/arm/4.7.3/bin/../lib/gcc/arm-none-eabi/4.7.3/../../../../arm-none-eabi/lib/armv6-m\libc_s.a(lib_a-exit.o)
 .debug_frame   0x000018ec       0x2c c:/program files (x86)/cypress/psoc creator/3.0/psoc creator/import/gnu_cs/arm/4.7.3/bin/../lib/gcc/arm-none-eabi/4.7.3/../../../../arm-none-eabi/lib/armv6-m\libc_s.a(lib_a-fini.o)
 .debug_frame   0x00001918       0x2c c:/program files (x86)/cypress/psoc creator/3.0/psoc creator/import/gnu_cs/arm/4.7.3/bin/../lib/gcc/arm-none-eabi/4.7.3/../../../../arm-none-eabi/lib/armv6-m\libc_s.a(lib_a-init.o)
 .debug_frame   0x00001944       0x28 c:/program files (x86)/cypress/psoc creator/3.0/psoc creator/import/gnu_cs/arm/4.7.3/bin/../lib/gcc/arm-none-eabi/4.7.3/../../../../arm-none-eabi/lib/armv6-m\libc_s.a(lib_a-memcpy.o)
 .debug_frame   0x0000196c       0x28 c:/program files (x86)/cypress/psoc creator/3.0/psoc creator/import/gnu_cs/arm/4.7.3/bin/../lib/gcc/arm-none-eabi/4.7.3/../../../../arm-none-eabi/lib/armv6-m\libc_s.a(lib_a-memset.o)
 .debug_frame   0x00001994       0xe0 c:/program files (x86)/cypress/psoc creator/3.0/psoc creator/import/gnu_cs/arm/4.7.3/bin/../lib/gcc/arm-none-eabi/4.7.3/../../../../arm-none-eabi/lib/armv6-m\libc_s.a(lib_a-signal.o)
 .debug_frame   0x00001a74       0x44 c:/program files (x86)/cypress/psoc creator/3.0/psoc creator/import/gnu_cs/arm/4.7.3/bin/../lib/gcc/arm-none-eabi/4.7.3/../../../../arm-none-eabi/lib/armv6-m\libc_s.a(lib_a-signalr.o)
 .debug_frame   0x00001ab8       0x2c c:/program files (x86)/cypress/psoc creator/3.0/psoc creator/import/gnu_cs/arm/4.7.3/bin/../lib/gcc/arm-none-eabi/4.7.3/../../../../arm-none-eabi/lib/armv6-m\libc_s.a(lib_a-mallocr.o)
 .debug_frame   0x00001ae4       0x64 c:/program files (x86)/cypress/psoc creator/3.0/psoc creator/import/gnu_cs/arm/4.7.3/bin/../lib/gcc/arm-none-eabi/4.7.3/../../../../arm-none-eabi/lib/armv6-m\libc_s.a(lib_a-reent.o)
 .debug_frame   0x00001b48       0x2c c:/program files (x86)/cypress/psoc creator/3.0/psoc creator/import/gnu_cs/arm/4.7.3/bin/../lib/gcc/arm-none-eabi/4.7.3/../../../../arm-none-eabi/lib/armv6-m\libc_s.a(lib_a-sbrkr.o)
 .debug_frame   0x00001b74       0x2c c:/program files (x86)/cypress/psoc creator/3.0/psoc creator/import/gnu_cs/arm/4.7.3/bin/../lib/gcc/arm-none-eabi/4.7.3/../../../../arm-none-eabi/lib/armv6-m\libc_s.a(lib_a-freer.o)
 .debug_frame   0x00001ba0       0x20 c:/program files (x86)/cypress/psoc creator/3.0/psoc creator/import/gnu_cs/arm/4.7.3/bin/../lib/gcc/arm-none-eabi/4.7.3/../../../../arm-none-eabi/lib/armv6-m\libnosys.a(getpid.o)
 .debug_frame   0x00001bc0       0x20 c:/program files (x86)/cypress/psoc creator/3.0/psoc creator/import/gnu_cs/arm/4.7.3/bin/../lib/gcc/arm-none-eabi/4.7.3/../../../../arm-none-eabi/lib/armv6-m\libnosys.a(kill.o)
 .debug_frame   0x00001be0       0x28 c:/program files (x86)/cypress/psoc creator/3.0/psoc creator/import/gnu_cs/arm/4.7.3/bin/../lib/gcc/arm-none-eabi/4.7.3/../../../../arm-none-eabi/lib/armv6-m\libnosys.a(sbrk.o)

.debug_str      0x00000000     0x16df
 *(.debug_str)
 .debug_str     0x00000000      0x1f4 .\CortexM0\ARM_GCC_473\Release\socket.o
                                0x245 (size before relaxing)
 .debug_str     0x000001f4      0x2ba .\CortexM0\ARM_GCC_473\Release\w5100.o
                                0x47f (size before relaxing)
 .debug_str     0x000004ae      0x1b5 .\CortexM0\ARM_GCC_473\Release\Client.o
                                0x303 (size before relaxing)
 .debug_str     0x00000663      0x196 .\CortexM0\ARM_GCC_473\Release\main.o
                                0x322 (size before relaxing)
 .debug_str     0x000007f9       0x62 .\CortexM0\ARM_GCC_473\Release\Ethernet.o
                                0x260 (size before relaxing)
 .debug_str     0x0000085b      0x18f .\CortexM0\ARM_GCC_473\Release\Print.o
                                0x2b5 (size before relaxing)
 .debug_str     0x000009ea       0x41 .\CortexM0\ARM_GCC_473\Release\Server.o
                                0x273 (size before relaxing)
 .debug_str     0x00000a2b       0x5b .\CortexM0\ARM_GCC_473\Release\cymetadata.o
                                0x17f (size before relaxing)
 .debug_str     0x00000a86      0x123 .\CortexM0\ARM_GCC_473\Release\Cm0Start.o
                                0x26c (size before relaxing)
 .debug_str     0x00000ba9      0x11d .\CortexM0\ARM_GCC_473\Release\W5100_PSoC4_test.a(cyfitter_cfg.o)
                                0x27c (size before relaxing)
 .debug_str     0x00000cc6       0xce .\CortexM0\ARM_GCC_473\Release\W5100_PSoC4_test.a(UART_1.o)
                                0x219 (size before relaxing)
 .debug_str     0x00000d94      0x14f .\CortexM0\ARM_GCC_473\Release\W5100_PSoC4_test.a(UART_1_UART.o)
                                0x2ad (size before relaxing)
 .debug_str     0x00000ee3      0x504 .\CortexM0\ARM_GCC_473\Release\W5100_PSoC4_test.a(CyLib.o)
                                0x67b (size before relaxing)
 .debug_str     0x000013e7       0xaa .\CortexM0\ARM_GCC_473\Release\W5100_PSoC4_test.a(SPI.o)
                                0x1f7 (size before relaxing)
 .debug_str     0x00001491       0xc9 .\CortexM0\ARM_GCC_473\Release\W5100_PSoC4_test.a(SPI_SPI_UART.o)
                                0x26d (size before relaxing)
 .debug_str     0x0000155a       0x54 .\CortexM0\ARM_GCC_473\Release\W5100_PSoC4_test.a(SPI_SPI.o)
                                0x18b (size before relaxing)
 .debug_str     0x000015ae       0x7e .\CortexM0\ARM_GCC_473\Release\W5100_PSoC4_test.a(SPI_CS.o)
                                0x1be (size before relaxing)
 .debug_str     0x0000162c       0xb3 .\CortexM0\ARM_GCC_473\Release\W5100_PSoC4_test.a(UART_1_SPI_UART.o)
                                0x28b (size before relaxing)

.debug_loc      0x00000000     0x3ccd
 *(.debug_loc)
 .debug_loc     0x00000000      0x7d2 .\CortexM0\ARM_GCC_473\Release\socket.o
 .debug_loc     0x000007d2     0x1315 .\CortexM0\ARM_GCC_473\Release\w5100.o
 .debug_loc     0x00001ae7      0x3a4 .\CortexM0\ARM_GCC_473\Release\Client.o
 .debug_loc     0x00001e8b       0x9e .\CortexM0\ARM_GCC_473\Release\main.o
 .debug_loc     0x00001f29      0x217 .\CortexM0\ARM_GCC_473\Release\Ethernet.o
 .debug_loc     0x00002140      0x66f .\CortexM0\ARM_GCC_473\Release\Print.o
 .debug_loc     0x000027af      0x270 .\CortexM0\ARM_GCC_473\Release\Server.o
 .debug_loc     0x00002a1f      0x1e7 .\CortexM0\ARM_GCC_473\Release\Cm0Start.o
 .debug_loc     0x00002c06       0xae .\CortexM0\ARM_GCC_473\Release\W5100_PSoC4_test.a(cyfitter_cfg.o)
 .debug_loc     0x00002cb4       0x40 .\CortexM0\ARM_GCC_473\Release\W5100_PSoC4_test.a(UART_1.o)
 .debug_loc     0x00002cf4      0x1d2 .\CortexM0\ARM_GCC_473\Release\W5100_PSoC4_test.a(UART_1_UART.o)
 .debug_loc     0x00002ec6      0xb08 .\CortexM0\ARM_GCC_473\Release\W5100_PSoC4_test.a(CyLib.o)
 .debug_loc     0x000039ce       0x40 .\CortexM0\ARM_GCC_473\Release\W5100_PSoC4_test.a(SPI.o)
 .debug_loc     0x00003a0e       0xf9 .\CortexM0\ARM_GCC_473\Release\W5100_PSoC4_test.a(SPI_SPI_UART.o)
 .debug_loc     0x00003b07       0x4a .\CortexM0\ARM_GCC_473\Release\W5100_PSoC4_test.a(SPI_SPI.o)
 .debug_loc     0x00003b51       0x83 .\CortexM0\ARM_GCC_473\Release\W5100_PSoC4_test.a(SPI_CS.o)
 .debug_loc     0x00003bd4       0xf9 .\CortexM0\ARM_GCC_473\Release\W5100_PSoC4_test.a(UART_1_SPI_UART.o)

.debug_macinfo
 *(.debug_macinfo)

.debug_ranges   0x00000000      0x888
 *(.debug_ranges)
 .debug_ranges  0x00000000       0x58 .\CortexM0\ARM_GCC_473\Release\socket.o
 .debug_ranges  0x00000058      0x178 .\CortexM0\ARM_GCC_473\Release\w5100.o
 .debug_ranges  0x000001d0       0x70 .\CortexM0\ARM_GCC_473\Release\Client.o
 .debug_ranges  0x00000240       0x28 .\CortexM0\ARM_GCC_473\Release\main.o
 .debug_ranges  0x00000268       0x58 .\CortexM0\ARM_GCC_473\Release\Ethernet.o
 .debug_ranges  0x000002c0       0xb0 .\CortexM0\ARM_GCC_473\Release\Print.o
 .debug_ranges  0x00000370       0xc0 .\CortexM0\ARM_GCC_473\Release\Server.o
 .debug_ranges  0x00000430       0x48 .\CortexM0\ARM_GCC_473\Release\Cm0Start.o
 .debug_ranges  0x00000478       0x98 .\CortexM0\ARM_GCC_473\Release\W5100_PSoC4_test.a(cyfitter_cfg.o)
 .debug_ranges  0x00000510       0x30 .\CortexM0\ARM_GCC_473\Release\W5100_PSoC4_test.a(UART_1.o)
 .debug_ranges  0x00000540       0x40 .\CortexM0\ARM_GCC_473\Release\W5100_PSoC4_test.a(UART_1_UART.o)
 .debug_ranges  0x00000580      0x1f0 .\CortexM0\ARM_GCC_473\Release\W5100_PSoC4_test.a(CyLib.o)
 .debug_ranges  0x00000770       0x30 .\CortexM0\ARM_GCC_473\Release\W5100_PSoC4_test.a(SPI.o)
 .debug_ranges  0x000007a0       0x50 .\CortexM0\ARM_GCC_473\Release\W5100_PSoC4_test.a(SPI_SPI_UART.o)
 .debug_ranges  0x000007f0       0x18 .\CortexM0\ARM_GCC_473\Release\W5100_PSoC4_test.a(SPI_SPI.o)
 .debug_ranges  0x00000808       0x30 .\CortexM0\ARM_GCC_473\Release\W5100_PSoC4_test.a(SPI_CS.o)
 .debug_ranges  0x00000838       0x50 .\CortexM0\ARM_GCC_473\Release\W5100_PSoC4_test.a(UART_1_SPI_UART.o)

.comment        0x00000000       0x70
 .comment       0x00000000       0x70 .\CortexM0\ARM_GCC_473\Release\socket.o
                                 0x71 (size before relaxing)
 .comment       0x00000000       0x71 .\CortexM0\ARM_GCC_473\Release\w5100.o
 .comment       0x00000000       0x71 .\CortexM0\ARM_GCC_473\Release\Client.o
 .comment       0x00000000       0x71 .\CortexM0\ARM_GCC_473\Release\main.o
 .comment       0x00000000       0x71 .\CortexM0\ARM_GCC_473\Release\Ethernet.o
 .comment       0x00000000       0x71 .\CortexM0\ARM_GCC_473\Release\Print.o
 .comment       0x00000000       0x71 .\CortexM0\ARM_GCC_473\Release\Server.o
 .comment       0x00000000       0x71 .\CortexM0\ARM_GCC_473\Release\cymetadata.o
 .comment       0x00000000       0x71 .\CortexM0\ARM_GCC_473\Release\Cm0Start.o
 .comment       0x00000000       0x71 .\CortexM0\ARM_GCC_473\Release\W5100_PSoC4_test.a(cyfitter_cfg.o)
 .comment       0x00000000       0x71 .\CortexM0\ARM_GCC_473\Release\W5100_PSoC4_test.a(UART_1.o)
 .comment       0x00000000       0x71 .\CortexM0\ARM_GCC_473\Release\W5100_PSoC4_test.a(UART_1_UART.o)
 .comment       0x00000000       0x71 .\CortexM0\ARM_GCC_473\Release\W5100_PSoC4_test.a(CyLib.o)
 .comment       0x00000000       0x71 .\CortexM0\ARM_GCC_473\Release\W5100_PSoC4_test.a(SPI.o)
 .comment       0x00000000       0x71 .\CortexM0\ARM_GCC_473\Release\W5100_PSoC4_test.a(SPI_SPI_UART.o)
 .comment       0x00000000       0x71 .\CortexM0\ARM_GCC_473\Release\W5100_PSoC4_test.a(SPI_SPI.o)
 .comment       0x00000000       0x71 .\CortexM0\ARM_GCC_473\Release\W5100_PSoC4_test.a(SPI_CS.o)
 .comment       0x00000000       0x71 .\CortexM0\ARM_GCC_473\Release\W5100_PSoC4_test.a(UART_1_SPI_UART.o)

.debug_weaknames
 *(.debug_weaknames)

.debug_funcnames
 *(.debug_funcnames)

.debug_typenames
 *(.debug_typenames)

.debug_varnames
 *(.debug_varnames)

.note.gnu.arm.ident
 *(.note.gnu.arm.ident)

.ARM.attributes
                0x00000000       0x28
 *(.ARM.attributes)
 .ARM.attributes
                0x00000000       0x1e c:/program files (x86)/cypress/psoc creator/3.0/psoc creator/import/gnu_cs/arm/4.7.3/bin/../lib/gcc/arm-none-eabi/4.7.3/armv6-m/crti.o
 .ARM.attributes
                0x0000001e       0x2c c:/program files (x86)/cypress/psoc creator/3.0/psoc creator/import/gnu_cs/arm/4.7.3/bin/../lib/gcc/arm-none-eabi/4.7.3/armv6-m/crtbegin.o
 .ARM.attributes
                0x0000004a       0x1c c:/program files (x86)/cypress/psoc creator/3.0/psoc creator/import/gnu_cs/arm/4.7.3/bin/../lib/gcc/arm-none-eabi/4.7.3/../../../../arm-none-eabi/lib/armv6-m/crt0.o
 .ARM.attributes
                0x00000066       0x31 .\CortexM0\ARM_GCC_473\Release\socket.o
 .ARM.attributes
                0x00000097       0x31 .\CortexM0\ARM_GCC_473\Release\w5100.o
 .ARM.attributes
                0x000000c8       0x31 .\CortexM0\ARM_GCC_473\Release\Client.o
 .ARM.attributes
                0x000000f9       0x31 .\CortexM0\ARM_GCC_473\Release\main.o
 .ARM.attributes
                0x0000012a       0x31 .\CortexM0\ARM_GCC_473\Release\Ethernet.o
 .ARM.attributes
                0x0000015b       0x31 .\CortexM0\ARM_GCC_473\Release\Print.o
 .ARM.attributes
                0x0000018c       0x31 .\CortexM0\ARM_GCC_473\Release\Server.o
 .ARM.attributes
                0x000001bd       0x31 .\CortexM0\ARM_GCC_473\Release\cymetadata.o
 .ARM.attributes
                0x000001ee       0x31 .\CortexM0\ARM_GCC_473\Release\Cm0Start.o
 .ARM.attributes
                0x0000021f       0x31 .\CortexM0\ARM_GCC_473\Release\W5100_PSoC4_test.a(cyfitter_cfg.o)
 .ARM.attributes
                0x00000250       0x31 .\CortexM0\ARM_GCC_473\Release\W5100_PSoC4_test.a(UART_1.o)
 .ARM.attributes
                0x00000281       0x31 .\CortexM0\ARM_GCC_473\Release\W5100_PSoC4_test.a(UART_1_UART.o)
 .ARM.attributes
                0x000002b2       0x31 .\CortexM0\ARM_GCC_473\Release\W5100_PSoC4_test.a(CyLib.o)
 .ARM.attributes
                0x000002e3       0x31 .\CortexM0\ARM_GCC_473\Release\W5100_PSoC4_test.a(SPI.o)
 .ARM.attributes
                0x00000314       0x31 .\CortexM0\ARM_GCC_473\Release\W5100_PSoC4_test.a(SPI_SPI_UART.o)
 .ARM.attributes
                0x00000345       0x31 .\CortexM0\ARM_GCC_473\Release\W5100_PSoC4_test.a(SPI_SPI.o)
 .ARM.attributes
                0x00000376       0x31 .\CortexM0\ARM_GCC_473\Release\W5100_PSoC4_test.a(SPI_CS.o)
 .ARM.attributes
                0x000003a7       0x31 .\CortexM0\ARM_GCC_473\Release\W5100_PSoC4_test.a(UART_1_SPI_UART.o)
 .ARM.attributes
                0x000003d8       0x21 .\CortexM0\ARM_GCC_473\Release\W5100_PSoC4_test.a(CyBootAsmGnu.o)
 .ARM.attributes
                0x000003f9       0x1e c:/program files (x86)/cypress/psoc creator/3.0/psoc creator/import/gnu_cs/arm/4.7.3/bin/../lib/gcc/arm-none-eabi/4.7.3/armv6-m\libgcc.a(_udivsi3.o)
 .ARM.attributes
                0x00000417       0x1e c:/program files (x86)/cypress/psoc creator/3.0/psoc creator/import/gnu_cs/arm/4.7.3/bin/../lib/gcc/arm-none-eabi/4.7.3/armv6-m\libgcc.a(_dvmd_tls.o)
 .ARM.attributes
                0x00000435       0x2c c:/program files (x86)/cypress/psoc creator/3.0/psoc creator/import/gnu_cs/arm/4.7.3/bin/../lib/gcc/arm-none-eabi/4.7.3/armv6-m\libgcc.a(unwind-arm.o)
 .ARM.attributes
                0x00000461       0x1e c:/program files (x86)/cypress/psoc creator/3.0/psoc creator/import/gnu_cs/arm/4.7.3/bin/../lib/gcc/arm-none-eabi/4.7.3/armv6-m\libgcc.a(libunwind.o)
 .ARM.attributes
                0x0000047f       0x2c c:/program files (x86)/cypress/psoc creator/3.0/psoc creator/import/gnu_cs/arm/4.7.3/bin/../lib/gcc/arm-none-eabi/4.7.3/armv6-m\libgcc.a(pr-support.o)
 .ARM.attributes
                0x000004ab       0x2c c:/program files (x86)/cypress/psoc creator/3.0/psoc creator/import/gnu_cs/arm/4.7.3/bin/../lib/gcc/arm-none-eabi/4.7.3/../../../../arm-none-eabi/lib/armv6-m\libc_s.a(lib_a-__atexit2.o)
 .ARM.attributes
                0x000004d7       0x2c c:/program files (x86)/cypress/psoc creator/3.0/psoc creator/import/gnu_cs/arm/4.7.3/bin/../lib/gcc/arm-none-eabi/4.7.3/../../../../arm-none-eabi/lib/armv6-m\libc_s.a(lib_a-abort.o)
 .ARM.attributes
                0x00000503       0x2c c:/program files (x86)/cypress/psoc creator/3.0/psoc creator/import/gnu_cs/arm/4.7.3/bin/../lib/gcc/arm-none-eabi/4.7.3/../../../../arm-none-eabi/lib/armv6-m\libc_s.a(lib_a-exit.o)
 .ARM.attributes
                0x0000052f       0x2c c:/program files (x86)/cypress/psoc creator/3.0/psoc creator/import/gnu_cs/arm/4.7.3/bin/../lib/gcc/arm-none-eabi/4.7.3/../../../../arm-none-eabi/lib/armv6-m\libc_s.a(lib_a-fini.o)
 .ARM.attributes
                0x0000055b       0x2c c:/program files (x86)/cypress/psoc creator/3.0/psoc creator/import/gnu_cs/arm/4.7.3/bin/../lib/gcc/arm-none-eabi/4.7.3/../../../../arm-none-eabi/lib/armv6-m\libc_s.a(lib_a-impure.o)
 .ARM.attributes
                0x00000587       0x2c c:/program files (x86)/cypress/psoc creator/3.0/psoc creator/import/gnu_cs/arm/4.7.3/bin/../lib/gcc/arm-none-eabi/4.7.3/../../../../arm-none-eabi/lib/armv6-m\libc_s.a(lib_a-init.o)
 .ARM.attributes
                0x000005b3       0x2c c:/program files (x86)/cypress/psoc creator/3.0/psoc creator/import/gnu_cs/arm/4.7.3/bin/../lib/gcc/arm-none-eabi/4.7.3/../../../../arm-none-eabi/lib/armv6-m\libc_s.a(lib_a-memcpy.o)
 .ARM.attributes
                0x000005df       0x2c c:/program files (x86)/cypress/psoc creator/3.0/psoc creator/import/gnu_cs/arm/4.7.3/bin/../lib/gcc/arm-none-eabi/4.7.3/../../../../arm-none-eabi/lib/armv6-m\libc_s.a(lib_a-memset.o)
 .ARM.attributes
                0x0000060b       0x2c c:/program files (x86)/cypress/psoc creator/3.0/psoc creator/import/gnu_cs/arm/4.7.3/bin/../lib/gcc/arm-none-eabi/4.7.3/../../../../arm-none-eabi/lib/armv6-m\libc_s.a(lib_a-signal.o)
 .ARM.attributes
                0x00000637       0x2c c:/program files (x86)/cypress/psoc creator/3.0/psoc creator/import/gnu_cs/arm/4.7.3/bin/../lib/gcc/arm-none-eabi/4.7.3/../../../../arm-none-eabi/lib/armv6-m\libc_s.a(lib_a-signalr.o)
 .ARM.attributes
                0x00000663       0x2c c:/program files (x86)/cypress/psoc creator/3.0/psoc creator/import/gnu_cs/arm/4.7.3/bin/../lib/gcc/arm-none-eabi/4.7.3/../../../../arm-none-eabi/lib/armv6-m\libc_s.a(lib_a-mallocr.o)
 .ARM.attributes
                0x0000068f       0x2c c:/program files (x86)/cypress/psoc creator/3.0/psoc creator/import/gnu_cs/arm/4.7.3/bin/../lib/gcc/arm-none-eabi/4.7.3/../../../../arm-none-eabi/lib/armv6-m\libc_s.a(lib_a-reent.o)
 .ARM.attributes
                0x000006bb       0x2c c:/program files (x86)/cypress/psoc creator/3.0/psoc creator/import/gnu_cs/arm/4.7.3/bin/../lib/gcc/arm-none-eabi/4.7.3/../../../../arm-none-eabi/lib/armv6-m\libc_s.a(lib_a-sbrkr.o)
 .ARM.attributes
                0x000006e7       0x2c c:/program files (x86)/cypress/psoc creator/3.0/psoc creator/import/gnu_cs/arm/4.7.3/bin/../lib/gcc/arm-none-eabi/4.7.3/../../../../arm-none-eabi/lib/armv6-m\libc_s.a(lib_a-freer.o)
 .ARM.attributes
                0x00000713       0x2c c:/program files (x86)/cypress/psoc creator/3.0/psoc creator/import/gnu_cs/arm/4.7.3/bin/../lib/gcc/arm-none-eabi/4.7.3/armv6-m/crtend.o
 .ARM.attributes
                0x0000073f       0x1e c:/program files (x86)/cypress/psoc creator/3.0/psoc creator/import/gnu_cs/arm/4.7.3/bin/../lib/gcc/arm-none-eabi/4.7.3/armv6-m/crtn.o
 .ARM.attributes
                0x0000075d       0x2c c:/program files (x86)/cypress/psoc creator/3.0/psoc creator/import/gnu_cs/arm/4.7.3/bin/../lib/gcc/arm-none-eabi/4.7.3/../../../../arm-none-eabi/lib/armv6-m\libnosys.a(getpid.o)
 .ARM.attributes
                0x00000789       0x2c c:/program files (x86)/cypress/psoc creator/3.0/psoc creator/import/gnu_cs/arm/4.7.3/bin/../lib/gcc/arm-none-eabi/4.7.3/../../../../arm-none-eabi/lib/armv6-m\libnosys.a(kill.o)
 .ARM.attributes
                0x000007b5       0x2c c:/program files (x86)/cypress/psoc creator/3.0/psoc creator/import/gnu_cs/arm/4.7.3/bin/../lib/gcc/arm-none-eabi/4.7.3/../../../../arm-none-eabi/lib/armv6-m\libnosys.a(sbrk.o)

/DISCARD/
 *(.note.GNU-stack)
OUTPUT(.\CortexM0\ARM_GCC_473\Release\W5100_PSoC4_test.elf elf32-littlearm)
