Archive member included because of file (symbol)

.\CortexM0\ARM_GCC_473\Release\W5100_PSoC4_test.a(cyfitter_cfg.o)
                              .\CortexM0\ARM_GCC_473\Release\Cm0Start.o (cyfitter_cfg)
.\CortexM0\ARM_GCC_473\Release\W5100_PSoC4_test.a(UART_1.o)
                              .\CortexM0\ARM_GCC_473\Release\device_depend.o (UART_1_Start)
.\CortexM0\ARM_GCC_473\Release\W5100_PSoC4_test.a(UART_1_UART.o)
                              .\CortexM0\ARM_GCC_473\Release\W5100_PSoC4_test.a(UART_1.o) (UART_1_UartInit)
.\CortexM0\ARM_GCC_473\Release\W5100_PSoC4_test.a(CyLib.o)
                              .\CortexM0\ARM_GCC_473\Release\device_depend.o (CyDelay)
.\CortexM0\ARM_GCC_473\Release\W5100_PSoC4_test.a(SPI.o)
                              .\CortexM0\ARM_GCC_473\Release\device_depend.o (SPI_Start)
.\CortexM0\ARM_GCC_473\Release\W5100_PSoC4_test.a(SPI_SPI_UART.o)
                              .\CortexM0\ARM_GCC_473\Release\device_depend.o (SPI_SpiUartReadRxData)
.\CortexM0\ARM_GCC_473\Release\W5100_PSoC4_test.a(SPI_SPI.o)
                              .\CortexM0\ARM_GCC_473\Release\W5100_PSoC4_test.a(SPI.o) (SPI_SpiInit)
.\CortexM0\ARM_GCC_473\Release\W5100_PSoC4_test.a(SPI_CS.o)
                              .\CortexM0\ARM_GCC_473\Release\device_depend.o (SPI_CS_Write)
.\CortexM0\ARM_GCC_473\Release\W5100_PSoC4_test.a(UART_1_SPI_UART.o)
                              .\CortexM0\ARM_GCC_473\Release\W5100_PSoC4_test.a(UART_1_UART.o) (UART_1_SpiUartReadRxData)
.\CortexM0\ARM_GCC_473\Release\W5100_PSoC4_test.a(CyBootAsmGnu.o)
                              .\CortexM0\ARM_GCC_473\Release\W5100_PSoC4_test.a(CyLib.o) (CyDelayCycles)
c:/program files (x86)/cypress/psoc creator/3.0/psoc creator/import/gnu_cs/arm/4.7.3/bin/../lib/gcc/arm-none-eabi/4.7.3/armv6-m\libgcc.a(_udivsi3.o)
                              .\CortexM0\ARM_GCC_473\Release\Print.o (__aeabi_uidiv)
c:/program files (x86)/cypress/psoc creator/3.0/psoc creator/import/gnu_cs/arm/4.7.3/bin/../lib/gcc/arm-none-eabi/4.7.3/armv6-m\libgcc.a(_dvmd_tls.o)
                              c:/program files (x86)/cypress/psoc creator/3.0/psoc creator/import/gnu_cs/arm/4.7.3/bin/../lib/gcc/arm-none-eabi/4.7.3/armv6-m\libgcc.a(_udivsi3.o) (__aeabi_idiv0)
c:/program files (x86)/cypress/psoc creator/3.0/psoc creator/import/gnu_cs/arm/4.7.3/bin/../lib/gcc/arm-none-eabi/4.7.3/armv6-m\libgcc.a(unwind-arm.o)
                              .\CortexM0\ARM_GCC_473\Release\Client.o (__aeabi_unwind_cpp_pr0)
c:/program files (x86)/cypress/psoc creator/3.0/psoc creator/import/gnu_cs/arm/4.7.3/bin/../lib/gcc/arm-none-eabi/4.7.3/armv6-m\libgcc.a(libunwind.o)
                              c:/program files (x86)/cypress/psoc creator/3.0/psoc creator/import/gnu_cs/arm/4.7.3/bin/../lib/gcc/arm-none-eabi/4.7.3/armv6-m\libgcc.a(unwind-arm.o) (restore_core_regs)
c:/program files (x86)/cypress/psoc creator/3.0/psoc creator/import/gnu_cs/arm/4.7.3/bin/../lib/gcc/arm-none-eabi/4.7.3/armv6-m\libgcc.a(pr-support.o)
                              c:/program files (x86)/cypress/psoc creator/3.0/psoc creator/import/gnu_cs/arm/4.7.3/bin/../lib/gcc/arm-none-eabi/4.7.3/armv6-m\libgcc.a(unwind-arm.o) (__gnu_unwind_execute)
c:/program files (x86)/cypress/psoc creator/3.0/psoc creator/import/gnu_cs/arm/4.7.3/bin/../lib/gcc/arm-none-eabi/4.7.3/../../../../arm-none-eabi/lib/armv6-m\libc_s.a(lib_a-__atexit2.o)
                              c:/program files (x86)/cypress/psoc creator/3.0/psoc creator/import/gnu_cs/arm/4.7.3/bin/../lib/gcc/arm-none-eabi/4.7.3/../../../../arm-none-eabi/lib/armv6-m/crt0.o (__register_exitproc)
c:/program files (x86)/cypress/psoc creator/3.0/psoc creator/import/gnu_cs/arm/4.7.3/bin/../lib/gcc/arm-none-eabi/4.7.3/../../../../arm-none-eabi/lib/armv6-m\libc_s.a(lib_a-abort.o)
                              c:/program files (x86)/cypress/psoc creator/3.0/psoc creator/import/gnu_cs/arm/4.7.3/bin/../lib/gcc/arm-none-eabi/4.7.3/armv6-m\libgcc.a(unwind-arm.o) (abort)
c:/program files (x86)/cypress/psoc creator/3.0/psoc creator/import/gnu_cs/arm/4.7.3/bin/../lib/gcc/arm-none-eabi/4.7.3/../../../../arm-none-eabi/lib/armv6-m\libc_s.a(lib_a-exit.o)
                              c:/program files (x86)/cypress/psoc creator/3.0/psoc creator/import/gnu_cs/arm/4.7.3/bin/../lib/gcc/arm-none-eabi/4.7.3/../../../../arm-none-eabi/lib/armv6-m/crt0.o (exit)
c:/program files (x86)/cypress/psoc creator/3.0/psoc creator/import/gnu_cs/arm/4.7.3/bin/../lib/gcc/arm-none-eabi/4.7.3/../../../../arm-none-eabi/lib/armv6-m\libc_s.a(lib_a-fini.o)
                              c:/program files (x86)/cypress/psoc creator/3.0/psoc creator/import/gnu_cs/arm/4.7.3/bin/../lib/gcc/arm-none-eabi/4.7.3/../../../../arm-none-eabi/lib/armv6-m/crt0.o (__libc_fini_array)
c:/program files (x86)/cypress/psoc creator/3.0/psoc creator/import/gnu_cs/arm/4.7.3/bin/../lib/gcc/arm-none-eabi/4.7.3/../../../../arm-none-eabi/lib/armv6-m\libc_s.a(lib_a-impure.o)
[...]
Memory Configuration

Name             Origin             Length             Attributes
rom              0x00000000         0x00008000         xr
ram              0x20000000         0x00001000         xrw
*default*        0x00000000         0xffffffff

Linker script and memory map

LOAD c:/program files (x86)/cypress/psoc creator/3.0/psoc creator/import/gnu_cs/arm/4.7.3/bin/../lib/gcc/arm-none-eabi/4.7.3/armv6-m/crti.o
LOAD c:/program files (x86)/cypress/psoc creator/3.0/psoc creator/import/gnu_cs/arm/4.7.3/bin/../lib/gcc/arm-none-eabi/4.7.3/armv6-m/crtbegin.o
LOAD c:/program files (x86)/cypress/psoc creator/3.0/psoc creator/import/gnu_cs/arm/4.7.3/bin/../lib/gcc/arm-none-eabi/4.7.3/../../../../arm-none-eabi/lib/armv6-m/crt0.o
START GROUP
LOAD .\CortexM0\ARM_GCC_473\Release\socket.o
LOAD .\CortexM0\ARM_GCC_473\Release\w5100.o
LOAD .\CortexM0\ARM_GCC_473\Release\Client.o
LOAD .\CortexM0\ARM_GCC_473\Release\main.o
LOAD .\CortexM0\ARM_GCC_473\Release\Ethernet.o
LOAD .\CortexM0\ARM_GCC_473\Release\Print.o
LOAD .\CortexM0\ARM_GCC_473\Release\Server.o
LOAD .\CortexM0\ARM_GCC_473\Release\device_depend.o
LOAD .\CortexM0\ARM_GCC_473\Release\cymetadata.o
LOAD .\CortexM0\ARM_GCC_473\Release\Cm0Start.o
LOAD .\CortexM0\ARM_GCC_473\Release\W5100_PSoC4_test.a
LOAD C:\Program Files (x86)\Cypress\PSoC Creator\3.0\PSoC Creator\psoc\content\cycomponentlibrary\CyComponentLibrary.cylib\CortexM0\ARM_GCC_473\Release\CyComponentLibrary.a
END GROUP
START GROUP
LOAD c:/program files (x86)/cypress/psoc creator/3.0/psoc creator/import/gnu_cs/arm/4.7.3/bin/../lib/gcc/arm-none-eabi/4.7.3/armv6-m\libgcc.a
LOAD c:/program files (x86)/cypress/psoc creator/3.0/psoc creator/import/gnu_cs/arm/4.7.3/bin/../lib/gcc/arm-none-eabi/4.7.3/../../../../arm-none-eabi/lib/armv6-m\libc_s.a
END GROUP
LOAD c:/program files (x86)/cypress/psoc creator/3.0/psoc creator/import/gnu_cs/arm/4.7.3/bin/../lib/gcc/arm-none-eabi/4.7.3/armv6-m/crtend.o
LOAD c:/program files (x86)/cypress/psoc creator/3.0/psoc creator/import/gnu_cs/arm/4.7.3/bin/../lib/gcc/arm-none-eabi/4.7.3/armv6-m/crtn.o
START GROUP
LOAD c:/program files (x86)/cypress/psoc creator/3.0/psoc creator/import/gnu_cs/arm/4.7.3/bin/../lib/gcc/arm-none-eabi/4.7.3/armv6-m\libgcc.a
LOAD c:/program files (x86)/cypress/psoc creator/3.0/psoc creator/import/gnu_cs/arm/4.7.3/bin/../lib/gcc/arm-none-eabi/4.7.3/../../../../arm-none-eabi/lib/armv6-m\libc.a
LOAD c:/program files (x86)/cypress/psoc creator/3.0/psoc creator/import/gnu_cs/arm/4.7.3/bin/../lib/gcc/arm-none-eabi/4.7.3/../../../../arm-none-eabi/lib/armv6-m\libnosys.a
END GROUP
                0x00000000                CY_APPL_ORIGIN = 0x0
                0x00000080                CY_FLASH_ROW_SIZE = 0x80
                0x00000001                CY_APPL_NUM = 0x1
                0x00000040                CY_METADATA_SIZE = 0x40
                0x200001d0                PROVIDE (__cy_heap_start, _end)
                0x00000001                PROVIDE (__cy_region_num, ((__cy_regions_end - __cy_regions) / 0x10))
                0x20001000                PROVIDE (__cy_stack, (ORIGIN (ram) + 0x1000))
                0x20000c00                PROVIDE (__cy_heap_end, (__cy_stack - 0x400))

.cybootloader   0x00000000        0x0
 *(.cybootloader)
                0x00000000                appl1_start = CY_APPL_ORIGIN?CY_APPL_ORIGIN:ALIGN (CY_FLASH_ROW_SIZE)
                0x00003f80                appl2_start = (appl1_start + ALIGN ((((0x8000 - appl1_start) - (0x2 * CY_FLASH_ROW_SIZE)) / 0x2), CY_FLASH_ROW_SIZE))
                0x00000000                appl_start = (CY_APPL_NUM == 0x1)?appl1_start:appl2_start

.text           0x00000000     0x222c
 CREATE_OBJECT_SYMBOLS
                0x00000000                PROVIDE (__cy_interrupt_vector, RomVectors)
 *(.romvectors)
 .romvectors    0x00000000       0x10 .\CortexM0\ARM_GCC_473\Release\Cm0Start.o
                0x00000000                RomVectors
                0x00000001                ASSERT ((. != __cy_interrupt_vector), No interrupt vector)
                0x00000001                ASSERT (CY_APPL_ORIGIN?(SIZEOF (.cybootloader) <= CY_APPL_ORIGIN):0x1, Wrong image location)
                0x00000010                PROVIDE (__cy_reset, Reset)
 *(.text.Reset)
 .text.Reset    0x00000010        0x6 .\CortexM0\ARM_GCC_473\Release\Cm0Start.o
                0x00000010                Reset
                0x00000001                ASSERT ((. != __cy_reset), No reset code)
 *(.psocinit)
 *fill*         0x00000016        0x2 00
 .psocinit      0x00000018      0x168 .\CortexM0\ARM_GCC_473\Release\W5100_PSoC4_test.a(cyfitter_cfg.o)
                0x00000018                cyfitter_cfg
                0x00000180                . = MAX (., 0x100)
 *(.text .text.* .gnu.linkonce.t.*)
 .text          0x00000180       0x60 c:/program files (x86)/cypress/psoc creator/3.0/psoc creator/import/gnu_cs/arm/4.7.3/bin/../lib/gcc/arm-none-eabi/4.7.3/armv6-m/crtbegin.o
 .text.close    0x000001e0       0x2a .\CortexM0\ARM_GCC_473\Release\socket.o
                0x000001e0                close
 *fill*         0x0000020a        0x2 00
 .text.socket   0x0000020c       0x78 .\CortexM0\ARM_GCC_473\Release\socket.o
                0x0000020c                socket
 .text.listen   0x00000284       0x32 .\CortexM0\ARM_GCC_473\Release\socket.o
                0x00000284                listen
 *fill*         0x000002b6        0x2 00
 .text.disconnect
                0x000002b8       0x24 .\CortexM0\ARM_GCC_473\Release\socket.o
                0x000002b8                disconnect
 .text.send     0x000002dc       0x90 .\CortexM0\ARM_GCC_473\Release\socket.o
                0x000002dc                send
 .text.recv     0x0000036c       0x30 .\CortexM0\ARM_GCC_473\Release\socket.o
                0x0000036c                recv
 .text.SPI_transfer
                0x0000039c        0xc .\CortexM0\ARM_GCC_473\Release\w5100.o
                0x0000039c                SPI_transfer
 .text.getIINCHIP_TxMAX
                0x000003a8       0x10 .\CortexM0\ARM_GCC_473\Release\w5100.o
                0x000003a8                getIINCHIP_TxMAX
 .text.IINCHIP_WRITE
                0x000003b8       0x2e .\CortexM0\ARM_GCC_473\Release\w5100.o
                0x000003b8                IINCHIP_WRITE
 .text.IINCHIP_READ
                0x000003e6       0x2c .\CortexM0\ARM_GCC_473\Release\w5100.o
                0x000003e6                IINCHIP_READ
 .text.wiz_write_buf
                0x00000412       0x42 .\CortexM0\ARM_GCC_473\Release\w5100.o
                0x00000412                wiz_write_buf
 .text.wiz_read_buf
                0x00000454       0x40 .\CortexM0\ARM_GCC_473\Release\w5100.o
                0x00000454                wiz_read_buf
 .text.sysinit  0x00000494      0x140 .\CortexM0\ARM_GCC_473\Release\w5100.o
                0x00000494                sysinit
 .text.setMR    0x000005d4        0xe .\CortexM0\ARM_GCC_473\Release\w5100.o
                0x000005d4                setMR
 .text.iinchip_init
                0x000005e2       0x16 .\CortexM0\ARM_GCC_473\Release\w5100.o
                0x000005e2                iinchip_init
 .text.setGAR   0x000005f8       0x26 .\CortexM0\ARM_GCC_473\Release\w5100.o
                0x000005f8                setGAR
 .text.setSUBR  0x0000061e       0x26 .\CortexM0\ARM_GCC_473\Release\w5100.o
                0x0000061e                setSUBR
 .text.setSHAR  0x00000644       0x36 .\CortexM0\ARM_GCC_473\Release\w5100.o
                0x00000644                setSHAR
 .text.setSIPR  0x0000067a       0x26 .\CortexM0\ARM_GCC_473\Release\w5100.o
                0x0000067a                setSIPR
 .text.getSn_SR
                0x000006a0       0x14 .\CortexM0\ARM_GCC_473\Release\w5100.o
                0x000006a0                getSn_SR
 .text.getSn_TX_FSR
                0x000006b4       0x48 .\CortexM0\ARM_GCC_473\Release\w5100.o
                0x000006b4                getSn_TX_FSR
 .text.getSn_RX_RSR
                0x000006fc       0x48 .\CortexM0\ARM_GCC_473\Release\w5100.o
                0x000006fc                getSn_RX_RSR
 .text.write_data
                0x00000744       0x44 .\CortexM0\ARM_GCC_473\Release\w5100.o
                0x00000744                write_data
 .text.send_data_processing
                0x00000788       0x50 .\CortexM0\ARM_GCC_473\Release\w5100.o
                0x00000788                send_data_processing
 .text.read_data
                0x000007d8       0x44 .\CortexM0\ARM_GCC_473\Release\w5100.o
                0x000007d8                read_data
 .text.recv_data_processing
                0x0000081c       0x50 .\CortexM0\ARM_GCC_473\Release\w5100.o
                0x0000081c                recv_data_processing
 .text._ZN6Client5writeEh
                0x0000086c       0x14 .\CortexM0\ARM_GCC_473\Release\Client.o
                0x0000086c                Client::write(unsigned char)
 .text._ZN6ClientC2Eh
                0x00000880       0x1c .\CortexM0\ARM_GCC_473\Release\Client.o
                0x00000880                Client::Client(unsigned char)
                0x00000880                Client::Client(unsigned char)
 .text._ZN6Client9availableEv
                0x0000089c        0xa .\CortexM0\ARM_GCC_473\Release\Client.o
                0x0000089c                Client::available()
 .text._ZN6Client4readEv
                0x000008a6       0x24 .\CortexM0\ARM_GCC_473\Release\Client.o
                0x000008a6                Client::read()
 *fill*         0x000008ca        0x2 00
 .text._ZN6Client4stopEv
                0x000008cc       0x20 .\CortexM0\ARM_GCC_473\Release\Client.o
                0x000008cc                Client::stop()
 .text._ZN6Client6statusEv
                0x000008ec        0xa .\CortexM0\ARM_GCC_473\Release\Client.o
                0x000008ec                Client::status()
 .text._ZN6ClientcvbEv
                0x000008f6        0xa .\CortexM0\ARM_GCC_473\Release\Client.o
                0x000008f6                Client::operator bool()
 .text._Z5setupv
                0x00000900       0x2c .\CortexM0\ARM_GCC_473\Release\main.o
                0x00000900                setup()
 .text.startup._GLOBAL__sub_I_mac
                0x0000092c       0x10 .\CortexM0\ARM_GCC_473\Release\main.o
 .text._Z4loopv
                0x0000093c       0x2c .\CortexM0\ARM_GCC_473\Release\main.o
                0x0000093c                loop()
 .text.startup.main
                0x00000968       0x10 .\CortexM0\ARM_GCC_473\Release\main.o
                0x00000968                main
 .text._ZN13EthernetClass5beginEPhS0_S0_S0_
                0x00000978       0x2e .\CortexM0\ARM_GCC_473\Release\Ethernet.o
                0x00000978                EthernetClass::begin(unsigned char*, unsigned char*, unsigned char*, unsigned char*)
 *fill*         0x000009a6        0x2 00
 .text._ZN13EthernetClass5beginEPhS0_S0_
                0x000009a8       0x30 .\CortexM0\ARM_GCC_473\Release\Ethernet.o
                0x000009a8                EthernetClass::begin(unsigned char*, unsigned char*, unsigned char*)
 .text._ZN13EthernetClass5beginEPhS0_
                0x000009d8       0x1a .\CortexM0\ARM_GCC_473\Release\Ethernet.o
                0x000009d8                EthernetClass::begin(unsigned char*, unsigned char*)
 *fill*         0x000009f2        0x2 00
 .text._ZN6ServerC2Et
                0x000009f4       0x20 .\CortexM0\ARM_GCC_473\Release\Server.o
                0x000009f4                Server::Server(unsigned short)
                0x000009f4                Server::Server(unsigned short)
 .text._ZN6Server5beginEv
                0x00000a14       0x4c .\CortexM0\ARM_GCC_473\Release\Server.o
                0x00000a14                Server::begin()
 .text._ZN6Server6acceptEv
                0x00000a60       0x64 .\CortexM0\ARM_GCC_473\Release\Server.o
                0x00000a60                Server::accept()
 .text._ZN6Server9availableEv
                0x00000ac4       0x98 .\CortexM0\ARM_GCC_473\Release\Server.o
                0x00000ac4                Server::available()
 .text._ZN6Server5writeEh
                0x00000b5c       0x48 .\CortexM0\ARM_GCC_473\Release\Server.o
                0x00000b5c                Server::write(unsigned char)
 .text.hardware_init
                0x00000ba4        0xe .\CortexM0\ARM_GCC_473\Release\device_depend.o
                0x00000ba4                hardware_init
 .text.uart_print
                0x00000bb2        0x8 .\CortexM0\ARM_GCC_473\Release\device_depend.o
                0x00000bb2                uart_print
 .text.spi_master_init
                0x00000bba        0x8 .\CortexM0\ARM_GCC_473\Release\device_depend.o
                0x00000bba                spi_master_init
 .text.spi_master_send
                0x00000bc2       0x16 .\CortexM0\ARM_GCC_473\Release\device_depend.o
                0x00000bc2                spi_master_send
 .text.spi_cs_low
                0x00000bd8        0xa .\CortexM0\ARM_GCC_473\Release\device_depend.o
                0x00000bd8                spi_cs_low
 .text.spi_cs_high
                0x00000be2        0xa .\CortexM0\ARM_GCC_473\Release\device_depend.o
                0x00000be2                spi_cs_high
 .text.wait_delay_ms
                0x00000bec        0x8 .\CortexM0\ARM_GCC_473\Release\device_depend.o
                0x00000bec                wait_delay_ms
 .text.IntDefaultHandler
                0x00000bf4        0x4 .\CortexM0\ARM_GCC_473\Release\Cm0Start.o
                0x00000bf4                IntDefaultHandler
 .text._exit    0x00000bf8        0x4 .\CortexM0\ARM_GCC_473\Release\Cm0Start.o
                0x00000bf8                _exit
 .text.Start_c  0x00000bfc       0x98 .\CortexM0\ARM_GCC_473\Release\Cm0Start.o
                0x00000bfc                Start_c
 .text.startup.initialize_psoc
                0x00000c94       0x40 .\CortexM0\ARM_GCC_473\Release\Cm0Start.o
                0x00000c94                initialize_psoc
 .text.UART_1_Enable
                0x00000cd4       0x14 .\CortexM0\ARM_GCC_473\Release\W5100_PSoC4_test.a(UART_1.o)
                0x00000cd4                UART_1_Enable
 .text.UART_1_Start
                0x00000ce8       0x1c .\CortexM0\ARM_GCC_473\Release\W5100_PSoC4_test.a(UART_1.o)
                0x00000ce8                UART_1_Start
 .text.UART_1_UartInit
                0x00000d04       0x90 .\CortexM0\ARM_GCC_473\Release\W5100_PSoC4_test.a(UART_1_UART.o)
                0x00000d04                UART_1_UartInit
 .text.UART_1_UartPutString
                0x00000d94       0x16 .\CortexM0\ARM_GCC_473\Release\W5100_PSoC4_test.a(UART_1_UART.o)
                0x00000d94                UART_1_UartPutString
 *fill*         0x00000daa        0x2 00
 .text.CyDelay  0x00000dac       0x2c .\CortexM0\ARM_GCC_473\Release\W5100_PSoC4_test.a(CyLib.o)
                0x00000dac                CyDelay
 .text.CyDelayUs
                0x00000dd8       0x14 .\CortexM0\ARM_GCC_473\Release\W5100_PSoC4_test.a(CyLib.o)
                0x00000dd8                CyDelayUs
 .text.SPI_Enable
                0x00000dec       0x14 .\CortexM0\ARM_GCC_473\Release\W5100_PSoC4_test.a(SPI.o)
                0x00000dec                SPI_Enable
 .text.SPI_Start
                0x00000e00       0x1c .\CortexM0\ARM_GCC_473\Release\W5100_PSoC4_test.a(SPI.o)
                0x00000e00                SPI_Start
 .text.SPI_SpiUartReadRxData
                0x00000e1c        0xc .\CortexM0\ARM_GCC_473\Release\W5100_PSoC4_test.a(SPI_SPI_UART.o)
                0x00000e1c                SPI_SpiUartReadRxData
 .text.SPI_SpiUartGetRxBufferSize
                0x00000e28       0x10 .\CortexM0\ARM_GCC_473\Release\W5100_PSoC4_test.a(SPI_SPI_UART.o)
                0x00000e28                SPI_SpiUartGetRxBufferSize
 .text.SPI_SpiUartWriteTxData
                0x00000e38       0x1c .\CortexM0\ARM_GCC_473\Release\W5100_PSoC4_test.a(SPI_SPI_UART.o)
                0x00000e38                SPI_SpiUartWriteTxData
 .text.SPI_SpiInit
                0x00000e54       0x78 .\CortexM0\ARM_GCC_473\Release\W5100_PSoC4_test.a(SPI_SPI.o)
                0x00000e54                SPI_SpiInit
 .text.SPI_CS_Write
                0x00000ecc       0x18 .\CortexM0\ARM_GCC_473\Release\W5100_PSoC4_test.a(SPI_CS.o)
                0x00000ecc                SPI_CS_Write
 .text.UART_1_SpiUartWriteTxData
                0x00000ee4       0x1c .\CortexM0\ARM_GCC_473\Release\W5100_PSoC4_test.a(UART_1_SPI_UART.o)
                0x00000ee4                UART_1_SpiUartWriteTxData
 .text          0x00000f00       0x20 .\CortexM0\ARM_GCC_473\Release\W5100_PSoC4_test.a(CyBootAsmGnu.o)
                0x00000f00                CyDelayCycles
                0x00000f12                CyEnterCriticalSection
                0x00000f1a                CyExitCriticalSection
 .text          0x00000f20      0xbf4 c:/program files (x86)/cypress/psoc creator/3.0/psoc creator/import/gnu_cs/arm/4.7.3/bin/../lib/gcc/arm-none-eabi/4.7.3/armv6-m\libgcc.a(unwind-arm.o)
                0x000011f8                _Unwind_GetCFA
                0x000011fc                __gnu_Unwind_RaiseException
                0x00001254                __gnu_Unwind_ForcedUnwind
                0x00001268                __gnu_Unwind_Resume
                0x000012b0                __gnu_Unwind_Resume_or_Rethrow
                0x000012cc                _Unwind_Complete
                0x000012d0                _Unwind_DeleteException
                0x000012e0                _Unwind_VRS_Get
                0x00001328                _Unwind_VRS_Set
                0x00001704                __aeabi_unwind_cpp_pr2
                0x00001710                __aeabi_unwind_cpp_pr1
                0x0000171c                __aeabi_unwind_cpp_pr0
                0x00001728                __gnu_Unwind_Backtrace
                0x00001790                _Unwind_VRS_Pop
 .text          0x00001b14      0x144 c:/program files (x86)/cypress/psoc creator/3.0/psoc creator/import/gnu_cs/arm/4.7.3/bin/../lib/gcc/arm-none-eabi/4.7.3/armv6-m\libgcc.a(libunwind.o)
                0x00001b14                __restore_core_regs
                0x00001b14                restore_core_regs
                0x00001b40                __gnu_Unwind_Restore_VFP
                0x00001b44                __gnu_Unwind_Save_VFP
                0x00001b48                __gnu_Unwind_Restore_VFP_D
                0x00001b4c                __gnu_Unwind_Save_VFP_D
                0x00001b50                __gnu_Unwind_Restore_VFP_D_16_to_31
                0x00001b54                __gnu_Unwind_Save_VFP_D_16_to_31
                0x00001b58                __gnu_Unwind_Restore_WMMXD
                0x00001b5c                __gnu_Unwind_Save_WMMXD
                0x00001b60                __gnu_Unwind_Restore_WMMXC
                0x00001b64                __gnu_Unwind_Save_WMMXC
                0x00001b68                ___Unwind_RaiseException
                0x00001b68                _Unwind_RaiseException
                0x00001b98                _Unwind_Resume
                0x00001b98                ___Unwind_Resume
                0x00001bc8                _Unwind_Resume_or_Rethrow
                0x00001bc8                ___Unwind_Resume_or_Rethrow
                0x00001bf8                _Unwind_ForcedUnwind
                0x00001bf8                ___Unwind_ForcedUnwind
                0x00001c28                ___Unwind_Backtrace
                0x00001c28                _Unwind_Backtrace
 .text          0x00001c58      0x3c4 c:/program files (x86)/cypress/psoc creator/3.0/psoc creator/import/gnu_cs/arm/4.7.3/bin/../lib/gcc/arm-none-eabi/4.7.3/armv6-m\libgcc.a(pr-support.o)
                0x00001cac                __gnu_unwind_execute
                0x00001fc4                __gnu_unwind_frame
                0x00001fec                _Unwind_GetRegionStart
                0x00001ff8                _Unwind_GetLanguageSpecificData
                0x0000200c                _Unwind_GetDataRelBase
                0x00002014                _Unwind_GetTextRelBase
 .text.abort    0x0000201c        0xe c:/program files (x86)/cypress/psoc creator/3.0/psoc creator/import/gnu_cs/arm/4.7.3/bin/../lib/gcc/arm-none-eabi/4.7.3/../../../../arm-none-eabi/lib/armv6-m\libc_s.a(lib_a-abort.o)
                0x0000201c                abort
 *fill*         0x0000202a        0x2 00
 .text.__libc_init_array
                0x0000202c       0x4c c:/program files (x86)/cypress/psoc creator/3.0/psoc creator/import/gnu_cs/arm/4.7.3/bin/../lib/gcc/arm-none-eabi/4.7.3/../../../../arm-none-eabi/lib/armv6-m\libc_s.a(lib_a-init.o)
                0x0000202c                __libc_init_array
 .text.memcpy   0x00002078       0x12 c:/program files (x86)/cypress/psoc creator/3.0/psoc creator/import/gnu_cs/arm/4.7.3/bin/../lib/gcc/arm-none-eabi/4.7.3/../../../../arm-none-eabi/lib/armv6-m\libc_s.a(lib_a-memcpy.o)
                0x00002078                memcpy
 .text.memset   0x0000208a       0x12 c:/program files (x86)/cypress/psoc creator/3.0/psoc creator/import/gnu_cs/arm/4.7.3/bin/../lib/gcc/arm-none-eabi/4.7.3/../../../../arm-none-eabi/lib/armv6-m\libc_s.a(lib_a-memset.o)
                0x0000208a                memset
 .text._raise_r
                0x0000209c       0x56 c:/program files (x86)/cypress/psoc creator/3.0/psoc creator/import/gnu_cs/arm/4.7.3/bin/../lib/gcc/arm-none-eabi/4.7.3/../../../../arm-none-eabi/lib/armv6-m\libc_s.a(lib_a-signal.o)
                0x0000209c                _raise_r
 *fill*         0x000020f2        0x2 00
 .text.raise    0x000020f4       0x14 c:/program files (x86)/cypress/psoc creator/3.0/psoc creator/import/gnu_cs/arm/4.7.3/bin/../lib/gcc/arm-none-eabi/4.7.3/../../../../arm-none-eabi/lib/armv6-m\libc_s.a(lib_a-signal.o)
                0x000020f4                raise
 .text._kill_r  0x00002108       0x24 c:/program files (x86)/cypress/psoc creator/3.0/psoc creator/import/gnu_cs/arm/4.7.3/bin/../lib/gcc/arm-none-eabi/4.7.3/../../../../arm-none-eabi/lib/armv6-m\libc_s.a(lib_a-signalr.o)
                0x00002108                _kill_r
 .text._getpid_r
                0x0000212c        0x8 c:/program files (x86)/cypress/psoc creator/3.0/psoc creator/import/gnu_cs/arm/4.7.3/bin/../lib/gcc/arm-none-eabi/4.7.3/../../../../arm-none-eabi/lib/armv6-m\libc_s.a(lib_a-signalr.o)
                0x0000212c                _getpid_r
 .text._getpid  0x00002134       0x10 c:/program files (x86)/cypress/psoc creator/3.0/psoc creator/import/gnu_cs/arm/4.7.3/bin/../lib/gcc/arm-none-eabi/4.7.3/../../../../arm-none-eabi/lib/armv6-m\libnosys.a(getpid.o)
                0x00002134                _getpid
 .text._kill    0x00002144       0x10 c:/program files (x86)/cypress/psoc creator/3.0/psoc creator/import/gnu_cs/arm/4.7.3/bin/../lib/gcc/arm-none-eabi/4.7.3/../../../../arm-none-eabi/lib/armv6-m\libnosys.a(kill.o)
                0x00002144                _kill
 *(.plt)
 *(.gnu.warning)
 *(.glue_7t)
 .glue_7t       0x00000000        0x0 linker stubs
 *(.glue_7)
 .glue_7        0x00000000        0x0 linker stubs
 *(.vfp11_veneer)
 .vfp11_veneer  0x00000000        0x0 linker stubs
 *(.bootloader)
 *(.ARM.extab* .gnu.linkonce.armextab.*)
 .ARM.extab.text._ZN6Client5writeEh
                0x00002154        0xc .\CortexM0\ARM_GCC_473\Release\Client.o
 .ARM.extab.text._ZN6Client9availableEv
                0x00002160        0xc .\CortexM0\ARM_GCC_473\Release\Client.o
 .ARM.extab.text._ZN6Client6statusEv
                0x0000216c        0xc .\CortexM0\ARM_GCC_473\Release\Client.o
 .ARM.extab.text._Z5setupv
                0x00002178        0xc .\CortexM0\ARM_GCC_473\Release\main.o
 .ARM.extab.text.startup.main
                0x00002184        0xc .\CortexM0\ARM_GCC_473\Release\main.o
 .ARM.extab     0x00002190       0x6c c:/program files (x86)/cypress/psoc creator/3.0/psoc creator/import/gnu_cs/arm/4.7.3/bin/../lib/gcc/arm-none-eabi/4.7.3/armv6-m\libgcc.a(unwind-arm.o)
 .ARM.extab     0x000021fc       0x30 c:/program files (x86)/cypress/psoc creator/3.0/psoc creator/import/gnu_cs/arm/4.7.3/bin/../lib/gcc/arm-none-eabi/4.7.3/armv6-m\libgcc.a(pr-support.o)
 *(.gcc_except_table)

.v4_bx          0x0000222c        0x0
 .v4_bx         0x00000000        0x0 linker stubs

.iplt           0x0000222c        0x0
 .iplt          0x00000000        0x0 c:/program files (x86)/cypress/psoc creator/3.0/psoc creator/import/gnu_cs/arm/4.7.3/bin/../lib/gcc/arm-none-eabi/4.7.3/armv6-m/crtbegin.o

.eh_frame_hdr
 *(.eh_frame_hdr)

.eh_frame       0x0000222c        0x4
 *(.eh_frame)
 .eh_frame      0x0000222c        0x0 c:/program files (x86)/cypress/psoc creator/3.0/psoc creator/import/gnu_cs/arm/4.7.3/bin/../lib/gcc/arm-none-eabi/4.7.3/armv6-m/crtbegin.o
 .eh_frame      0x0000222c        0x4 c:/program files (x86)/cypress/psoc creator/3.0/psoc creator/import/gnu_cs/arm/4.7.3/bin/../lib/gcc/arm-none-eabi/4.7.3/armv6-m/crtend.o
                0x00002230                PROVIDE (__exidx_start, .)

.ARM.exidx      0x00002230      0x170
 *(.ARM.exidx* .gnu.linkonce.armexidx.*)
 .ARM.exidx.text._ZN6Client5writeEh
                0x00002230        0x8 .\CortexM0\ARM_GCC_473\Release\Client.o
 .ARM.exidx.text._ZN6ClientC2Eh
                0x00002238        0x8 .\CortexM0\ARM_GCC_473\Release\Client.o
 .ARM.exidx.text._ZN6Client9availableEv
                0x00002240        0x8 .\CortexM0\ARM_GCC_473\Release\Client.o
 .ARM.exidx.text._ZN6Client4readEv
                0x00002248        0x8 .\CortexM0\ARM_GCC_473\Release\Client.o
 .ARM.exidx.text._ZN6Client4stopEv
                0x00002250        0x8 .\CortexM0\ARM_GCC_473\Release\Client.o
 .ARM.exidx.text._ZN6Client6statusEv
                0x00002258        0x8 .\CortexM0\ARM_GCC_473\Release\Client.o
 .ARM.exidx.text._ZN6ClientcvbEv
                0x00002260        0x8 .\CortexM0\ARM_GCC_473\Release\Client.o
 .ARM.exidx.text._Z5setupv
                0x00002268        0x8 .\CortexM0\ARM_GCC_473\Release\main.o
 .ARM.exidx.text.startup._GLOBAL__sub_I_mac
                0x00002270        0x8 .\CortexM0\ARM_GCC_473\Release\main.o
 .ARM.exidx.text._Z4loopv
                0x00002278        0x8 .\CortexM0\ARM_GCC_473\Release\main.o
 .ARM.exidx.text.startup.main
                0x00002280        0x8 .\CortexM0\ARM_GCC_473\Release\main.o
 .ARM.exidx.text._ZN13EthernetClass5beginEPhS0_S0_S0_
                0x00002288        0x8 .\CortexM0\ARM_GCC_473\Release\Ethernet.o
 .ARM.exidx.text._ZN13EthernetClass5beginEPhS0_S0_
                0x00002290        0x8 .\CortexM0\ARM_GCC_473\Release\Ethernet.o
 .ARM.exidx.text._ZN13EthernetClass5beginEPhS0_
                0x00002298        0x8 .\CortexM0\ARM_GCC_473\Release\Ethernet.o
 .ARM.exidx.text._ZN6ServerC2Et
                0x000022a0        0x8 .\CortexM0\ARM_GCC_473\Release\Server.o
 .ARM.exidx.text._ZN6Server5beginEv
                0x000022a8        0x8 .\CortexM0\ARM_GCC_473\Release\Server.o
 .ARM.exidx.text._ZN6Server6acceptEv
                0x000022b0        0x0 .\CortexM0\ARM_GCC_473\Release\Server.o
                                  0x8 (size before relaxing)
 .ARM.exidx.text._ZN6Server9availableEv
                0x000022b0        0x8 .\CortexM0\ARM_GCC_473\Release\Server.o
 .ARM.exidx.text._ZN6Server5writeEh
                0x000022b8       0x10 .\CortexM0\ARM_GCC_473\Release\Server.o
                                  0x8 (size before relaxing)
 .ARM.exidx     0x000022c8       0xa0 c:/program files (x86)/cypress/psoc creator/3.0/psoc creator/import/gnu_cs/arm/4.7.3/bin/../lib/gcc/arm-none-eabi/4.7.3/armv6-m\libgcc.a(unwind-arm.o)
                                 0xd8 (size before relaxing)
 .ARM.exidx     0x00002368       0x38 c:/program files (x86)/cypress/psoc creator/3.0/psoc creator/import/gnu_cs/arm/4.7.3/bin/../lib/gcc/arm-none-eabi/4.7.3/armv6-m\libgcc.a(pr-support.o)
                                 0x48 (size before relaxing)
                0x000023a0                __exidx_end = .

.rodata         0x000023a0       0x90
 *(.rodata .rodata.* .gnu.linkonce.r.*)
 .rodata        0x000023a0       0x10 .\CortexM0\ARM_GCC_473\Release\Client.o
                0x000023a0                vtable for Client
 .rodata.str1.1
                0x000023b0       0x17 .\CortexM0\ARM_GCC_473\Release\main.o
 .rodata        0x000023c7        0x4 .\CortexM0\ARM_GCC_473\Release\Ethernet.o
 *fill*         0x000023cb        0x5 00
 .rodata        0x000023d0       0x10 .\CortexM0\ARM_GCC_473\Release\Server.o
                0x000023d0                vtable for Server
 .rodata        0x000023e0       0x14 c:/program files (x86)/cypress/psoc creator/3.0/psoc creator/import/gnu_cs/arm/4.7.3/bin/../lib/gcc/arm-none-eabi/4.7.3/armv6-m\libgcc.a(unwind-arm.o)
 .rodata.str1.1
                0x000023f4        0x2 c:/program files (x86)/cypress/psoc creator/3.0/psoc creator/import/gnu_cs/arm/4.7.3/bin/../lib/gcc/arm-none-eabi/4.7.3/../../../../arm-none-eabi/lib/armv6-m\libc_s.a(lib_a-impure.o)
                0x000023f8                . = ALIGN (0x4)
 *fill*         0x000023f6        0x2 00
 *(.init)
 .init          0x000023f8        0x4 c:/program files (x86)/cypress/psoc creator/3.0/psoc creator/import/gnu_cs/arm/4.7.3/bin/../lib/gcc/arm-none-eabi/4.7.3/armv6-m/crti.o
                0x000023f8                _init
 .init          0x000023fc        0x8 c:/program files (x86)/cypress/psoc creator/3.0/psoc creator/import/gnu_cs/arm/4.7.3/bin/../lib/gcc/arm-none-eabi/4.7.3/armv6-m/crtn.o
                0x00002404                . = ALIGN (0x4)
                0x00002404                __preinit_array_start = .
 *(.preinit_array)
                0x00002404                __preinit_array_end = .
                0x00002404                . = ALIGN (0x4)
                0x00002404                __init_array_start = .
 *(SORT(.init_array.*))
 *(.init_array)
 .init_array    0x00002404        0x4 c:/program files (x86)/cypress/psoc creator/3.0/psoc creator/import/gnu_cs/arm/4.7.3/bin/../lib/gcc/arm-none-eabi/4.7.3/armv6-m/crtbegin.o
 .init_array    0x00002408        0x4 .\CortexM0\ARM_GCC_473\Release\main.o
 .init_array    0x0000240c        0x4 .\CortexM0\ARM_GCC_473\Release\Cm0Start.o
                0x00002410                __init_array_end = .
                0x00002410                . = ALIGN (0x4)
 *(.fini)
 .fini          0x00002410        0x4 c:/program files (x86)/cypress/psoc creator/3.0/psoc creator/import/gnu_cs/arm/4.7.3/bin/../lib/gcc/arm-none-eabi/4.7.3/armv6-m/crti.o
                0x00002410                _fini
 .fini          0x00002414        0x8 c:/program files (x86)/cypress/psoc creator/3.0/psoc creator/import/gnu_cs/arm/4.7.3/bin/../lib/gcc/arm-none-eabi/4.7.3/armv6-m/crtn.o
                0x0000241c                . = ALIGN (0x4)
                0x0000241c                __fini_array_start = .
 *(.fini_array)
 .fini_array    0x0000241c        0x4 c:/program files (x86)/cypress/psoc creator/3.0/psoc creator/import/gnu_cs/arm/4.7.3/bin/../lib/gcc/arm-none-eabi/4.7.3/armv6-m/crtbegin.o
 *(SORT(.fini_array.*))
                0x00002420                __fini_array_end = .
                0x00002420                . = ALIGN (0x4)
 *crtbegin.o(.ctors)
 *(EXCLUDE_FILE(*crtend.o) .ctors)
 *(SORT(.ctors.*))
 *crtend.o(.ctors)
                0x00002420                . = ALIGN (0x4)
 *crtbegin.o(.dtors)
 *(EXCLUDE_FILE(*crtend.o) .dtors)
 *(SORT(.dtors.*))
 *crtend.o(.dtors)
                0x00002420                . = ALIGN (0x4)
                0x00002420                __cy_regions = .
                0x00002420        0x4 LONG 0x2430 __cy_region_init_ram
                0x00002424        0x4 LONG 0x200000c8 __cy_region_start_data
                0x00002428        0x4 LONG 0x88 __cy_region_init_size_ram
                0x0000242c        0x4 LONG 0x80 __cy_region_zero_size_ram
                0x00002430                __cy_regions_end = .
                0x00002430                . = ALIGN (0x8)
                0x00002430                _etext = .

.ramvectors     0x20000000       0xc0
                0x20000000                __cy_region_start_ram = .
 *(.ramvectors)
 .ramvectors    0x20000000       0xc0 .\CortexM0\ARM_GCC_473\Release\Cm0Start.o
                0x20000000                CyRamVectors

.noinit         0x200000c0        0x4
 *(.noinit)
 .noinit        0x200000c0        0x4 .\CortexM0\ARM_GCC_473\Release\Cm0Start.o

.data           0x200000c8       0x88 load address 0x00002430
                0x200000c8                __cy_region_start_data = .
 *(.jcr)
 .jcr           0x200000c8        0x0 c:/program files (x86)/cypress/psoc creator/3.0/psoc creator/import/gnu_cs/arm/4.7.3/bin/../lib/gcc/arm-none-eabi/4.7.3/armv6-m/crtbegin.o
 .jcr           0x200000c8        0x4 c:/program files (x86)/cypress/psoc creator/3.0/psoc creator/import/gnu_cs/arm/4.7.3/bin/../lib/gcc/arm-none-eabi/4.7.3/armv6-m/crtend.o
 *(.got.plt)
 *(.got)
 *(.shdata)
 *(.data .data.* .gnu.linkonce.d.*)
 .data          0x200000cc        0xa .\CortexM0\ARM_GCC_473\Release\main.o
                0x200000cc                mac
                0x200000d2                ip
 *fill*         0x200000d6        0x2 00
 .data          0x200000d8       0x10 .\CortexM0\ARM_GCC_473\Release\W5100_PSoC4_test.a(CyLib.o)
                0x200000d8                cydelay32kMs
                0x200000dc                cydelayFreqKhz
                0x200000e0                cydelayFreqMhz
                0x200000e4                cydelayFreqHz
 .data.impure_data
                0x200000e8       0x64 c:/program files (x86)/cypress/psoc creator/3.0/psoc creator/import/gnu_cs/arm/4.7.3/bin/../lib/gcc/arm-none-eabi/4.7.3/../../../../arm-none-eabi/lib/armv6-m\libc_s.a(lib_a-impure.o)
 .data._impure_ptr
                0x2000014c        0x4 c:/program files (x86)/cypress/psoc creator/3.0/psoc creator/import/gnu_cs/arm/4.7.3/bin/../lib/gcc/arm-none-eabi/4.7.3/../../../../arm-none-eabi/lib/armv6-m\libc_s.a(lib_a-impure.o)
                0x2000014c                _impure_ptr
                0x20000150                . = ALIGN (0x8)
 *(.ram)
                0x20000150                _edata = .

.igot.plt       0x20000150        0x0 load address 0x000024b8
 .igot.plt      0x00000000        0x0 c:/program files (x86)/cypress/psoc creator/3.0/psoc creator/import/gnu_cs/arm/4.7.3/bin/../lib/gcc/arm-none-eabi/4.7.3/armv6-m/crtbegin.o

.bss            0x20000150       0x80 load address 0x000024b8
                0x20000150                PROVIDE (__bss_start__, .)
 *(.shbss)
 *(.bss .bss.* .gnu.linkonce.b.*)
 .bss           0x20000150       0x1c c:/program files (x86)/cypress/psoc creator/3.0/psoc creator/import/gnu_cs/arm/4.7.3/bin/../lib/gcc/arm-none-eabi/4.7.3/armv6-m/crtbegin.o
 .bss           0x2000016c        0x2 .\CortexM0\ARM_GCC_473\Release\socket.o
 .bss           0x2000016e       0x34 .\CortexM0\ARM_GCC_473\Release\w5100.o
 .bss           0x200001a2        0x6 .\CortexM0\ARM_GCC_473\Release\main.o
                0x200001a2                server
 .bss           0x200001a8        0xe .\CortexM0\ARM_GCC_473\Release\Ethernet.o
                0x200001a8                Ethernet
                0x200001aa                EthernetClass::_server_port
                0x200001b2                EthernetClass::_state
 *fill*         0x200001b6        0x2 00
 .bss           0x200001b8        0x8 .\CortexM0\ARM_GCC_473\Release\W5100_PSoC4_test.a(UART_1.o)
                0x200001b8                UART_1_initVar
                0x200001bc                UART_1_customIntrHandler
 .bss           0x200001c0        0x8 .\CortexM0\ARM_GCC_473\Release\W5100_PSoC4_test.a(SPI.o)
                0x200001c0                SPI_initVar
                0x200001c4                SPI_customIntrHandler
 *(COMMON)
 COMMON         0x200001c8        0x4 c:/program files (x86)/cypress/psoc creator/3.0/psoc creator/import/gnu_cs/arm/4.7.3/bin/../lib/gcc/arm-none-eabi/4.7.3/../../../../arm-none-eabi/lib/armv6-m\libc_s.a(lib_a-reent.o)
                0x200001c8                errno
                0x200001d0                . = ALIGN (0x8)
 *fill*         0x200001cc        0x4 00
 *(.ram.b)
                0x200001d0                _end = .
                0x200001d0                __end = .
                0x200001d0                PROVIDE (end, .)
                0x200001d0                PROVIDE (__bss_end__, .)
                0x00002430                __cy_region_init_ram = LOADADDR (.data)
                0x00000088                __cy_region_init_size_ram = (_edata - ADDR (.data))
                0x00000080                __cy_region_zero_size_ram = (_end - _edata)

.heap           0x200001d0      0x100 load address 0x000024b8
                0x200001d0                . = _end
                0x200002d0                . = (. + 0x100)
 *fill*         0x200001d0      0x100 00
                0x200002d0                __cy_heap_limit = .

.stack          0x20000c00      0x400
                0x20000c00                __cy_stack_limit = .
                0x20001000                . = (. + 0x400)
 *fill*         0x20000c00      0x400 00
                0x00000001                ASSERT ((__cy_stack_limit >= __cy_heap_limit), region RAM overflowed with stack)

.cyloadermeta
 *(.cyloadermeta)

.cyloadablemeta
 *(.cyloadablemeta)

.cyflashprotect
                0x90400000       0x20
 *(.cyflashprotect)
 .cyflashprotect
                0x90400000       0x20 .\CortexM0\ARM_GCC_473\Release\cymetadata.o
                0x90400000                cy_meta_flashprotect

.cymeta         0x90500000        0xc
 *(.cymeta)
 .cymeta        0x90500000        0xc .\CortexM0\ARM_GCC_473\Release\cymetadata.o
                0x90500000                cy_metadata

.cychipprotect  0x90600000        0x1
 *(.cychipprotect)
 .cychipprotect
                0x90600000        0x1 .\CortexM0\ARM_GCC_473\Release\cymetadata.o
                0x90600000                cy_meta_chipprotect

.rel.dyn        0x000024b8        0x0 load address 0x90600004
 .rel.iplt      0x00000000        0x0 c:/program files (x86)/cypress/psoc creator/3.0/psoc creator/import/gnu_cs/arm/4.7.3/bin/../lib/gcc/arm-none-eabi/4.7.3/armv6-m/crtbegin.o

.stab           0x00000000       0x3c
 *(.stab)
 .stab          0x00000000       0x24 c:/program files (x86)/cypress/psoc creator/3.0/psoc creator/import/gnu_cs/arm/4.7.3/bin/../lib/gcc/arm-none-eabi/4.7.3/../../../../arm-none-eabi/lib/armv6-m\libnosys.a(getpid.o)
 .stab          0x00000024       0x18 c:/program files (x86)/cypress/psoc creator/3.0/psoc creator/import/gnu_cs/arm/4.7.3/bin/../lib/gcc/arm-none-eabi/4.7.3/../../../../arm-none-eabi/lib/armv6-m\libnosys.a(kill.o)
                                 0x24 (size before relaxing)

.stabstr        0x00000000       0x76
 *(.stabstr)
 .stabstr       0x00000000       0x76 c:/program files (x86)/cypress/psoc creator/3.0/psoc creator/import/gnu_cs/arm/4.7.3/bin/../lib/gcc/arm-none-eabi/4.7.3/../../../../arm-none-eabi/lib/armv6-m\libnosys.a(getpid.o)

.debug
 *(.debug)

.line
 *(.line)

.debug_srcinfo
 *(.debug_srcinfo)

.debug_sfnames
 *(.debug_sfnames)

.debug_aranges  0x00000000      0x840
 *(.debug_aranges)
 .debug_aranges
                0x00000000       0x68 .\CortexM0\ARM_GCC_473\Release\socket.o
 .debug_aranges
                0x00000068      0x188 .\CortexM0\ARM_GCC_473\Release\w5100.o
 .debug_aranges
                0x000001f0       0x80 .\CortexM0\ARM_GCC_473\Release\Client.o
 .debug_aranges
                0x00000270       0x38 .\CortexM0\ARM_GCC_473\Release\main.o
 .debug_aranges
                0x000002a8       0x30 .\CortexM0\ARM_GCC_473\Release\Ethernet.o
 .debug_aranges
                0x000002d8       0xa8 .\CortexM0\ARM_GCC_473\Release\Print.o
 .debug_aranges
                0x00000380       0x40 .\CortexM0\ARM_GCC_473\Release\Server.o
 .debug_aranges
                0x000003c0       0x58 .\CortexM0\ARM_GCC_473\Release\device_depend.o
 .debug_aranges
                0x00000418       0x18 .\CortexM0\ARM_GCC_473\Release\cymetadata.o
 .debug_aranges
                0x00000430       0x40 .\CortexM0\ARM_GCC_473\Release\Cm0Start.o
 .debug_aranges
                0x00000470       0x20 .\CortexM0\ARM_GCC_473\Release\W5100_PSoC4_test.a(cyfitter_cfg.o)
 .debug_aranges
                0x00000490       0x40 .\CortexM0\ARM_GCC_473\Release\W5100_PSoC4_test.a(UART_1.o)
 .debug_aranges
                0x000004d0       0x50 .\CortexM0\ARM_GCC_473\Release\W5100_PSoC4_test.a(UART_1_UART.o)
 .debug_aranges
                0x00000520      0x198 .\CortexM0\ARM_GCC_473\Release\W5100_PSoC4_test.a(CyLib.o)
 .debug_aranges
                0x000006b8       0x40 .\CortexM0\ARM_GCC_473\Release\W5100_PSoC4_test.a(SPI.o)
 .debug_aranges
                0x000006f8       0x60 .\CortexM0\ARM_GCC_473\Release\W5100_PSoC4_test.a(SPI_SPI_UART.o)
 .debug_aranges
                0x00000758       0x28 .\CortexM0\ARM_GCC_473\Release\W5100_PSoC4_test.a(SPI_SPI.o)
 .debug_aranges
                0x00000780       0x40 .\CortexM0\ARM_GCC_473\Release\W5100_PSoC4_test.a(SPI_CS.o)
 .debug_aranges
                0x000007c0       0x60 .\CortexM0\ARM_GCC_473\Release\W5100_PSoC4_test.a(UART_1_SPI_UART.o)
 .debug_aranges
                0x00000820       0x20 .\CortexM0\ARM_GCC_473\Release\W5100_PSoC4_test.a(CyBootAsmGnu.o)

.debug_pubnames
 *(.debug_pubnames)

.debug_info     0x00000000     0x6811
 *(.debug_info .gnu.linkonce.wi.*)
 .debug_info    0x00000000      0xbdd .\CortexM0\ARM_GCC_473\Release\socket.o
 .debug_info    0x00000bdd     0x166d .\CortexM0\ARM_GCC_473\Release\w5100.o
 .debug_info    0x0000224a      0x810 .\CortexM0\ARM_GCC_473\Release\Client.o
 .debug_info    0x00002a5a      0x472 .\CortexM0\ARM_GCC_473\Release\main.o
 .debug_info    0x00002ecc      0x459 .\CortexM0\ARM_GCC_473\Release\Ethernet.o
 .debug_info    0x00003325      0x904 .\CortexM0\ARM_GCC_473\Release\Print.o
 .debug_info    0x00003c29      0x6e8 .\CortexM0\ARM_GCC_473\Release\Server.o
 .debug_info    0x00004311      0x2e5 .\CortexM0\ARM_GCC_473\Release\device_depend.o
 .debug_info    0x000045f6      0x100 .\CortexM0\ARM_GCC_473\Release\cymetadata.o
 .debug_info    0x000046f6      0x30c .\CortexM0\ARM_GCC_473\Release\Cm0Start.o
 .debug_info    0x00004a02      0x398 .\CortexM0\ARM_GCC_473\Release\W5100_PSoC4_test.a(cyfitter_cfg.o)
 .debug_info    0x00004d9a      0x1c4 .\CortexM0\ARM_GCC_473\Release\W5100_PSoC4_test.a(UART_1.o)
 .debug_info    0x00004f5e      0x2d9 .\CortexM0\ARM_GCC_473\Release\W5100_PSoC4_test.a(UART_1_UART.o)
 .debug_info    0x00005237      0xcb0 .\CortexM0\ARM_GCC_473\Release\W5100_PSoC4_test.a(CyLib.o)
 .debug_info    0x00005ee7      0x1c4 .\CortexM0\ARM_GCC_473\Release\W5100_PSoC4_test.a(SPI.o)
 .debug_info    0x000060ab      0x242 .\CortexM0\ARM_GCC_473\Release\W5100_PSoC4_test.a(SPI_SPI_UART.o)
 .debug_info    0x000062ed       0xf0 .\CortexM0\ARM_GCC_473\Release\W5100_PSoC4_test.a(SPI_SPI.o)
 .debug_info    0x000063dd      0x164 .\CortexM0\ARM_GCC_473\Release\W5100_PSoC4_test.a(SPI_CS.o)
 .debug_info    0x00006541      0x242 .\CortexM0\ARM_GCC_473\Release\W5100_PSoC4_test.a(UART_1_SPI_UART.o)
 .debug_info    0x00006783       0x8e .\CortexM0\ARM_GCC_473\Release\W5100_PSoC4_test.a(CyBootAsmGnu.o)

.debug_abbrev   0x00000000     0x1fc0
 *(.debug_abbrev)
 .debug_abbrev  0x00000000      0x1db .\CortexM0\ARM_GCC_473\Release\socket.o
 .debug_abbrev  0x000001db      0x290 .\CortexM0\ARM_GCC_473\Release\w5100.o
 .debug_abbrev  0x0000046b      0x2b4 .\CortexM0\ARM_GCC_473\Release\Client.o
 .debug_abbrev  0x0000071f      0x244 .\CortexM0\ARM_GCC_473\Release\main.o
 .debug_abbrev  0x00000963      0x1aa .\CortexM0\ARM_GCC_473\Release\Ethernet.o
 .debug_abbrev  0x00000b0d      0x1f5 .\CortexM0\ARM_GCC_473\Release\Print.o
 .debug_abbrev  0x00000d02      0x266 .\CortexM0\ARM_GCC_473\Release\Server.o
 .debug_abbrev  0x00000f68      0x155 .\CortexM0\ARM_GCC_473\Release\device_depend.o
 .debug_abbrev  0x000010bd       0x5d .\CortexM0\ARM_GCC_473\Release\cymetadata.o
 .debug_abbrev  0x0000111a      0x197 .\CortexM0\ARM_GCC_473\Release\Cm0Start.o
 .debug_abbrev  0x000012b1      0x223 .\CortexM0\ARM_GCC_473\Release\W5100_PSoC4_test.a(cyfitter_cfg.o)
 .debug_abbrev  0x000014d4      0x128 .\CortexM0\ARM_GCC_473\Release\W5100_PSoC4_test.a(UART_1.o)
 .debug_abbrev  0x000015fc      0x16e .\CortexM0\ARM_GCC_473\Release\W5100_PSoC4_test.a(UART_1_UART.o)
 .debug_abbrev  0x0000176a      0x2e3 .\CortexM0\ARM_GCC_473\Release\W5100_PSoC4_test.a(CyLib.o)
 .debug_abbrev  0x00001a4d      0x128 .\CortexM0\ARM_GCC_473\Release\W5100_PSoC4_test.a(SPI.o)
 .debug_abbrev  0x00001b75      0x16b .\CortexM0\ARM_GCC_473\Release\W5100_PSoC4_test.a(SPI_SPI_UART.o)
 .debug_abbrev  0x00001ce0       0x8e .\CortexM0\ARM_GCC_473\Release\W5100_PSoC4_test.a(SPI_SPI.o)
 .debug_abbrev  0x00001d6e       0xd3 .\CortexM0\ARM_GCC_473\Release\W5100_PSoC4_test.a(SPI_CS.o)
 .debug_abbrev  0x00001e41      0x16b .\CortexM0\ARM_GCC_473\Release\W5100_PSoC4_test.a(UART_1_SPI_UART.o)
 .debug_abbrev  0x00001fac       0x14 .\CortexM0\ARM_GCC_473\Release\W5100_PSoC4_test.a(CyBootAsmGnu.o)

.debug_line     0x00000000     0x226b
 *(.debug_line)
 .debug_line    0x00000000      0x311 .\CortexM0\ARM_GCC_473\Release\socket.o
 .debug_line    0x00000311      0x576 .\CortexM0\ARM_GCC_473\Release\w5100.o
 .debug_line    0x00000887      0x254 .\CortexM0\ARM_GCC_473\Release\Client.o
 .debug_line    0x00000adb      0x18a .\CortexM0\ARM_GCC_473\Release\main.o
 .debug_line    0x00000c65      0x15c .\CortexM0\ARM_GCC_473\Release\Ethernet.o
 .debug_line    0x00000dc1      0x222 .\CortexM0\ARM_GCC_473\Release\Print.o
 .debug_line    0x00000fe3      0x1e3 .\CortexM0\ARM_GCC_473\Release\Server.o
 .debug_line    0x000011c6      0x13c .\CortexM0\ARM_GCC_473\Release\device_depend.o
 .debug_line    0x00001302       0x53 .\CortexM0\ARM_GCC_473\Release\cymetadata.o
 .debug_line    0x00001355      0x190 .\CortexM0\ARM_GCC_473\Release\Cm0Start.o
 .debug_line    0x000014e5      0x16f .\CortexM0\ARM_GCC_473\Release\W5100_PSoC4_test.a(cyfitter_cfg.o)
 .debug_line    0x00001654       0xd5 .\CortexM0\ARM_GCC_473\Release\W5100_PSoC4_test.a(UART_1.o)
 .debug_line    0x00001729      0x15c .\CortexM0\ARM_GCC_473\Release\W5100_PSoC4_test.a(UART_1_UART.o)
 .debug_line    0x00001885      0x50c .\CortexM0\ARM_GCC_473\Release\W5100_PSoC4_test.a(CyLib.o)
 .debug_line    0x00001d91       0xd1 .\CortexM0\ARM_GCC_473\Release\W5100_PSoC4_test.a(SPI.o)
 .debug_line    0x00001e62      0x126 .\CortexM0\ARM_GCC_473\Release\W5100_PSoC4_test.a(SPI_SPI_UART.o)
 .debug_line    0x00001f88       0x9b .\CortexM0\ARM_GCC_473\Release\W5100_PSoC4_test.a(SPI_SPI.o)
 .debug_line    0x00002023       0xb7 .\CortexM0\ARM_GCC_473\Release\W5100_PSoC4_test.a(SPI_CS.o)
 .debug_line    0x000020da      0x129 .\CortexM0\ARM_GCC_473\Release\W5100_PSoC4_test.a(UART_1_SPI_UART.o)
 .debug_line    0x00002203       0x68 .\CortexM0\ARM_GCC_473\Release\W5100_PSoC4_test.a(CyBootAsmGnu.o)

.debug_frame    0x00000000     0x1cf8
 *(.debug_frame)
 .debug_frame   0x00000000      0x17c .\CortexM0\ARM_GCC_473\Release\socket.o
 .debug_frame   0x0000017c      0x54c .\CortexM0\ARM_GCC_473\Release\w5100.o
 .debug_frame   0x000006c8      0x158 .\CortexM0\ARM_GCC_473\Release\Client.o
 .debug_frame   0x00000820       0x8c .\CortexM0\ARM_GCC_473\Release\main.o
 .debug_frame   0x000008ac       0x78 .\CortexM0\ARM_GCC_473\Release\Ethernet.o
 .debug_frame   0x00000924      0x1f8 .\CortexM0\ARM_GCC_473\Release\Print.o
 .debug_frame   0x00000b1c       0xcc .\CortexM0\ARM_GCC_473\Release\Server.o
 .debug_frame   0x00000be8       0xf0 .\CortexM0\ARM_GCC_473\Release\device_depend.o
 .debug_frame   0x00000cd8       0xa0 .\CortexM0\ARM_GCC_473\Release\Cm0Start.o
 .debug_frame   0x00000d78       0x2c .\CortexM0\ARM_GCC_473\Release\W5100_PSoC4_test.a(cyfitter_cfg.o)
 .debug_frame   0x00000da4       0x78 .\CortexM0\ARM_GCC_473\Release\W5100_PSoC4_test.a(UART_1.o)
 .debug_frame   0x00000e1c       0xbc .\CortexM0\ARM_GCC_473\Release\W5100_PSoC4_test.a(UART_1_UART.o)
 .debug_frame   0x00000ed8      0x408 .\CortexM0\ARM_GCC_473\Release\W5100_PSoC4_test.a(CyLib.o)
 .debug_frame   0x000012e0       0x78 .\CortexM0\ARM_GCC_473\Release\W5100_PSoC4_test.a(SPI.o)
 .debug_frame   0x00001358       0xb8 .\CortexM0\ARM_GCC_473\Release\W5100_PSoC4_test.a(SPI_SPI_UART.o)
 .debug_frame   0x00001410       0x30 .\CortexM0\ARM_GCC_473\Release\W5100_PSoC4_test.a(SPI_SPI.o)
 .debug_frame   0x00001440       0x6c .\CortexM0\ARM_GCC_473\Release\W5100_PSoC4_test.a(SPI_CS.o)
 .debug_frame   0x000014ac       0xb8 .\CortexM0\ARM_GCC_473\Release\W5100_PSoC4_test.a(UART_1_SPI_UART.o)
 .debug_frame   0x00001564       0x20 c:/program files (x86)/cypress/psoc creator/3.0/psoc creator/import/gnu_cs/arm/4.7.3/bin/../lib/gcc/arm-none-eabi/4.7.3/armv6-m\libgcc.a(_udivsi3.o)
 .debug_frame   0x00001584      0x2e0 c:/program files (x86)/cypress/psoc creator/3.0/psoc creator/import/gnu_cs/arm/4.7.3/bin/../lib/gcc/arm-none-eabi/4.7.3/armv6-m\libgcc.a(unwind-arm.o)
 .debug_frame   0x00001864      0x100 c:/program files (x86)/cypress/psoc creator/3.0/psoc creator/import/gnu_cs/arm/4.7.3/bin/../lib/gcc/arm-none-eabi/4.7.3/armv6-m\libgcc.a(pr-support.o)
 .debug_frame   0x00001964       0x28 c:/program files (x86)/cypress/psoc creator/3.0/psoc creator/import/gnu_cs/arm/4.7.3/bin/../lib/gcc/arm-none-eabi/4.7.3/../../../../arm-none-eabi/lib/armv6-m\libc_s.a(lib_a-__atexit2.o)
 .debug_frame   0x0000198c       0x28 c:/program files (x86)/cypress/psoc creator/3.0/psoc creator/import/gnu_cs/arm/4.7.3/bin/../lib/gcc/arm-none-eabi/4.7.3/../../../../arm-none-eabi/lib/armv6-m\libc_s.a(lib_a-abort.o)
 .debug_frame   0x000019b4       0x28 c:/program files (x86)/cypress/psoc creator/3.0/psoc creator/import/gnu_cs/arm/4.7.3/bin/../lib/gcc/arm-none-eabi/4.7.3/../../../../arm-none-eabi/lib/armv6-m\libc_s.a(lib_a-exit.o)
 .debug_frame   0x000019dc       0x2c c:/program files (x86)/cypress/psoc creator/3.0/psoc creator/import/gnu_cs/arm/4.7.3/bin/../lib/gcc/arm-none-eabi/4.7.3/../../../../arm-none-eabi/lib/armv6-m\libc_s.a(lib_a-fini.o)
 .debug_frame   0x00001a08       0x2c c:/program files (x86)/cypress/psoc creator/3.0/psoc creator/import/gnu_cs/arm/4.7.3/bin/../lib/gcc/arm-none-eabi/4.7.3/../../../../arm-none-eabi/lib/armv6-m\libc_s.a(lib_a-init.o)
 .debug_frame   0x00001a34       0x28 c:/program files (x86)/cypress/psoc creator/3.0/psoc creator/import/gnu_cs/arm/4.7.3/bin/../lib/gcc/arm-none-eabi/4.7.3/../../../../arm-none-eabi/lib/armv6-m\libc_s.a(lib_a-memcpy.o)
 .debug_frame   0x00001a5c       0x28 c:/program files (x86)/cypress/psoc creator/3.0/psoc creator/import/gnu_cs/arm/4.7.3/bin/../lib/gcc/arm-none-eabi/4.7.3/../../../../arm-none-eabi/lib/armv6-m\libc_s.a(lib_a-memset.o)
 .debug_frame   0x00001a84       0xe0 c:/program files (x86)/cypress/psoc creator/3.0/psoc creator/import/gnu_cs/arm/4.7.3/bin/../lib/gcc/arm-none-eabi/4.7.3/../../../../arm-none-eabi/lib/armv6-m\libc_s.a(lib_a-signal.o)
 .debug_frame   0x00001b64       0x44 c:/program files (x86)/cypress/psoc creator/3.0/psoc creator/import/gnu_cs/arm/4.7.3/bin/../lib/gcc/arm-none-eabi/4.7.3/../../../../arm-none-eabi/lib/armv6-m\libc_s.a(lib_a-signalr.o)
 .debug_frame   0x00001ba8       0x2c c:/program files (x86)/cypress/psoc creator/3.0/psoc creator/import/gnu_cs/arm/4.7.3/bin/../lib/gcc/arm-none-eabi/4.7.3/../../../../arm-none-eabi/lib/armv6-m\libc_s.a(lib_a-mallocr.o)
 .debug_frame   0x00001bd4       0x64 c:/program files (x86)/cypress/psoc creator/3.0/psoc creator/import/gnu_cs/arm/4.7.3/bin/../lib/gcc/arm-none-eabi/4.7.3/../../../../arm-none-eabi/lib/armv6-m\libc_s.a(lib_a-reent.o)
 .debug_frame   0x00001c38       0x2c c:/program files (x86)/cypress/psoc creator/3.0/psoc creator/import/gnu_cs/arm/4.7.3/bin/../lib/gcc/arm-none-eabi/4.7.3/../../../../arm-none-eabi/lib/armv6-m\libc_s.a(lib_a-sbrkr.o)
 .debug_frame   0x00001c64       0x2c c:/program files (x86)/cypress/psoc creator/3.0/psoc creator/import/gnu_cs/arm/4.7.3/bin/../lib/gcc/arm-none-eabi/4.7.3/../../../../arm-none-eabi/lib/armv6-m\libc_s.a(lib_a-freer.o)
 .debug_frame   0x00001c90       0x20 c:/program files (x86)/cypress/psoc creator/3.0/psoc creator/import/gnu_cs/arm/4.7.3/bin/../lib/gcc/arm-none-eabi/4.7.3/../../../../arm-none-eabi/lib/armv6-m\libnosys.a(getpid.o)
 .debug_frame   0x00001cb0       0x20 c:/program files (x86)/cypress/psoc creator/3.0/psoc creator/import/gnu_cs/arm/4.7.3/bin/../lib/gcc/arm-none-eabi/4.7.3/../../../../arm-none-eabi/lib/armv6-m\libnosys.a(kill.o)
 .debug_frame   0x00001cd0       0x28 c:/program files (x86)/cypress/psoc creator/3.0/psoc creator/import/gnu_cs/arm/4.7.3/bin/../lib/gcc/arm-none-eabi/4.7.3/../../../../arm-none-eabi/lib/armv6-m\libnosys.a(sbrk.o)

.debug_str      0x00000000     0x1760
 *(.debug_str)
 .debug_str     0x00000000      0x1fc .\CortexM0\ARM_GCC_473\Release\socket.o
                                0x24d (size before relaxing)
 .debug_str     0x000001fc      0x291 .\CortexM0\ARM_GCC_473\Release\w5100.o
                                0x45e (size before relaxing)
 .debug_str     0x0000048d      0x1b5 .\CortexM0\ARM_GCC_473\Release\Client.o
                                0x30b (size before relaxing)
 .debug_str     0x00000642      0x187 .\CortexM0\ARM_GCC_473\Release\main.o
                                0x30e (size before relaxing)
 .debug_str     0x000007c9       0x62 .\CortexM0\ARM_GCC_473\Release\Ethernet.o
                                0x268 (size before relaxing)
 .debug_str     0x0000082b      0x189 .\CortexM0\ARM_GCC_473\Release\Print.o
                                0x2bd (size before relaxing)
 .debug_str     0x000009b4       0x41 .\CortexM0\ARM_GCC_473\Release\Server.o
                                0x27b (size before relaxing)
 .debug_str     0x000009f5       0xb7 .\CortexM0\ARM_GCC_473\Release\device_depend.o
                                0x24b (size before relaxing)
 .debug_str     0x00000aac       0x5b .\CortexM0\ARM_GCC_473\Release\cymetadata.o
                                0x187 (size before relaxing)
 .debug_str     0x00000b07      0x123 .\CortexM0\ARM_GCC_473\Release\Cm0Start.o
                                0x274 (size before relaxing)
 .debug_str     0x00000c2a      0x11d .\CortexM0\ARM_GCC_473\Release\W5100_PSoC4_test.a(cyfitter_cfg.o)
                                0x284 (size before relaxing)
 .debug_str     0x00000d47       0xce .\CortexM0\ARM_GCC_473\Release\W5100_PSoC4_test.a(UART_1.o)
                                0x221 (size before relaxing)
 .debug_str     0x00000e15      0x14f .\CortexM0\ARM_GCC_473\Release\W5100_PSoC4_test.a(UART_1_UART.o)
                                0x2b5 (size before relaxing)
 .debug_str     0x00000f64      0x504 .\CortexM0\ARM_GCC_473\Release\W5100_PSoC4_test.a(CyLib.o)
                                0x683 (size before relaxing)
 .debug_str     0x00001468       0xaa .\CortexM0\ARM_GCC_473\Release\W5100_PSoC4_test.a(SPI.o)
                                0x1ff (size before relaxing)
 .debug_str     0x00001512       0xc9 .\CortexM0\ARM_GCC_473\Release\W5100_PSoC4_test.a(SPI_SPI_UART.o)
                                0x275 (size before relaxing)
 .debug_str     0x000015db       0x54 .\CortexM0\ARM_GCC_473\Release\W5100_PSoC4_test.a(SPI_SPI.o)
                                0x193 (size before relaxing)
 .debug_str     0x0000162f       0x7e .\CortexM0\ARM_GCC_473\Release\W5100_PSoC4_test.a(SPI_CS.o)
                                0x1c6 (size before relaxing)
 .debug_str     0x000016ad       0xb3 .\CortexM0\ARM_GCC_473\Release\W5100_PSoC4_test.a(UART_1_SPI_UART.o)
                                0x293 (size before relaxing)

.debug_loc      0x00000000     0x3e44
 *(.debug_loc)
 .debug_loc     0x00000000      0x7d2 .\CortexM0\ARM_GCC_473\Release\socket.o
 .debug_loc     0x000007d2     0x1334 .\CortexM0\ARM_GCC_473\Release\w5100.o
 .debug_loc     0x00001b06      0x3a4 .\CortexM0\ARM_GCC_473\Release\Client.o
 .debug_loc     0x00001eaa       0x93 .\CortexM0\ARM_GCC_473\Release\main.o
 .debug_loc     0x00001f3d      0x217 .\CortexM0\ARM_GCC_473\Release\Ethernet.o
 .debug_loc     0x00002154      0x66f .\CortexM0\ARM_GCC_473\Release\Print.o
 .debug_loc     0x000027c3      0x270 .\CortexM0\ARM_GCC_473\Release\Server.o
 .debug_loc     0x00002a33      0x163 .\CortexM0\ARM_GCC_473\Release\device_depend.o
 .debug_loc     0x00002b96      0x1e7 .\CortexM0\ARM_GCC_473\Release\Cm0Start.o
 .debug_loc     0x00002d7d       0xae .\CortexM0\ARM_GCC_473\Release\W5100_PSoC4_test.a(cyfitter_cfg.o)
 .debug_loc     0x00002e2b       0x40 .\CortexM0\ARM_GCC_473\Release\W5100_PSoC4_test.a(UART_1.o)
 .debug_loc     0x00002e6b      0x1d2 .\CortexM0\ARM_GCC_473\Release\W5100_PSoC4_test.a(UART_1_UART.o)
 .debug_loc     0x0000303d      0xb08 .\CortexM0\ARM_GCC_473\Release\W5100_PSoC4_test.a(CyLib.o)
 .debug_loc     0x00003b45       0x40 .\CortexM0\ARM_GCC_473\Release\W5100_PSoC4_test.a(SPI.o)
 .debug_loc     0x00003b85       0xf9 .\CortexM0\ARM_GCC_473\Release\W5100_PSoC4_test.a(SPI_SPI_UART.o)
 .debug_loc     0x00003c7e       0x4a .\CortexM0\ARM_GCC_473\Release\W5100_PSoC4_test.a(SPI_SPI.o)
 .debug_loc     0x00003cc8       0x83 .\CortexM0\ARM_GCC_473\Release\W5100_PSoC4_test.a(SPI_CS.o)
 .debug_loc     0x00003d4b       0xf9 .\CortexM0\ARM_GCC_473\Release\W5100_PSoC4_test.a(UART_1_SPI_UART.o)

.debug_macinfo
 *(.debug_macinfo)

.debug_ranges   0x00000000      0x8d0
 *(.debug_ranges)
 .debug_ranges  0x00000000       0x58 .\CortexM0\ARM_GCC_473\Release\socket.o
 .debug_ranges  0x00000058      0x178 .\CortexM0\ARM_GCC_473\Release\w5100.o
 .debug_ranges  0x000001d0       0x70 .\CortexM0\ARM_GCC_473\Release\Client.o
 .debug_ranges  0x00000240       0x28 .\CortexM0\ARM_GCC_473\Release\main.o
 .debug_ranges  0x00000268       0x58 .\CortexM0\ARM_GCC_473\Release\Ethernet.o
 .debug_ranges  0x000002c0       0xb0 .\CortexM0\ARM_GCC_473\Release\Print.o
 .debug_ranges  0x00000370       0xc0 .\CortexM0\ARM_GCC_473\Release\Server.o
 .debug_ranges  0x00000430       0x48 .\CortexM0\ARM_GCC_473\Release\device_depend.o
 .debug_ranges  0x00000478       0x48 .\CortexM0\ARM_GCC_473\Release\Cm0Start.o
 .debug_ranges  0x000004c0       0x98 .\CortexM0\ARM_GCC_473\Release\W5100_PSoC4_test.a(cyfitter_cfg.o)
 .debug_ranges  0x00000558       0x30 .\CortexM0\ARM_GCC_473\Release\W5100_PSoC4_test.a(UART_1.o)
 .debug_ranges  0x00000588       0x40 .\CortexM0\ARM_GCC_473\Release\W5100_PSoC4_test.a(UART_1_UART.o)
 .debug_ranges  0x000005c8      0x1f0 .\CortexM0\ARM_GCC_473\Release\W5100_PSoC4_test.a(CyLib.o)
 .debug_ranges  0x000007b8       0x30 .\CortexM0\ARM_GCC_473\Release\W5100_PSoC4_test.a(SPI.o)
 .debug_ranges  0x000007e8       0x50 .\CortexM0\ARM_GCC_473\Release\W5100_PSoC4_test.a(SPI_SPI_UART.o)
 .debug_ranges  0x00000838       0x18 .\CortexM0\ARM_GCC_473\Release\W5100_PSoC4_test.a(SPI_SPI.o)
 .debug_ranges  0x00000850       0x30 .\CortexM0\ARM_GCC_473\Release\W5100_PSoC4_test.a(SPI_CS.o)
 .debug_ranges  0x00000880       0x50 .\CortexM0\ARM_GCC_473\Release\W5100_PSoC4_test.a(UART_1_SPI_UART.o)

.comment        0x00000000       0x70
 .comment       0x00000000       0x70 .\CortexM0\ARM_GCC_473\Release\socket.o
                                 0x71 (size before relaxing)
 .comment       0x00000000       0x71 .\CortexM0\ARM_GCC_473\Release\w5100.o
 .comment       0x00000000       0x71 .\CortexM0\ARM_GCC_473\Release\Client.o
 .comment       0x00000000       0x71 .\CortexM0\ARM_GCC_473\Release\main.o
 .comment       0x00000000       0x71 .\CortexM0\ARM_GCC_473\Release\Ethernet.o
 .comment       0x00000000       0x71 .\CortexM0\ARM_GCC_473\Release\Print.o
 .comment       0x00000000       0x71 .\CortexM0\ARM_GCC_473\Release\Server.o
 .comment       0x00000000       0x71 .\CortexM0\ARM_GCC_473\Release\device_depend.o
 .comment       0x00000000       0x71 .\CortexM0\ARM_GCC_473\Release\cymetadata.o
 .comment       0x00000000       0x71 .\CortexM0\ARM_GCC_473\Release\Cm0Start.o
 .comment       0x00000000       0x71 .\CortexM0\ARM_GCC_473\Release\W5100_PSoC4_test.a(cyfitter_cfg.o)
 .comment       0x00000000       0x71 .\CortexM0\ARM_GCC_473\Release\W5100_PSoC4_test.a(UART_1.o)
 .comment       0x00000000       0x71 .\CortexM0\ARM_GCC_473\Release\W5100_PSoC4_test.a(UART_1_UART.o)
 .comment       0x00000000       0x71 .\CortexM0\ARM_GCC_473\Release\W5100_PSoC4_test.a(CyLib.o)
 .comment       0x00000000       0x71 .\CortexM0\ARM_GCC_473\Release\W5100_PSoC4_test.a(SPI.o)
 .comment       0x00000000       0x71 .\CortexM0\ARM_GCC_473\Release\W5100_PSoC4_test.a(SPI_SPI_UART.o)
 .comment       0x00000000       0x71 .\CortexM0\ARM_GCC_473\Release\W5100_PSoC4_test.a(SPI_SPI.o)
 .comment       0x00000000       0x71 .\CortexM0\ARM_GCC_473\Release\W5100_PSoC4_test.a(SPI_CS.o)
 .comment       0x00000000       0x71 .\CortexM0\ARM_GCC_473\Release\W5100_PSoC4_test.a(UART_1_SPI_UART.o)

.debug_weaknames
 *(.debug_weaknames)

.debug_funcnames
 *(.debug_funcnames)

.debug_typenames
 *(.debug_typenames)

.debug_varnames
 *(.debug_varnames)

.note.gnu.arm.ident
 *(.note.gnu.arm.ident)

.ARM.attributes
                0x00000000       0x28
 *(.ARM.attributes)
 .ARM.attributes
                0x00000000       0x1e c:/program files (x86)/cypress/psoc creator/3.0/psoc creator/import/gnu_cs/arm/4.7.3/bin/../lib/gcc/arm-none-eabi/4.7.3/armv6-m/crti.o
 .ARM.attributes
                0x0000001e       0x2c c:/program files (x86)/cypress/psoc creator/3.0/psoc creator/import/gnu_cs/arm/4.7.3/bin/../lib/gcc/arm-none-eabi/4.7.3/armv6-m/crtbegin.o
 .ARM.attributes
                0x0000004a       0x1c c:/program files (x86)/cypress/psoc creator/3.0/psoc creator/import/gnu_cs/arm/4.7.3/bin/../lib/gcc/arm-none-eabi/4.7.3/../../../../arm-none-eabi/lib/armv6-m/crt0.o
 .ARM.attributes
                0x00000066       0x31 .\CortexM0\ARM_GCC_473\Release\socket.o
 .ARM.attributes
                0x00000097       0x31 .\CortexM0\ARM_GCC_473\Release\w5100.o
 .ARM.attributes
                0x000000c8       0x31 .\CortexM0\ARM_GCC_473\Release\Client.o
 .ARM.attributes
                0x000000f9       0x31 .\CortexM0\ARM_GCC_473\Release\main.o
 .ARM.attributes
                0x0000012a       0x31 .\CortexM0\ARM_GCC_473\Release\Ethernet.o
 .ARM.attributes
                0x0000015b       0x31 .\CortexM0\ARM_GCC_473\Release\Print.o
 .ARM.attributes
                0x0000018c       0x31 .\CortexM0\ARM_GCC_473\Release\Server.o
 .ARM.attributes
                0x000001bd       0x31 .\CortexM0\ARM_GCC_473\Release\device_depend.o
 .ARM.attributes
                0x000001ee       0x31 .\CortexM0\ARM_GCC_473\Release\cymetadata.o
 .ARM.attributes
                0x0000021f       0x31 .\CortexM0\ARM_GCC_473\Release\Cm0Start.o
 .ARM.attributes
                0x00000250       0x31 .\CortexM0\ARM_GCC_473\Release\W5100_PSoC4_test.a(cyfitter_cfg.o)
 .ARM.attributes
                0x00000281       0x31 .\CortexM0\ARM_GCC_473\Release\W5100_PSoC4_test.a(UART_1.o)
 .ARM.attributes
                0x000002b2       0x31 .\CortexM0\ARM_GCC_473\Release\W5100_PSoC4_test.a(UART_1_UART.o)
 .ARM.attributes
                0x000002e3       0x31 .\CortexM0\ARM_GCC_473\Release\W5100_PSoC4_test.a(CyLib.o)
 .ARM.attributes
                0x00000314       0x31 .\CortexM0\ARM_GCC_473\Release\W5100_PSoC4_test.a(SPI.o)
 .ARM.attributes
                0x00000345       0x31 .\CortexM0\ARM_GCC_473\Release\W5100_PSoC4_test.a(SPI_SPI_UART.o)
 .ARM.attributes
                0x00000376       0x31 .\CortexM0\ARM_GCC_473\Release\W5100_PSoC4_test.a(SPI_SPI.o)
 .ARM.attributes
                0x000003a7       0x31 .\CortexM0\ARM_GCC_473\Release\W5100_PSoC4_test.a(SPI_CS.o)
 .ARM.attributes
                0x000003d8       0x31 .\CortexM0\ARM_GCC_473\Release\W5100_PSoC4_test.a(UART_1_SPI_UART.o)
 .ARM.attributes
                0x00000409       0x21 .\CortexM0\ARM_GCC_473\Release\W5100_PSoC4_test.a(CyBootAsmGnu.o)
 .ARM.attributes
                0x0000042a       0x1e c:/program files (x86)/cypress/psoc creator/3.0/psoc creator/import/gnu_cs/arm/4.7.3/bin/../lib/gcc/arm-none-eabi/4.7.3/armv6-m\libgcc.a(_udivsi3.o)
 .ARM.attributes
                0x00000448       0x1e c:/program files (x86)/cypress/psoc creator/3.0/psoc creator/import/gnu_cs/arm/4.7.3/bin/../lib/gcc/arm-none-eabi/4.7.3/armv6-m\libgcc.a(_dvmd_tls.o)
 .ARM.attributes
                0x00000466       0x2c c:/program files (x86)/cypress/psoc creator/3.0/psoc creator/import/gnu_cs/arm/4.7.3/bin/../lib/gcc/arm-none-eabi/4.7.3/armv6-m\libgcc.a(unwind-arm.o)
 .ARM.attributes
                0x00000492       0x1e c:/program files (x86)/cypress/psoc creator/3.0/psoc creator/import/gnu_cs/arm/4.7.3/bin/../lib/gcc/arm-none-eabi/4.7.3/armv6-m\libgcc.a(libunwind.o)
 .ARM.attributes
                0x000004b0       0x2c c:/program files (x86)/cypress/psoc creator/3.0/psoc creator/import/gnu_cs/arm/4.7.3/bin/../lib/gcc/arm-none-eabi/4.7.3/armv6-m\libgcc.a(pr-support.o)
 .ARM.attributes
                0x000004dc       0x2c c:/program files (x86)/cypress/psoc creator/3.0/psoc creator/import/gnu_cs/arm/4.7.3/bin/../lib/gcc/arm-none-eabi/4.7.3/../../../../arm-none-eabi/lib/armv6-m\libc_s.a(lib_a-__atexit2.o)
 .ARM.attributes
                0x00000508       0x2c c:/program files (x86)/cypress/psoc creator/3.0/psoc creator/import/gnu_cs/arm/4.7.3/bin/../lib/gcc/arm-none-eabi/4.7.3/../../../../arm-none-eabi/lib/armv6-m\libc_s.a(lib_a-abort.o)
 .ARM.attributes
                0x00000534       0x2c c:/program files (x86)/cypress/psoc creator/3.0/psoc creator/import/gnu_cs/arm/4.7.3/bin/../lib/gcc/arm-none-eabi/4.7.3/../../../../arm-none-eabi/lib/armv6-m\libc_s.a(lib_a-exit.o)
 .ARM.attributes
                0x00000560       0x2c c:/program files (x86)/cypress/psoc creator/3.0/psoc creator/import/gnu_cs/arm/4.7.3/bin/../lib/gcc/arm-none-eabi/4.7.3/../../../../arm-none-eabi/lib/armv6-m\libc_s.a(lib_a-fini.o)
 .ARM.attributes
                0x0000058c       0x2c c:/program files (x86)/cypress/psoc creator/3.0/psoc creator/import/gnu_cs/arm/4.7.3/bin/../lib/gcc/arm-none-eabi/4.7.3/../../../../arm-none-eabi/lib/armv6-m\libc_s.a(lib_a-impure.o)
 .ARM.attributes
                0x000005b8       0x2c c:/program files (x86)/cypress/psoc creator/3.0/psoc creator/import/gnu_cs/arm/4.7.3/bin/../lib/gcc/arm-none-eabi/4.7.3/../../../../arm-none-eabi/lib/armv6-m\libc_s.a(lib_a-init.o)
 .ARM.attributes
                0x000005e4       0x2c c:/program files (x86)/cypress/psoc creator/3.0/psoc creator/import/gnu_cs/arm/4.7.3/bin/../lib/gcc/arm-none-eabi/4.7.3/../../../../arm-none-eabi/lib/armv6-m\libc_s.a(lib_a-memcpy.o)
 .ARM.attributes
                0x00000610       0x2c c:/program files (x86)/cypress/psoc creator/3.0/psoc creator/import/gnu_cs/arm/4.7.3/bin/../lib/gcc/arm-none-eabi/4.7.3/../../../../arm-none-eabi/lib/armv6-m\libc_s.a(lib_a-memset.o)
 .ARM.attributes
                0x0000063c       0x2c c:/program files (x86)/cypress/psoc creator/3.0/psoc creator/import/gnu_cs/arm/4.7.3/bin/../lib/gcc/arm-none-eabi/4.7.3/../../../../arm-none-eabi/lib/armv6-m\libc_s.a(lib_a-signal.o)
 .ARM.attributes
                0x00000668       0x2c c:/program files (x86)/cypress/psoc creator/3.0/psoc creator/import/gnu_cs/arm/4.7.3/bin/../lib/gcc/arm-none-eabi/4.7.3/../../../../arm-none-eabi/lib/armv6-m\libc_s.a(lib_a-signalr.o)
 .ARM.attributes
                0x00000694       0x2c c:/program files (x86)/cypress/psoc creator/3.0/psoc creator/import/gnu_cs/arm/4.7.3/bin/../lib/gcc/arm-none-eabi/4.7.3/../../../../arm-none-eabi/lib/armv6-m\libc_s.a(lib_a-mallocr.o)
 .ARM.attributes
                0x000006c0       0x2c c:/program files (x86)/cypress/psoc creator/3.0/psoc creator/import/gnu_cs/arm/4.7.3/bin/../lib/gcc/arm-none-eabi/4.7.3/../../../../arm-none-eabi/lib/armv6-m\libc_s.a(lib_a-reent.o)
 .ARM.attributes
                0x000006ec       0x2c c:/program files (x86)/cypress/psoc creator/3.0/psoc creator/import/gnu_cs/arm/4.7.3/bin/../lib/gcc/arm-none-eabi/4.7.3/../../../../arm-none-eabi/lib/armv6-m\libc_s.a(lib_a-sbrkr.o)
 .ARM.attributes
                0x00000718       0x2c c:/program files (x86)/cypress/psoc creator/3.0/psoc creator/import/gnu_cs/arm/4.7.3/bin/../lib/gcc/arm-none-eabi/4.7.3/../../../../arm-none-eabi/lib/armv6-m\libc_s.a(lib_a-freer.o)
 .ARM.attributes
                0x00000744       0x2c c:/program files (x86)/cypress/psoc creator/3.0/psoc creator/import/gnu_cs/arm/4.7.3/bin/../lib/gcc/arm-none-eabi/4.7.3/armv6-m/crtend.o
 .ARM.attributes
                0x00000770       0x1e c:/program files (x86)/cypress/psoc creator/3.0/psoc creator/import/gnu_cs/arm/4.7.3/bin/../lib/gcc/arm-none-eabi/4.7.3/armv6-m/crtn.o
 .ARM.attributes
                0x0000078e       0x2c c:/program files (x86)/cypress/psoc creator/3.0/psoc creator/import/gnu_cs/arm/4.7.3/bin/../lib/gcc/arm-none-eabi/4.7.3/../../../../arm-none-eabi/lib/armv6-m\libnosys.a(getpid.o)
 .ARM.attributes
                0x000007ba       0x2c c:/program files (x86)/cypress/psoc creator/3.0/psoc creator/import/gnu_cs/arm/4.7.3/bin/../lib/gcc/arm-none-eabi/4.7.3/../../../../arm-none-eabi/lib/armv6-m\libnosys.a(kill.o)
 .ARM.attributes
                0x000007e6       0x2c c:/program files (x86)/cypress/psoc creator/3.0/psoc creator/import/gnu_cs/arm/4.7.3/bin/../lib/gcc/arm-none-eabi/4.7.3/../../../../arm-none-eabi/lib/armv6-m\libnosys.a(sbrk.o)

/DISCARD/
 *(.note.GNU-stack)
OUTPUT(.\CortexM0\ARM_GCC_473\Release\W5100_PSoC4_test.elf elf32-littlearm)
